May  6 21:49:42 stmartin syslogd 1.5.1: restart.
May  6 21:49:42 stmartin kernel: klogd 1.5.1, log source = /proc/kmsg started.
May  6 21:49:42 stmartin kernel: Cannot find map file.
May  6 21:49:42 stmartin kernel: Loaded 50368 symbols from 1 module.
May  6 21:49:42 stmartin kernel: [    0.000000] Linux version 5.1.0-rc7-thor_kernel-dirty (root@stmartin) (gcc version 8.2.0 (GCC)) #5 SMP Mon May 6 21:48:43 CEST 2019
May  6 21:49:42 stmartin kernel: [    0.000000] Command line: BOOT_IMAGE=(hd0,1)/vmlinuz-v5.1-stmartin root=/dev/sda2 ro
May  6 21:49:42 stmartin kernel: [    0.000000] x86/fpu: Supporting XSAVE feature 0x001: 'x87 floating point registers'
May  6 21:49:42 stmartin kernel: [    0.000000] x86/fpu: Supporting XSAVE feature 0x002: 'SSE registers'
May  6 21:49:42 stmartin kernel: [    0.000000] x86/fpu: Supporting XSAVE feature 0x004: 'AVX registers'
May  6 21:49:42 stmartin kernel: [    0.000000] x86/fpu: xstate_offset[2]:  576, xstate_sizes[2]:  256
May  6 21:49:42 stmartin kernel: [    0.000000] x86/fpu: Enabled xstate features 0x7, context size is 832 bytes, using 'standard' format.
May  6 21:49:42 stmartin kernel: [    0.000000] BIOS-provided physical RAM map:
May  6 21:49:42 stmartin kernel: [    0.000000] BIOS-e820: [mem 0x0000000000000000-0x000000000009fbff] usable
May  6 21:49:42 stmartin kernel: [    0.000000] BIOS-e820: [mem 0x000000000009fc00-0x000000000009ffff] reserved
May  6 21:49:42 stmartin kernel: [    0.000000] BIOS-e820: [mem 0x00000000000f0000-0x00000000000fffff] reserved
May  6 21:49:42 stmartin kernel: [    0.000000] BIOS-e820: [mem 0x0000000000100000-0x00000000dffeffff] usable
May  6 21:49:42 stmartin kernel: [    0.000000] BIOS-e820: [mem 0x00000000dfff0000-0x00000000dfffffff] ACPI data
May  6 21:49:42 stmartin kernel: [    0.000000] BIOS-e820: [mem 0x00000000fec00000-0x00000000fec00fff] reserved
May  6 21:49:42 stmartin kernel: [    0.000000] BIOS-e820: [mem 0x00000000fee00000-0x00000000fee00fff] reserved
May  6 21:49:42 stmartin kernel: [    0.000000] BIOS-e820: [mem 0x00000000fffc0000-0x00000000ffffffff] reserved
May  6 21:49:42 stmartin kernel: [    0.000000] BIOS-e820: [mem 0x0000000100000000-0x000000011fffffff] usable
May  6 21:49:42 stmartin kernel: [    0.000000] NX (Execute Disable) protection: active
May  6 21:49:42 stmartin kernel: [    0.000000] SMBIOS 2.5 present.
May  6 21:49:42 stmartin kernel: [    0.000000] DMI: innotek GmbH VirtualBox/VirtualBox, BIOS VirtualBox 12/01/2006
May  6 21:49:42 stmartin kernel: [    0.000000] tsc: Fast TSC calibration failed
May  6 21:49:42 stmartin kernel: [    0.000000] e820: update [mem 0x00000000-0x00000fff] usable ==> reserved
May  6 21:49:42 stmartin kernel: [    0.000000] e820: remove [mem 0x000a0000-0x000fffff] usable
May  6 21:49:42 stmartin kernel: [    0.000000] last_pfn = 0x120000 max_arch_pfn = 0x400000000
May  6 21:49:42 stmartin kernel: [    0.000000] MTRR default type: uncachable
May  6 21:49:42 stmartin kernel: [    0.000000] MTRR variable ranges disabled:
May  6 21:49:42 stmartin kernel: [    0.000000] Disabled
May  6 21:49:42 stmartin kernel: [    0.000000] x86/PAT: MTRRs disabled, skipping PAT initialization too.
May  6 21:49:42 stmartin kernel: [    0.000000] CPU MTRRs all blank - virtualized system.
May  6 21:49:42 stmartin kernel: [    0.000000] x86/PAT: Configuration [0-7]: WB  WT  UC- UC  WB  WT  UC- UC  
May  6 21:49:42 stmartin kernel: [    0.000000] last_pfn = 0xdfff0 max_arch_pfn = 0x400000000
May  6 21:49:42 stmartin kernel: [    0.000000] found SMP MP-table at [mem 0x0009fff0-0x0009ffff]
May  6 21:49:42 stmartin kernel: [    0.000000] check: Scanning 1 areas for low memory corruption
May  6 21:49:42 stmartin kernel: [    0.000000] BRK [0x5de01000, 0x5de01fff] PGTABLE
May  6 21:49:42 stmartin kernel: [    0.000000] BRK [0x5de02000, 0x5de02fff] PGTABLE
May  6 21:49:42 stmartin kernel: [    0.000000] BRK [0x5de03000, 0x5de03fff] PGTABLE
May  6 21:49:42 stmartin kernel: [    0.000000] BRK [0x5de04000, 0x5de04fff] PGTABLE
May  6 21:49:42 stmartin kernel: [    0.000000] BRK [0x5de05000, 0x5de05fff] PGTABLE
May  6 21:49:42 stmartin kernel: [    0.000000] ACPI: Early table checksum verification disabled
May  6 21:49:42 stmartin kernel: [    0.000000] ACPI: RSDP 0x00000000000E0000 000024 (v02 VBOX  )
May  6 21:49:42 stmartin kernel: [    0.000000] ACPI: XSDT 0x00000000DFFF0030 00003C (v01 VBOX   VBOXXSDT 00000001 ASL  00000061)
May  6 21:49:42 stmartin kernel: [    0.000000] ACPI: FACP 0x00000000DFFF00F0 0000F4 (v04 VBOX   VBOXFACP 00000001 ASL  00000061)
May  6 21:49:42 stmartin kernel: [    0.000000] ACPI: DSDT 0x00000000DFFF0480 0021FF (v02 VBOX   VBOXBIOS 00000002 INTL 20100528)
May  6 21:49:42 stmartin kernel: [    0.000000] ACPI: FACS 0x00000000DFFF0200 000040
May  6 21:49:42 stmartin kernel: [    0.000000] ACPI: FACS 0x00000000DFFF0200 000040
May  6 21:49:42 stmartin kernel: [    0.000000] ACPI: APIC 0x00000000DFFF0240 00006C (v02 VBOX   VBOXAPIC 00000001 ASL  00000061)
May  6 21:49:42 stmartin kernel: [    0.000000] ACPI: SSDT 0x00000000DFFF02B0 0001CC (v01 VBOX   VBOXCPUT 00000002 INTL 20100528)
May  6 21:49:42 stmartin kernel: [    0.000000] ACPI: Local APIC address 0xfee00000
May  6 21:49:42 stmartin kernel: [    0.000000] No NUMA configuration found
May  6 21:49:42 stmartin kernel: [    0.000000] Faking a node at [mem 0x0000000000000000-0x000000011fffffff]
May  6 21:49:42 stmartin kernel: [    0.000000] NODE_DATA(0) allocated [mem 0x11fff8000-0x11fffbfff]
May  6 21:49:42 stmartin kernel: [    0.000000] Zone ranges:
May  6 21:49:42 stmartin kernel: [    0.000000]   DMA      [mem 0x0000000000001000-0x0000000000ffffff]
May  6 21:49:42 stmartin kernel: [    0.000000]   DMA32    [mem 0x0000000001000000-0x00000000ffffffff]
May  6 21:49:42 stmartin kernel: [    0.000000]   Normal   [mem 0x0000000100000000-0x000000011fffffff]
May  6 21:49:42 stmartin kernel: [    0.000000] Movable zone start for each node
May  6 21:49:42 stmartin kernel: [    0.000000] Early memory node ranges
May  6 21:49:42 stmartin kernel: [    0.000000]   node   0: [mem 0x0000000000001000-0x000000000009efff]
May  6 21:49:42 stmartin kernel: [    0.000000]   node   0: [mem 0x0000000000100000-0x00000000dffeffff]
May  6 21:49:42 stmartin kernel: [    0.000000]   node   0: [mem 0x0000000100000000-0x000000011fffffff]
May  6 21:49:42 stmartin kernel: [    0.000000] Zeroed struct page in unavailable ranges: 114 pages
May  6 21:49:42 stmartin kernel: [    0.000000] Initmem setup node 0 [mem 0x0000000000001000-0x000000011fffffff]
May  6 21:49:42 stmartin kernel: [    0.000000] On node 0 totalpages: 1048462
May  6 21:49:42 stmartin kernel: [    0.000000]   DMA zone: 64 pages used for memmap
May  6 21:49:42 stmartin kernel: [    0.000000]   DMA zone: 21 pages reserved
May  6 21:49:42 stmartin kernel: [    0.000000]   DMA zone: 3998 pages, LIFO batch:0
May  6 21:49:42 stmartin kernel: [    0.000000]   DMA32 zone: 14272 pages used for memmap
May  6 21:49:42 stmartin kernel: [    0.000000]   DMA32 zone: 913392 pages, LIFO batch:63
May  6 21:49:42 stmartin kernel: [    0.000000]   Normal zone: 2048 pages used for memmap
May  6 21:49:42 stmartin kernel: [    0.000000]   Normal zone: 131072 pages, LIFO batch:31
May  6 21:49:42 stmartin kernel: [    0.000000] ACPI: PM-Timer IO Port: 0x4008
May  6 21:49:42 stmartin kernel: [    0.000000] ACPI: Local APIC address 0xfee00000
May  6 21:49:42 stmartin kernel: [    0.000000] IOAPIC[0]: apic_id 4, version 32, address 0xfec00000, GSI 0-23
May  6 21:49:42 stmartin kernel: [    0.000000] ACPI: INT_SRC_OVR (bus 0 bus_irq 0 global_irq 2 dfl dfl)
May  6 21:49:42 stmartin kernel: [    0.000000] ACPI: INT_SRC_OVR (bus 0 bus_irq 9 global_irq 9 low level)
May  6 21:49:42 stmartin kernel: [    0.000000] ACPI: IRQ0 used by override.
May  6 21:49:42 stmartin kernel: [    0.000000] ACPI: IRQ9 used by override.
May  6 21:49:42 stmartin kernel: [    0.000000] Using ACPI (MADT) for SMP configuration information
May  6 21:49:42 stmartin kernel: [    0.000000] smpboot: Allowing 4 CPUs, 0 hotplug CPUs
May  6 21:49:42 stmartin kernel: [    0.000000] PM: Registered nosave memory: [mem 0x00000000-0x00000fff]
May  6 21:49:42 stmartin kernel: [    0.000000] PM: Registered nosave memory: [mem 0x0009f000-0x0009ffff]
May  6 21:49:42 stmartin kernel: [    0.000000] PM: Registered nosave memory: [mem 0x000a0000-0x000effff]
May  6 21:49:42 stmartin kernel: [    0.000000] PM: Registered nosave memory: [mem 0x000f0000-0x000fffff]
May  6 21:49:42 stmartin kernel: [    0.000000] PM: Registered nosave memory: [mem 0xdfff0000-0xdfffffff]
May  6 21:49:42 stmartin kernel: [    0.000000] PM: Registered nosave memory: [mem 0xe0000000-0xfebfffff]
May  6 21:49:42 stmartin kernel: [    0.000000] PM: Registered nosave memory: [mem 0xfec00000-0xfec00fff]
May  6 21:49:42 stmartin kernel: [    0.000000] PM: Registered nosave memory: [mem 0xfec01000-0xfedfffff]
May  6 21:49:42 stmartin kernel: [    0.000000] PM: Registered nosave memory: [mem 0xfee00000-0xfee00fff]
May  6 21:49:42 stmartin kernel: [    0.000000] PM: Registered nosave memory: [mem 0xfee01000-0xfffbffff]
May  6 21:49:42 stmartin kernel: [    0.000000] PM: Registered nosave memory: [mem 0xfffc0000-0xffffffff]
May  6 21:49:42 stmartin kernel: [    0.000000] [mem 0xe0000000-0xfebfffff] available for PCI devices
May  6 21:49:42 stmartin kernel: [    0.000000] clocksource: refined-jiffies: mask: 0xffffffff max_cycles: 0xffffffff, max_idle_ns: 1910969940391419 ns
May  6 21:49:42 stmartin kernel: [    0.000000] random: get_random_bytes called from start_kernel+0x90/0x48a with crng_init=0
May  6 21:49:42 stmartin kernel: [    0.000000] setup_percpu: NR_CPUS:64 nr_cpumask_bits:64 nr_cpu_ids:4 nr_node_ids:1
May  6 21:49:42 stmartin kernel: [    0.000000] percpu: Embedded 43 pages/cpu s138136 r8192 d29800 u524288
May  6 21:49:42 stmartin kernel: [    0.000000] pcpu-alloc: s138136 r8192 d29800 u524288 alloc=1*2097152
May  6 21:49:42 stmartin kernel: [    0.000000] pcpu-alloc: [0] 0 1 2 3 
May  6 21:49:42 stmartin kernel: [    0.000000] Built 1 zonelists, mobility grouping on.  Total pages: 1032057
May  6 21:49:42 stmartin kernel: [    0.000000] Policy zone: Normal
May  6 21:49:42 stmartin kernel: [    0.000000] Kernel command line: BOOT_IMAGE=(hd0,1)/vmlinuz-v5.1-stmartin root=/dev/sda2 ro
May  6 21:49:42 stmartin kernel: [    0.000000] Calgary: detecting Calgary via BIOS EBDA area
May  6 21:49:42 stmartin kernel: [    0.000000] Calgary: Unable to locate Rio Grande table in EBDA - bailing!
May  6 21:49:42 stmartin kernel: [    0.000000] Memory: 4036856K/4193848K available (14340K kernel code, 1309K rwdata, 3060K rodata, 1280K init, 1368K bss, 156992K reserved, 0K cma-reserved)
May  6 21:49:42 stmartin kernel: [    0.000000] SLUB: HWalign=64, Order=0-3, MinObjects=0, CPUs=4, Nodes=1
May  6 21:49:42 stmartin kernel: [    0.000000] Kernel/User page tables isolation: enabled
May  6 21:49:42 stmartin kernel: [    0.000000] rcu: Hierarchical RCU implementation.
May  6 21:49:42 stmartin kernel: [    0.000000] rcu: ^IRCU event tracing is enabled.
May  6 21:49:42 stmartin kernel: [    0.000000] rcu: ^IRCU restricting CPUs from NR_CPUS=64 to nr_cpu_ids=4.
May  6 21:49:42 stmartin kernel: [    0.000000] rcu: RCU calculated value of scheduler-enlistment delay is 100 jiffies.
May  6 21:49:42 stmartin kernel: [    0.000000] rcu: Adjusting geometry for rcu_fanout_leaf=16, nr_cpu_ids=4
May  6 21:49:42 stmartin kernel: [    0.000000] NR_IRQS: 4352, nr_irqs: 456, preallocated irqs: 16
May  6 21:49:42 stmartin kernel: [    0.000000] Console: colour VGA+ 80x25
May  6 21:49:42 stmartin kernel: [    0.000000] printk: console [tty0] enabled
May  6 21:49:42 stmartin kernel: [    0.000000] ACPI: Core revision 20190215
May  6 21:49:42 stmartin kernel: [    0.000000] APIC: Switch to symmetric I/O mode setup
May  6 21:49:42 stmartin kernel: [    0.002000] ..TIMER: vector=0x30 apic1=0 pin1=2 apic2=-1 pin2=-1
May  6 21:49:42 stmartin kernel: [    0.011000] tsc: Unable to calibrate against PIT
May  6 21:49:42 stmartin kernel: [    0.011000] tsc: using PMTIMER reference calibration
May  6 21:49:42 stmartin kernel: [    0.012000] tsc: Detected 2591.955 MHz processor
May  6 21:49:42 stmartin kernel: [    0.000015] clocksource: tsc-early: mask: 0xffffffffffffffff max_cycles: 0x255c8c32d7a, max_idle_ns: 440795262787 ns
May  6 21:49:42 stmartin kernel: [    0.001461] Calibrating delay loop (skipped), value calculated using timer frequency.. 5183.91 BogoMIPS (lpj=2591955)
May  6 21:49:42 stmartin kernel: [    0.002131] pid_max: default: 32768 minimum: 301
May  6 21:49:42 stmartin kernel: [    0.002506] LSM: Security Framework initializing
May  6 21:49:42 stmartin kernel: [    0.002998] SELinux:  Initializing.
May  6 21:49:42 stmartin kernel: [    0.003469] *** VALIDATE SELinux ***
May  6 21:49:42 stmartin kernel: [    0.005039] Dentry cache hash table entries: 524288 (order: 10, 4194304 bytes)
May  6 21:49:42 stmartin kernel: [    0.005894] Inode-cache hash table entries: 262144 (order: 9, 2097152 bytes)
May  6 21:49:42 stmartin kernel: [    0.006467] Mount-cache hash table entries: 8192 (order: 4, 65536 bytes)
May  6 21:49:42 stmartin kernel: [    0.006967] Mountpoint-cache hash table entries: 8192 (order: 4, 65536 bytes)
May  6 21:49:42 stmartin kernel: [    0.007557] *** VALIDATE proc ***
May  6 21:49:42 stmartin kernel: [    0.008030] *** VALIDATE cgroup1 ***
May  6 21:49:42 stmartin kernel: [    0.008455] *** VALIDATE cgroup2 ***
May  6 21:49:42 stmartin kernel: [    0.008933] mce: CPU supports 0 MCE banks
May  6 21:49:42 stmartin kernel: [    0.009468] Last level iTLB entries: 4KB 64, 2MB 8, 4MB 8
May  6 21:49:42 stmartin kernel: [    0.009931] Last level dTLB entries: 4KB 64, 2MB 0, 4MB 0, 1GB 4
May  6 21:49:42 stmartin kernel: [    0.010401] Spectre V2 : Mitigation: Full generic retpoline
May  6 21:49:42 stmartin kernel: [    0.010913] Spectre V2 : Spectre v2 / SpectreRSB mitigation: Filling RSB on context switch
May  6 21:49:42 stmartin kernel: [    0.011454] Speculative Store Bypass: Vulnerable
May  6 21:49:42 stmartin kernel: [    0.012212] Freeing SMP alternatives memory: 40K
May  6 21:49:42 stmartin kernel: [    0.014449] smpboot: CPU0: Intel(R) Core(TM) i7-6700HQ CPU @ 2.60GHz (family: 0x6, model: 0x5e, stepping: 0x3)
May  6 21:49:42 stmartin kernel: [    0.014449] Performance Events: unsupported p6 CPU model 94 no PMU driver, software events only.
May  6 21:49:42 stmartin kernel: [    0.014497] rcu: Hierarchical SRCU implementation.
May  6 21:49:42 stmartin kernel: [    0.015603] smp: Bringing up secondary CPUs ...
May  6 21:49:42 stmartin kernel: [    0.016139] x86: Booting SMP configuration:
May  6 21:49:42 stmartin kernel: [    0.016454] .... node  #0, CPUs:      #1
May  6 21:49:42 stmartin kernel: [    0.000000] mce: CPU supports 0 MCE banks
May  6 21:49:42 stmartin kernel: [    0.018531]  #2
May  6 21:49:42 stmartin kernel: [    0.000000] mce: CPU supports 0 MCE banks
May  6 21:49:42 stmartin kernel: [    0.019650]  #3
May  6 21:49:42 stmartin kernel: [    0.000000] mce: CPU supports 0 MCE banks
May  6 21:49:42 stmartin kernel: [    0.021504] smp: Brought up 1 node, 4 CPUs
May  6 21:49:42 stmartin kernel: [    0.025455] smpboot: Max logical packages: 1
May  6 21:49:42 stmartin kernel: [    0.025852] smpboot: Total of 4 processors activated (20735.64 BogoMIPS)
May  6 21:49:42 stmartin kernel: [    0.027457] devtmpfs: initialized
May  6 21:49:42 stmartin kernel: [    0.028094] clocksource: jiffies: mask: 0xffffffff max_cycles: 0xffffffff, max_idle_ns: 1911260446275000 ns
May  6 21:49:42 stmartin kernel: [    0.028462] futex hash table entries: 1024 (order: 4, 65536 bytes)
May  6 21:49:42 stmartin kernel: [    0.029715] PM: RTC time: 19:49:41, date: 2019-05-06
May  6 21:49:42 stmartin kernel: [    0.030790] NET: Registered protocol family 16
May  6 21:49:42 stmartin kernel: [    0.031490] audit: initializing netlink subsys (disabled)
May  6 21:49:42 stmartin kernel: [    0.032066] audit: type=2000 audit(1557172180.043:1): state=initialized audit_enabled=0 res=1
May  6 21:49:42 stmartin kernel: [    0.032475] cpuidle: using governor menu
May  6 21:49:42 stmartin kernel: [    0.033493] ACPI: bus type PCI registered
May  6 21:49:42 stmartin kernel: [    0.034048] PCI: Using configuration type 1 for base access
May  6 21:49:42 stmartin kernel: [    0.036519] HugeTLB registered 2.00 MiB page size, pre-allocated 0 pages
May  6 21:49:42 stmartin kernel: [    0.037632] ACPI: Added _OSI(Module Device)
May  6 21:49:42 stmartin kernel: [    0.038456] ACPI: Added _OSI(Processor Device)
May  6 21:49:42 stmartin kernel: [    0.038922] ACPI: Added _OSI(3.0 _SCP Extensions)
May  6 21:49:42 stmartin kernel: [    0.039454] ACPI: Added _OSI(Processor Aggregator Device)
May  6 21:49:42 stmartin kernel: [    0.040466] ACPI: Added _OSI(Linux-Dell-Video)
May  6 21:49:42 stmartin kernel: [    0.041004] ACPI: Added _OSI(Linux-Lenovo-NV-HDMI-Audio)
May  6 21:49:42 stmartin kernel: [    0.041464] ACPI: Added _OSI(Linux-HPI-Hybrid-Graphics)
May  6 21:49:42 stmartin kernel: [    0.043299] ACPI: 2 ACPI AML tables successfully acquired and loaded
May  6 21:49:42 stmartin kernel: [    0.045250] ACPI: Interpreter enabled
May  6 21:49:42 stmartin kernel: [    0.045463] ACPI: (supports S0 S5)
May  6 21:49:42 stmartin kernel: [    0.045905] ACPI: Using IOAPIC for interrupt routing
May  6 21:49:42 stmartin kernel: [    0.046586] PCI: Using host bridge windows from ACPI; if necessary, use "pci=nocrs" and report a bug
May  6 21:49:42 stmartin kernel: [    0.047633] ACPI: Enabled 2 GPEs in block 00 to 07
May  6 21:49:42 stmartin kernel: [    0.052806] ACPI: PCI Root Bridge [PCI0] (domain 0000 [bus 00-ff])
May  6 21:49:42 stmartin kernel: [    0.053328] acpi PNP0A03:00: _OSC: OS supports [ASPM ClockPM Segments MSI]
May  6 21:49:42 stmartin kernel: [    0.053469] acpi PNP0A03:00: _OSC: not requesting OS control; OS requires [ExtendedConfig ASPM ClockPM MSI]
May  6 21:49:42 stmartin kernel: [    0.054459] acpi PNP0A03:00: fail to add MMCONFIG information, can't access extended PCI configuration space under this bridge.
May  6 21:49:42 stmartin kernel: [    0.055470] PCI host bridge to bus 0000:00
May  6 21:49:42 stmartin kernel: [    0.055975] pci_bus 0000:00: root bus resource [io  0x0000-0x0cf7 window]
May  6 21:49:42 stmartin kernel: [    0.056410] pci_bus 0000:00: root bus resource [io  0x0d00-0xffff window]
May  6 21:49:42 stmartin kernel: [    0.056456] pci_bus 0000:00: root bus resource [mem 0x000a0000-0x000bffff window]
May  6 21:49:42 stmartin kernel: [    0.057454] pci_bus 0000:00: root bus resource [mem 0xe0000000-0xfdffffff window]
May  6 21:49:42 stmartin kernel: [    0.058308] pci_bus 0000:00: root bus resource [bus 00-ff]
May  6 21:49:42 stmartin kernel: [    0.058537] pci 0000:00:00.0: [8086:1237] type 00 class 0x060000
May  6 21:49:42 stmartin kernel: [    0.060187] pci 0000:00:01.0: [8086:7000] type 00 class 0x060100
May  6 21:49:42 stmartin kernel: [    0.061619] pci 0000:00:02.0: [80ee:beef] type 00 class 0x030000
May  6 21:49:42 stmartin kernel: [    0.064478] pci 0000:00:02.0: reg 0x10: [mem 0xe0000000-0xe7ffffff pref]
May  6 21:49:42 stmartin kernel: [    0.088837] pci 0000:00:03.0: [8086:100e] type 00 class 0x020000
May  6 21:49:42 stmartin kernel: [    0.091684] pci 0000:00:03.0: reg 0x10: [mem 0xf0000000-0xf001ffff]
May  6 21:49:42 stmartin kernel: [    0.094163] pci 0000:00:03.0: reg 0x18: [io  0xd000-0xd007]
May  6 21:49:42 stmartin kernel: [    0.105367] pci 0000:00:04.0: [80ee:cafe] type 00 class 0x088000
May  6 21:49:42 stmartin kernel: [    0.107597] pci 0000:00:04.0: reg 0x10: [io  0xd020-0xd03f]
May  6 21:49:42 stmartin kernel: [    0.108603] pci 0000:00:04.0: reg 0x14: [mem 0xf0400000-0xf07fffff]
May  6 21:49:42 stmartin kernel: [    0.110605] pci 0000:00:04.0: reg 0x18: [mem 0xf0800000-0xf0803fff pref]
May  6 21:49:42 stmartin kernel: [    0.119887] pci 0000:00:05.0: [8086:2415] type 00 class 0x040100
May  6 21:49:42 stmartin kernel: [    0.120259] pci 0000:00:05.0: reg 0x10: [io  0xd100-0xd1ff]
May  6 21:49:42 stmartin kernel: [    0.120414] pci 0000:00:05.0: reg 0x14: [io  0xd200-0xd23f]
May  6 21:49:42 stmartin kernel: [    0.121899] pci 0000:00:06.0: [106b:003f] type 00 class 0x0c0310
May  6 21:49:42 stmartin kernel: [    0.125615] pci 0000:00:06.0: reg 0x10: [mem 0xf0804000-0xf0804fff]
May  6 21:49:42 stmartin kernel: [    0.138019] pci 0000:00:07.0: [8086:7113] type 00 class 0x068000
May  6 21:49:42 stmartin kernel: [    0.138878] pci 0000:00:07.0: quirk: [io  0x4000-0x403f] claimed by PIIX4 ACPI
May  6 21:49:42 stmartin kernel: [    0.139454] pci 0000:00:07.0: quirk: [io  0x4100-0x410f] claimed by PIIX4 SMB
May  6 21:49:42 stmartin kernel: [    0.140492] pci 0000:00:0b.0: [8086:265c] type 00 class 0x0c0320
May  6 21:49:42 stmartin kernel: [    0.141617] pci 0000:00:0b.0: reg 0x10: [mem 0xf0805000-0xf0805fff]
May  6 21:49:42 stmartin kernel: [    0.156177] pci 0000:00:0d.0: [8086:2829] type 00 class 0x010601
May  6 21:49:42 stmartin kernel: [    0.157714] pci 0000:00:0d.0: reg 0x10: [io  0xd240-0xd247]
May  6 21:49:42 stmartin kernel: [    0.160600] pci 0000:00:0d.0: reg 0x14: [io  0xd248-0xd24b]
May  6 21:49:42 stmartin kernel: [    0.162705] pci 0000:00:0d.0: reg 0x18: [io  0xd250-0xd257]
May  6 21:49:42 stmartin kernel: [    0.163694] pci 0000:00:0d.0: reg 0x1c: [io  0xd258-0xd25b]
May  6 21:49:42 stmartin kernel: [    0.165749] pci 0000:00:0d.0: reg 0x20: [io  0xd260-0xd26f]
May  6 21:49:42 stmartin kernel: [    0.168681] pci 0000:00:0d.0: reg 0x24: [mem 0xf0806000-0xf0807fff]
May  6 21:49:42 stmartin kernel: [    0.173745] ACPI: PCI Interrupt Link [LNKA] (IRQs 5 9 10 *11)
May  6 21:49:42 stmartin kernel: [    0.174464] ACPI: PCI Interrupt Link [LNKB] (IRQs 5 9 *10 11)
May  6 21:49:42 stmartin kernel: [    0.175040] ACPI: PCI Interrupt Link [LNKC] (IRQs 5 *9 10 11)
May  6 21:49:42 stmartin kernel: [    0.175539] ACPI: PCI Interrupt Link [LNKD] (IRQs 5 9 10 *11)
May  6 21:49:42 stmartin kernel: [    0.176591] pci 0000:00:02.0: vgaarb: setting as boot VGA device
May  6 21:49:42 stmartin kernel: [    0.177178] pci 0000:00:02.0: vgaarb: VGA device added: decodes=io+mem,owns=io+mem,locks=none
May  6 21:49:42 stmartin kernel: [    0.177456] pci 0000:00:02.0: vgaarb: bridge control possible
May  6 21:49:42 stmartin kernel: [    0.177983] vgaarb: loaded
May  6 21:49:42 stmartin kernel: [    0.178505] SCSI subsystem initialized
May  6 21:49:42 stmartin kernel: [    0.179505] libata version 3.00 loaded.
May  6 21:49:42 stmartin kernel: [    0.179585] ACPI: bus type USB registered
May  6 21:49:42 stmartin kernel: [    0.180476] usbcore: registered new interface driver usbfs
May  6 21:49:42 stmartin kernel: [    0.180903] usbcore: registered new interface driver hub
May  6 21:49:42 stmartin kernel: [    0.180903] usbcore: registered new device driver usb
May  6 21:49:42 stmartin kernel: [    0.181088] pps_core: LinuxPPS API ver. 1 registered
May  6 21:49:42 stmartin kernel: [    0.182454] pps_core: Software ver. 5.3.6 - Copyright 2005-2007 Rodolfo Giometti <giometti@linux.it>
May  6 21:49:42 stmartin kernel: [    0.183457] PTP clock support registered
May  6 21:49:42 stmartin kernel: [    0.184008] EDAC MC: Ver: 3.0.0
May  6 21:49:42 stmartin kernel: [    0.184509] Advanced Linux Sound Architecture Driver Initialized.
May  6 21:49:42 stmartin kernel: [    0.185086] PCI: Using ACPI for IRQ routing
May  6 21:49:42 stmartin kernel: [    0.186458] PCI: pci_cache_line_size set to 64 bytes
May  6 21:49:42 stmartin kernel: [    0.186862] e820: reserve RAM buffer [mem 0x0009fc00-0x0009ffff]
May  6 21:49:42 stmartin kernel: [    0.186869] e820: reserve RAM buffer [mem 0xdfff0000-0xdfffffff]
May  6 21:49:42 stmartin kernel: [    0.186869] NetLabel: Initializing
May  6 21:49:42 stmartin kernel: [    0.186908] NetLabel:  domain hash size = 128
May  6 21:49:42 stmartin kernel: [    0.187291] NetLabel:  protocols = UNLABELED CIPSOv4 CALIPSO
May  6 21:49:42 stmartin kernel: [    0.187473] NetLabel:  unlabeled traffic allowed by default
May  6 21:49:42 stmartin kernel: [    0.188463] clocksource: Switched to clocksource tsc-early
May  6 21:49:42 stmartin kernel: [    0.249861] VFS: Disk quotas dquot_6.6.0
May  6 21:49:42 stmartin kernel: [    0.250315] VFS: Dquot-cache hash table entries: 512 (order 0, 4096 bytes)
May  6 21:49:42 stmartin kernel: [    0.250839] *** VALIDATE hugetlbfs ***
May  6 21:49:42 stmartin kernel: [    0.251390] pnp: PnP ACPI init
May  6 21:49:42 stmartin kernel: [    0.251871] pnp 00:00: Plug and Play ACPI device, IDs PNP0303 (active)
May  6 21:49:42 stmartin kernel: [    0.251944] pnp 00:01: Plug and Play ACPI device, IDs PNP0f03 (active)
May  6 21:49:42 stmartin kernel: [    0.252973] pnp: PnP ACPI: found 2 devices
May  6 21:49:42 stmartin kernel: [    0.270933] clocksource: acpi_pm: mask: 0xffffff max_cycles: 0xffffff, max_idle_ns: 2085701024 ns
May  6 21:49:42 stmartin kernel: [    0.271621] pci_bus 0000:00: resource 4 [io  0x0000-0x0cf7 window]
May  6 21:49:42 stmartin kernel: [    0.271623] pci_bus 0000:00: resource 5 [io  0x0d00-0xffff window]
May  6 21:49:42 stmartin kernel: [    0.271626] pci_bus 0000:00: resource 6 [mem 0x000a0000-0x000bffff window]
May  6 21:49:42 stmartin kernel: [    0.271627] pci_bus 0000:00: resource 7 [mem 0xe0000000-0xfdffffff window]
May  6 21:49:42 stmartin kernel: [    0.271649] NET: Registered protocol family 2
May  6 21:49:42 stmartin kernel: [    0.272612] tcp_listen_portaddr_hash hash table entries: 2048 (order: 3, 32768 bytes)
May  6 21:49:42 stmartin kernel: [    0.273300] TCP established hash table entries: 32768 (order: 6, 262144 bytes)
May  6 21:49:42 stmartin kernel: [    0.273923] TCP bind hash table entries: 32768 (order: 7, 524288 bytes)
May  6 21:49:42 stmartin kernel: [    0.274622] TCP: Hash tables configured (established 32768 bind 32768)
May  6 21:49:42 stmartin kernel: [    0.275404] UDP hash table entries: 2048 (order: 4, 65536 bytes)
May  6 21:49:42 stmartin kernel: [    0.275913] UDP-Lite hash table entries: 2048 (order: 4, 65536 bytes)
May  6 21:49:42 stmartin kernel: [    0.276599] NET: Registered protocol family 1
May  6 21:49:42 stmartin kernel: [    0.277933] RPC: Registered named UNIX socket transport module.
May  6 21:49:42 stmartin kernel: [    0.278566] RPC: Registered udp transport module.
May  6 21:49:42 stmartin kernel: [    0.279039] RPC: Registered tcp transport module.
May  6 21:49:42 stmartin kernel: [    0.279583] RPC: Registered tcp NFSv4.1 backchannel transport module.
May  6 21:49:42 stmartin kernel: [    0.280503] pci 0000:00:00.0: Limiting direct PCI/PCI transfers
May  6 21:49:42 stmartin kernel: [    0.280985] pci 0000:00:01.0: Activating ISA DMA hang workarounds
May  6 21:49:42 stmartin kernel: [    0.281644] pci 0000:00:02.0: Video device with shadowed ROM at [mem 0x000c0000-0x000dffff]
May  6 21:49:42 stmartin kernel: [    0.284433] PCI: CLS 0 bytes, default 64
May  6 21:49:42 stmartin kernel: [    0.284500] PCI-DMA: Using software bounce buffering for IO (SWIOTLB)
May  6 21:49:42 stmartin kernel: [    0.284978] software IO TLB: mapped [mem 0xdbff0000-0xdfff0000] (64MB)
May  6 21:49:42 stmartin kernel: [    0.286186] RAPL PMU: API unit is 2^-32 Joules, 5 fixed counters, 10737418240 ms ovfl timer
May  6 21:49:42 stmartin kernel: [    0.287429] RAPL PMU: hw unit of domain pp0-core 2^-0 Joules
May  6 21:49:42 stmartin kernel: [    0.287887] RAPL PMU: hw unit of domain package 2^-0 Joules
May  6 21:49:42 stmartin kernel: [    0.288343] RAPL PMU: hw unit of domain dram 2^-0 Joules
May  6 21:49:42 stmartin kernel: [    0.288799] RAPL PMU: hw unit of domain pp1-gpu 2^-0 Joules
May  6 21:49:42 stmartin kernel: [    0.289308] RAPL PMU: hw unit of domain psys 2^-0 Joules
May  6 21:49:42 stmartin kernel: [    0.289867] platform rtc_cmos: registered platform RTC device (no PNP device found)
May  6 21:49:42 stmartin kernel: [    0.292542] check: Scanning for low memory corruption every 60 seconds
May  6 21:49:42 stmartin kernel: [    0.293655] Initialise system trusted keyrings
May  6 21:49:42 stmartin kernel: [    0.294416] workingset: timestamp_bits=56 max_order=20 bucket_order=0
May  6 21:49:42 stmartin kernel: [    0.297232] NFS: Registering the id_resolver key type
May  6 21:49:42 stmartin kernel: [    0.297630] Key type id_resolver registered
May  6 21:49:42 stmartin kernel: [    0.298074] Key type id_legacy registered
May  6 21:49:42 stmartin kernel: [    0.302924] cryptomgr_test (48) used greatest stack depth: 15344 bytes left
May  6 21:49:42 stmartin kernel: [    0.303747] kworker/u8:0 (50) used greatest stack depth: 14080 bytes left
May  6 21:49:42 stmartin kernel: [    0.318582] Key type asymmetric registered
May  6 21:49:42 stmartin kernel: [    0.319061] Asymmetric key parser 'x509' registered
May  6 21:49:42 stmartin kernel: [    0.319617] Block layer SCSI generic (bsg) driver version 0.4 loaded (major 251)
May  6 21:49:42 stmartin kernel: [    0.320376] io scheduler mq-deadline registered
May  6 21:49:42 stmartin kernel: [    0.320988] io scheduler kyber registered
May  6 21:49:42 stmartin kernel: [    0.322308] ACPI: AC Adapter [AC] (off-line)
May  6 21:49:42 stmartin kernel: [    0.322849] input: Power Button as /devices/LNXSYSTM:00/LNXPWRBN:00/input/input0
May  6 21:49:42 stmartin kernel: [    0.323593] ACPI: Power Button [PWRF]
May  6 21:49:42 stmartin kernel: [    0.324220] input: Sleep Button as /devices/LNXSYSTM:00/LNXSLPBN:00/input/input1
May  6 21:49:42 stmartin kernel: [    0.324944] ACPI: Sleep Button [SLPF]
May  6 21:49:42 stmartin kernel: [    0.325478] ACPI: Video Device [GFX0] (multi-head: yes  rom: no  post: no)
May  6 21:49:42 stmartin kernel: [    0.325980] input: Video Bus as /devices/LNXSYSTM:00/LNXSYBUS:00/PNP0A03:00/LNXVIDEO:00/input/input2
May  6 21:49:42 stmartin kernel: [    0.327497] Serial: 8250/16550 driver, 4 ports, IRQ sharing enabled
May  6 21:49:42 stmartin kernel: [    0.328744] battery: ACPI: Battery Slot [BAT0] (battery present)
May  6 21:49:42 stmartin kernel: [    0.329399] Non-volatile memory driver v1.3
May  6 21:49:42 stmartin kernel: [    0.330674] Linux agpgart interface v0.103
May  6 21:49:42 stmartin kernel: [    0.334904] loop: module loaded
May  6 21:49:42 stmartin kernel: [    0.335335] ahci 0000:00:0d.0: version 3.0
May  6 21:49:42 stmartin kernel: [    0.335780] ahci 0000:00:0d.0: SSS flag set, parallel bus scan disabled
May  6 21:49:42 stmartin kernel: [    0.336492] ahci 0000:00:0d.0: AHCI 0001.0100 32 slots 2 ports 3 Gbps 0x3 impl SATA mode
May  6 21:49:42 stmartin kernel: [    0.337037] ahci 0000:00:0d.0: flags: 64bit ncq stag only ccc 
May  6 21:49:42 stmartin kernel: [    0.338346] scsi host0: ahci
May  6 21:49:42 stmartin kernel: [    0.339717] scsi host1: ahci
May  6 21:49:42 stmartin kernel: [    0.340326] ata1: SATA max UDMA/133 abar m8192@0xf0806000 port 0xf0806100 irq 21
May  6 21:49:42 stmartin kernel: [    0.340925] ata2: SATA max UDMA/133 abar m8192@0xf0806000 port 0xf0806180 irq 21
May  6 21:49:42 stmartin kernel: [    0.341868] e100: Intel(R) PRO/100 Network Driver, 3.5.24-k2-NAPI
May  6 21:49:42 stmartin kernel: [    0.342403] e100: Copyright(c) 1999-2006 Intel Corporation
May  6 21:49:42 stmartin kernel: [    0.342899] e1000: Intel(R) PRO/1000 Network Driver - version 7.3.21-k8-NAPI
May  6 21:49:42 stmartin kernel: [    0.343370] e1000: Copyright (c) 1999-2006 Intel Corporation.
May  6 21:49:42 stmartin kernel: [    0.651021] ata1: SATA link up 3.0 Gbps (SStatus 123 SControl 300)
May  6 21:49:42 stmartin kernel: [    0.652055] ata1.00: ATA-6: VBOX HARDDISK, 1.0, max UDMA/133
May  6 21:49:42 stmartin kernel: [    0.653040] ata1.00: 54525952 sectors, multi 128: LBA48 NCQ (depth 32)
May  6 21:49:42 stmartin kernel: [    0.654362] ata1.00: configured for UDMA/133
May  6 21:49:42 stmartin kernel: [    0.655071] scsi 0:0:0:0: Direct-Access     ATA      VBOX HARDDISK    1.0  PQ: 0 ANSI: 5
May  6 21:49:42 stmartin kernel: [    0.656321] sd 0:0:0:0: Attached scsi generic sg0 type 0
May  6 21:49:42 stmartin kernel: [    0.656501] sd 0:0:0:0: [sda] 54525952 512-byte logical blocks: (27.9 GB/26.0 GiB)
May  6 21:49:42 stmartin kernel: [    0.657857] sd 0:0:0:0: [sda] Write Protect is off
May  6 21:49:42 stmartin kernel: [    0.658684] sd 0:0:0:0: [sda] Mode Sense: 00 3a 00 00
May  6 21:49:42 stmartin kernel: [    0.658716] sd 0:0:0:0: [sda] Write cache: enabled, read cache: enabled, doesn't support DPO or FUA
May  6 21:49:42 stmartin kernel: [    0.665494]  sda: sda1 sda2 sda3
May  6 21:49:42 stmartin kernel: [    0.667045] sd 0:0:0:0: [sda] Attached SCSI disk
May  6 21:49:42 stmartin kernel: [    0.782756] e1000 0000:00:03.0 eth0: (PCI:33MHz:32-bit) 08:00:27:3d:0a:87
May  6 21:49:42 stmartin kernel: [    0.783368] e1000 0000:00:03.0 eth0: Intel(R) PRO/1000 Network Connection
May  6 21:49:42 stmartin kernel: [    0.783841] e1000e: Intel(R) PRO/1000 Network Driver - 3.2.6-k
May  6 21:49:42 stmartin kernel: [    0.784397] e1000e: Copyright(c) 1999 - 2015 Intel Corporation.
May  6 21:49:42 stmartin kernel: [    0.784828] sky2: driver version 1.30
May  6 21:49:42 stmartin kernel: [    0.785620] ehci_hcd: USB 2.0 'Enhanced' Host Controller (EHCI) Driver
May  6 21:49:42 stmartin kernel: [    0.786048] ehci-pci: EHCI PCI platform driver
May  6 21:49:42 stmartin kernel: [    0.786893] ehci-pci 0000:00:0b.0: EHCI Host Controller
May  6 21:49:42 stmartin kernel: [    0.787640] ehci-pci 0000:00:0b.0: new USB bus registered, assigned bus number 1
May  6 21:49:42 stmartin kernel: [    0.788880] ehci-pci 0000:00:0b.0: irq 19, io mem 0xf0805000
May  6 21:49:42 stmartin kernel: [    0.796375] ehci-pci 0000:00:0b.0: USB 2.0 started, EHCI 1.00
May  6 21:49:42 stmartin kernel: [    0.796926] usb usb1: New USB device found, idVendor=1d6b, idProduct=0002, bcdDevice= 5.01
May  6 21:49:42 stmartin kernel: [    0.797504] usb usb1: New USB device strings: Mfr=3, Product=2, SerialNumber=1
May  6 21:49:42 stmartin kernel: [    0.798075] usb usb1: Product: EHCI Host Controller
May  6 21:49:42 stmartin kernel: [    0.798687] usb usb1: Manufacturer: Linux 5.1.0-rc7-thor_kernel-dirty ehci_hcd
May  6 21:49:42 stmartin kernel: [    0.799350] usb usb1: SerialNumber: 0000:00:0b.0
May  6 21:49:42 stmartin kernel: [    0.799984] hub 1-0:1.0: USB hub found
May  6 21:49:42 stmartin kernel: [    0.800383] hub 1-0:1.0: 12 ports detected
May  6 21:49:42 stmartin kernel: [    0.801064] ohci_hcd: USB 1.1 'Open' Host Controller (OHCI) Driver
May  6 21:49:42 stmartin kernel: [    0.801511] ohci-pci: OHCI PCI platform driver
May  6 21:49:42 stmartin kernel: [    0.802561] ohci-pci 0000:00:06.0: OHCI PCI host controller
May  6 21:49:42 stmartin kernel: [    0.803667] ohci-pci 0000:00:06.0: new USB bus registered, assigned bus number 2
May  6 21:49:42 stmartin kernel: [    0.804432] ohci-pci 0000:00:06.0: irq 22, io mem 0xf0804000
May  6 21:49:42 stmartin kernel: [    0.857984] usb usb2: New USB device found, idVendor=1d6b, idProduct=0001, bcdDevice= 5.01
May  6 21:49:42 stmartin kernel: [    0.858564] usb usb2: New USB device strings: Mfr=3, Product=2, SerialNumber=1
May  6 21:49:42 stmartin kernel: [    0.859219] usb usb2: Product: OHCI PCI host controller
May  6 21:49:42 stmartin kernel: [    0.859937] usb usb2: Manufacturer: Linux 5.1.0-rc7-thor_kernel-dirty ohci_hcd
May  6 21:49:42 stmartin kernel: [    0.861060] usb usb2: SerialNumber: 0000:00:06.0
May  6 21:49:42 stmartin kernel: [    0.861745] hub 2-0:1.0: USB hub found
May  6 21:49:42 stmartin kernel: [    0.862214] hub 2-0:1.0: 12 ports detected
May  6 21:49:42 stmartin kernel: [    0.863220] uhci_hcd: USB Universal Host Controller Interface driver
May  6 21:49:42 stmartin kernel: [    0.863802] usbcore: registered new interface driver usblp
May  6 21:49:42 stmartin kernel: [    0.864384] usbcore: registered new interface driver usb-storage
May  6 21:49:42 stmartin kernel: [    0.864912] i8042: PNP: PS/2 Controller [PNP0303:PS2K,PNP0f03:PS2M] at 0x60,0x64 irq 1,12
May  6 21:49:42 stmartin kernel: [    0.865831] serio: i8042 KBD port at 0x60,0x64 irq 1
May  6 21:49:42 stmartin kernel: [    0.866787] serio: i8042 AUX port at 0x60,0x64 irq 12
May  6 21:49:42 stmartin kernel: [    0.868848] rtc_cmos rtc_cmos: registered as rtc0
May  6 21:49:42 stmartin kernel: [    0.869446] rtc_cmos rtc_cmos: alarms up to one day, 114 bytes nvram
May  6 21:49:42 stmartin kernel: [    0.870133] input: AT Translated Set 2 keyboard as /devices/platform/i8042/serio0/input/input3
May  6 21:49:42 stmartin kernel: [    0.871907] device-mapper: ioctl: 4.40.0-ioctl (2019-01-18) initialised: dm-devel@redhat.com
May  6 21:49:42 stmartin kernel: [    0.872583] intel_pstate: CPU model not supported
May  6 21:49:42 stmartin kernel: [    0.873064] hidraw: raw HID events driver (C) Jiri Kosina
May  6 21:49:42 stmartin kernel: [    0.873687] usbcore: registered new interface driver usbhid
May  6 21:49:42 stmartin kernel: [    0.874185] usbhid: USB HID core driver
May  6 21:49:42 stmartin kernel: [    0.876647] Initializing XFRM netlink socket
May  6 21:49:42 stmartin kernel: [    0.877135] NET: Registered protocol family 10
May  6 21:49:42 stmartin kernel: [    0.878025] Segment Routing with IPv6
May  6 21:49:42 stmartin kernel: [    0.879986] sit: IPv6, IPv4 and MPLS over IPv4 tunneling driver
May  6 21:49:42 stmartin kernel: [    0.880537] NET: Registered protocol family 17
May  6 21:49:42 stmartin kernel: [    0.881047] Key type dns_resolver registered
May  6 21:49:42 stmartin kernel: [    0.882096] sched_clock: Marking stable (893598285, -11550603)->(1003691285, -121643603)
May  6 21:49:42 stmartin kernel: [    0.885103] registered taskstats version 1
May  6 21:49:42 stmartin kernel: [    0.885559] Loading compiled-in X.509 certificates
May  6 21:49:42 stmartin kernel: [    0.886327] PM:   Magic number: 3:248:849
May  6 21:49:42 stmartin kernel: [    0.886808] graphics fbcon: hash matches
May  6 21:49:42 stmartin kernel: [    0.887528] printk: console [netcon0] enabled
May  6 21:49:42 stmartin kernel: [    0.887957] netconsole: network logging started
May  6 21:49:42 stmartin kernel: [    0.888496] cfg80211: Loading compiled-in X.509 certificates for regulatory database
May  6 21:49:42 stmartin kernel: [    0.890793] cfg80211: Loaded X.509 cert 'sforshee: 00b28ddf47aef9cea7'
May  6 21:49:42 stmartin kernel: [    0.891421] platform regulatory.0: Direct firmware load for regulatory.db failed with error -2
May  6 21:49:42 stmartin kernel: [    0.891963] cfg80211: failed to load regulatory.db
May  6 21:49:42 stmartin kernel: [    0.892357] ALSA device list:
May  6 21:49:42 stmartin kernel: [    0.892915]   No soundcards found.
May  6 21:49:42 stmartin kernel: [    0.966478] ata2: SATA link down (SStatus 0 SControl 300)
May  6 21:49:42 stmartin kernel: [    1.080369] random: fast init done
May  6 21:49:42 stmartin kernel: [    1.080980] input: ImExPS/2 Generic Explorer Mouse as /devices/platform/i8042/serio1/input/input5
May  6 21:49:42 stmartin kernel: [    1.082109] md: Waiting for all devices to be available before autodetect
May  6 21:49:42 stmartin kernel: [    1.082624] md: If you don't use raid, use raid=noautodetect
May  6 21:49:42 stmartin kernel: [    1.083272] md: Autodetecting RAID arrays.
May  6 21:49:42 stmartin kernel: [    1.083619] md: autorun ...
May  6 21:49:42 stmartin kernel: [    1.084057] md: ... autorun DONE.
May  6 21:49:42 stmartin kernel: [    1.115223] EXT4-fs (sda2): mounted filesystem with ordered data mode. Opts: (null)
May  6 21:49:42 stmartin kernel: [    1.116640] VFS: Mounted root (ext4 filesystem) readonly on device 8:2.
May  6 21:49:42 stmartin kernel: [    1.120604] devtmpfs: mounted
May  6 21:49:42 stmartin kernel: [    1.121379] Freeing unused kernel image memory: 1280K
May  6 21:49:42 stmartin kernel: [    1.134709] Write protecting the kernel read-only data: 20480k
May  6 21:49:42 stmartin kernel: [    1.136048] Freeing unused kernel image memory: 2008K
May  6 21:49:42 stmartin kernel: [    1.137008] Freeing unused kernel image memory: 1036K
May  6 21:49:42 stmartin kernel: [    1.137579] Run /sbin/init as init process
May  6 21:49:42 stmartin kernel: [    1.239596] usb 2-1: new full-speed USB device number 2 using ohci-pci
May  6 21:49:42 stmartin kernel: <30>[    1.292345] systemd[1]: systemd 241 running in system mode. (+PAM -AUDIT -SELINUX +IMA -APPARMOR +SMACK +SYSVINIT +UTMP -LIBCRYPTSETUP +GCRYPT +GNUTLS +ACL +XZ -LZ4 +SECCOMP +BLKID -ELFUTILS +KMOD -IDN2 -IDN +PCRE2 default-hierarchy=hybrid)
May  6 21:49:42 stmartin kernel: <30>[    1.293530] systemd[1]: Detected virtualization oracle.
May  6 21:49:42 stmartin kernel: <30>[    1.293993] systemd[1]: Detected architecture x86-64.
May  6 21:49:42 stmartin kernel: <30>[    1.294450] systemd[1]: Running with unpopulated /etc.
May  6 21:49:42 stmartin kernel: [    1.299642] tsc: Refined TSC clocksource calibration: 2591.999 MHz
May  6 21:49:42 stmartin kernel: [    1.299688] clocksource: tsc: mask: 0xffffffffffffffff max_cycles: 0x255cb5c6a11, max_idle_ns: 440795249002 ns
May  6 21:49:42 stmartin kernel: [    1.300847] clocksource: Switched to clocksource tsc
May  6 21:49:42 stmartin kernel: <30>[    1.303629] systemd[1]: Set hostname to <stmartin>.
May  6 21:49:42 stmartin kernel: <27>[    1.304137] systemd[1]: System cannot boot: Missing /etc/machine-id and /etc is mounted read-only.
May  6 21:49:42 stmartin kernel: <27>[    1.304636] systemd[1]: Booting up is supported only when:
May  6 21:49:42 stmartin kernel: <27>[    1.305092] systemd[1]: 1) /etc/machine-id exists and is populated.
May  6 21:49:42 stmartin kernel: <27>[    1.305586] systemd[1]: 2) /etc/machine-id exists and is empty.
May  6 21:49:42 stmartin kernel: <27>[    1.306056] systemd[1]: 3) /etc/machine-id is missing and /etc is writable.
May  6 21:49:42 stmartin kernel: [    1.330963] systemd-getty-g (124) used greatest stack depth: 13984 bytes left
May  6 21:49:42 stmartin kernel: [    1.331680] systemd-bless-b (121) used greatest stack depth: 13696 bytes left
May  6 21:49:42 stmartin kernel: [    1.334056] systemd-fstab-g (123) used greatest stack depth: 13048 bytes left
May  6 21:49:42 stmartin kernel: [    1.475554] usb 2-1: New USB device found, idVendor=80ee, idProduct=0021, bcdDevice= 1.00
May  6 21:49:42 stmartin kernel: [    1.476178] usb 2-1: New USB device strings: Mfr=1, Product=3, SerialNumber=0
May  6 21:49:42 stmartin kernel: [    1.476713] usb 2-1: Product: USB Tablet
May  6 21:49:42 stmartin kernel: [    1.477150] usb 2-1: Manufacturer: VirtualBox
May  6 21:49:42 stmartin kernel: [    1.489048] input: VirtualBox USB Tablet as /devices/pci0000:00/0000:00:06.0/usb2/2-1/2-1:1.0/0003:80EE:0021.0001/input/input6
May  6 21:49:42 stmartin kernel: [    1.490344] hid-generic 0003:80EE:0021.0001: input,hidraw0: USB HID v1.10 Mouse [VirtualBox USB Tablet] on usb-0000:00:06.0-1/input0
May  6 21:49:42 stmartin kernel: [    1.665566] EXT4-fs (sda2): re-mounted. Opts: (null)
May  6 21:49:42 stmartin kernel: [    1.689307] random: systemd-random-: uninitialized urandom read (512 bytes read)
May  6 21:49:42 stmartin kernel: <46>[    1.895097] systemd-journald[140]: Received request to flush runtime journal from PID 1
May  6 21:49:42 stmartin kernel: [    2.043136] e1000 0000:00:03.0 enp0s3: renamed from eth0
May  6 21:49:42 stmartin kernel: [    2.119288] random: crng init done
May  6 21:49:42 stmartin kernel: [    2.203700] EXT4-fs (sda1): mounting ext2 file system using the ext4 subsystem
May  6 21:49:42 stmartin kernel: [    2.204153] Adding 2120700k swap on /dev/sda3.  Priority:1 extents:1 across:2120700k 
May  6 21:49:42 stmartin kernel: [    2.213572] EXT4-fs (sda1): warning: mounting unchecked fs, running e2fsck is recommended
May  6 21:49:42 stmartin kernel: [    2.216101] EXT4-fs (sda1): mounted filesystem without journal. Opts: (null)
May  6 21:49:42 stmartin kernel: [    2.592235] ip (348) used greatest stack depth: 12600 bytes left
May  6 21:49:44 stmartin kernel: [    4.648153] e1000: enp0s3 NIC Link is Up 1000 Mbps Full Duplex, Flow Control: RX
May  6 21:49:44 stmartin kernel: [    4.649020] IPv6: ADDRCONF(NETDEV_CHANGE): enp0s3: link becomes ready
May  6 21:49:50 stmartin kernel: [   10.455871] hrtimer: interrupt took 4418762 ns
