May 11 09:32:22 stmartin syslogd 1.5.1: restart.
May 11 09:32:22 stmartin kernel: klogd 1.5.1, log source = /proc/kmsg started.
May 11 09:32:22 stmartin kernel: Cannot find map file.
May 11 09:32:22 stmartin kernel: Loaded 50761 symbols from 1 module.
May 11 09:32:22 stmartin kernel: [    0.000000] Linux version 5.1.0-next-20190510 (root@stmartin) (gcc version 8.2.0 (GCC)) #6 SMP Sat May 11 09:29:58 CEST 2019
May 11 09:32:22 stmartin kernel: [    0.000000] Command line: BOOT_IMAGE=(hd0,1)/vmlinuz-next-20190510-stmartin root=/dev/sda2 ro
May 11 09:32:22 stmartin kernel: [    0.000000] x86/fpu: Supporting XSAVE feature 0x001: 'x87 floating point registers'
May 11 09:32:22 stmartin kernel: [    0.000000] x86/fpu: Supporting XSAVE feature 0x002: 'SSE registers'
May 11 09:32:22 stmartin kernel: [    0.000000] x86/fpu: Supporting XSAVE feature 0x004: 'AVX registers'
May 11 09:32:22 stmartin kernel: [    0.000000] x86/fpu: xstate_offset[2]:  576, xstate_sizes[2]:  256
May 11 09:32:22 stmartin kernel: [    0.000000] x86/fpu: Enabled xstate features 0x7, context size is 832 bytes, using 'standard' format.
May 11 09:32:22 stmartin kernel: [    0.000000] BIOS-provided physical RAM map:
May 11 09:32:22 stmartin kernel: [    0.000000] BIOS-e820: [mem 0x0000000000000000-0x000000000009fbff] usable
May 11 09:32:22 stmartin kernel: [    0.000000] BIOS-e820: [mem 0x000000000009fc00-0x000000000009ffff] reserved
May 11 09:32:22 stmartin kernel: [    0.000000] BIOS-e820: [mem 0x00000000000f0000-0x00000000000fffff] reserved
May 11 09:32:22 stmartin kernel: [    0.000000] BIOS-e820: [mem 0x0000000000100000-0x00000000dffeffff] usable
May 11 09:32:22 stmartin kernel: [    0.000000] BIOS-e820: [mem 0x00000000dfff0000-0x00000000dfffffff] ACPI data
May 11 09:32:22 stmartin kernel: [    0.000000] BIOS-e820: [mem 0x00000000fec00000-0x00000000fec00fff] reserved
May 11 09:32:22 stmartin kernel: [    0.000000] BIOS-e820: [mem 0x00000000fee00000-0x00000000fee00fff] reserved
May 11 09:32:22 stmartin kernel: [    0.000000] BIOS-e820: [mem 0x00000000fffc0000-0x00000000ffffffff] reserved
May 11 09:32:22 stmartin kernel: [    0.000000] BIOS-e820: [mem 0x0000000100000000-0x000000011fffffff] usable
May 11 09:32:22 stmartin kernel: [    0.000000] NX (Execute Disable) protection: active
May 11 09:32:22 stmartin kernel: [    0.000000] SMBIOS 2.5 present.
May 11 09:32:22 stmartin kernel: [    0.000000] DMI: innotek GmbH VirtualBox/VirtualBox, BIOS VirtualBox 12/01/2006
May 11 09:32:22 stmartin kernel: [    0.000000] tsc: Fast TSC calibration failed
May 11 09:32:22 stmartin kernel: [    0.000000] e820: update [mem 0x00000000-0x00000fff] usable ==> reserved
May 11 09:32:22 stmartin kernel: [    0.000000] e820: remove [mem 0x000a0000-0x000fffff] usable
May 11 09:32:22 stmartin kernel: [    0.000000] last_pfn = 0x120000 max_arch_pfn = 0x400000000
May 11 09:32:22 stmartin kernel: [    0.000000] MTRR default type: uncachable
May 11 09:32:22 stmartin kernel: [    0.000000] MTRR variable ranges disabled:
May 11 09:32:22 stmartin kernel: [    0.000000] Disabled
May 11 09:32:22 stmartin kernel: [    0.000000] x86/PAT: MTRRs disabled, skipping PAT initialization too.
May 11 09:32:22 stmartin kernel: [    0.000000] CPU MTRRs all blank - virtualized system.
May 11 09:32:22 stmartin kernel: [    0.000000] x86/PAT: Configuration [0-7]: WB  WT  UC- UC  WB  WT  UC- UC  
May 11 09:32:22 stmartin kernel: [    0.000000] last_pfn = 0xdfff0 max_arch_pfn = 0x400000000
May 11 09:32:22 stmartin kernel: [    0.000000] check: Scanning 1 areas for low memory corruption
May 11 09:32:22 stmartin kernel: [    0.000000] BRK [0x77601000, 0x77601fff] PGTABLE
May 11 09:32:22 stmartin kernel: [    0.000000] BRK [0x77602000, 0x77602fff] PGTABLE
May 11 09:32:22 stmartin kernel: [    0.000000] BRK [0x77603000, 0x77603fff] PGTABLE
May 11 09:32:22 stmartin kernel: [    0.000000] BRK [0x77604000, 0x77604fff] PGTABLE
May 11 09:32:22 stmartin kernel: [    0.000000] BRK [0x77605000, 0x77605fff] PGTABLE
May 11 09:32:22 stmartin kernel: [    0.000000] ACPI: Early table checksum verification disabled
May 11 09:32:22 stmartin kernel: [    0.000000] ACPI: RSDP 0x00000000000E0000 000024 (v02 VBOX  )
May 11 09:32:22 stmartin kernel: [    0.000000] ACPI: XSDT 0x00000000DFFF0030 00003C (v01 VBOX   VBOXXSDT 00000001 ASL  00000061)
May 11 09:32:22 stmartin kernel: [    0.000000] ACPI: FACP 0x00000000DFFF00F0 0000F4 (v04 VBOX   VBOXFACP 00000001 ASL  00000061)
May 11 09:32:22 stmartin kernel: [    0.000000] ACPI: DSDT 0x00000000DFFF0480 0022EA (v02 VBOX   VBOXBIOS 00000002 INTL 20100528)
May 11 09:32:22 stmartin kernel: [    0.000000] ACPI: FACS 0x00000000DFFF0200 000040
May 11 09:32:22 stmartin kernel: [    0.000000] ACPI: FACS 0x00000000DFFF0200 000040
May 11 09:32:22 stmartin kernel: [    0.000000] ACPI: APIC 0x00000000DFFF0240 00006C (v02 VBOX   VBOXAPIC 00000001 ASL  00000061)
May 11 09:32:22 stmartin kernel: [    0.000000] ACPI: SSDT 0x00000000DFFF02B0 0001CC (v01 VBOX   VBOXCPUT 00000002 INTL 20100528)
May 11 09:32:22 stmartin kernel: [    0.000000] ACPI: Local APIC address 0xfee00000
May 11 09:32:22 stmartin kernel: [    0.000000] No NUMA configuration found
May 11 09:32:22 stmartin kernel: [    0.000000] Faking a node at [mem 0x0000000000000000-0x000000011fffffff]
May 11 09:32:22 stmartin kernel: [    0.000000] NODE_DATA(0) allocated [mem 0x11fff8000-0x11fffbfff]
May 11 09:32:22 stmartin kernel: [    0.000000] Zone ranges:
May 11 09:32:22 stmartin kernel: [    0.000000]   DMA      [mem 0x0000000000001000-0x0000000000ffffff]
May 11 09:32:22 stmartin kernel: [    0.000000]   DMA32    [mem 0x0000000001000000-0x00000000ffffffff]
May 11 09:32:22 stmartin kernel: [    0.000000]   Normal   [mem 0x0000000100000000-0x000000011fffffff]
May 11 09:32:22 stmartin kernel: [    0.000000] Movable zone start for each node
May 11 09:32:22 stmartin kernel: [    0.000000] Early memory node ranges
May 11 09:32:22 stmartin kernel: [    0.000000]   node   0: [mem 0x0000000000001000-0x000000000009efff]
May 11 09:32:22 stmartin kernel: [    0.000000]   node   0: [mem 0x0000000000100000-0x00000000dffeffff]
May 11 09:32:22 stmartin kernel: [    0.000000]   node   0: [mem 0x0000000100000000-0x000000011fffffff]
May 11 09:32:22 stmartin kernel: [    0.000000] Zeroed struct page in unavailable ranges: 114 pages
May 11 09:32:22 stmartin kernel: [    0.000000] Initmem setup node 0 [mem 0x0000000000001000-0x000000011fffffff]
May 11 09:32:22 stmartin kernel: [    0.000000] On node 0 totalpages: 1048462
May 11 09:32:22 stmartin kernel: [    0.000000]   DMA zone: 64 pages used for memmap
May 11 09:32:22 stmartin kernel: [    0.000000]   DMA zone: 21 pages reserved
May 11 09:32:22 stmartin kernel: [    0.000000]   DMA zone: 3998 pages, LIFO batch:0
May 11 09:32:22 stmartin kernel: [    0.000000]   DMA32 zone: 14272 pages used for memmap
May 11 09:32:22 stmartin kernel: [    0.000000]   DMA32 zone: 913392 pages, LIFO batch:63
May 11 09:32:22 stmartin kernel: [    0.000000]   Normal zone: 2048 pages used for memmap
May 11 09:32:22 stmartin kernel: [    0.000000]   Normal zone: 131072 pages, LIFO batch:31
May 11 09:32:22 stmartin kernel: [    0.000000] ACPI: PM-Timer IO Port: 0x4008
May 11 09:32:22 stmartin kernel: [    0.000000] ACPI: Local APIC address 0xfee00000
May 11 09:32:22 stmartin kernel: [    0.000000] IOAPIC[0]: apic_id 4, version 32, address 0xfec00000, GSI 0-23
May 11 09:32:22 stmartin kernel: [    0.000000] ACPI: INT_SRC_OVR (bus 0 bus_irq 0 global_irq 2 dfl dfl)
May 11 09:32:22 stmartin kernel: [    0.000000] ACPI: INT_SRC_OVR (bus 0 bus_irq 9 global_irq 9 low level)
May 11 09:32:22 stmartin kernel: [    0.000000] ACPI: IRQ0 used by override.
May 11 09:32:22 stmartin kernel: [    0.000000] ACPI: IRQ9 used by override.
May 11 09:32:22 stmartin kernel: [    0.000000] Using ACPI (MADT) for SMP configuration information
May 11 09:32:22 stmartin kernel: [    0.000000] smpboot: Allowing 4 CPUs, 0 hotplug CPUs
May 11 09:32:22 stmartin kernel: [    0.000000] PM: Registered nosave memory: [mem 0x00000000-0x00000fff]
May 11 09:32:22 stmartin kernel: [    0.000000] PM: Registered nosave memory: [mem 0x0009f000-0x0009ffff]
May 11 09:32:22 stmartin kernel: [    0.000000] PM: Registered nosave memory: [mem 0x000a0000-0x000effff]
May 11 09:32:22 stmartin kernel: [    0.000000] PM: Registered nosave memory: [mem 0x000f0000-0x000fffff]
May 11 09:32:22 stmartin kernel: [    0.000000] PM: Registered nosave memory: [mem 0xdfff0000-0xdfffffff]
May 11 09:32:22 stmartin kernel: [    0.000000] PM: Registered nosave memory: [mem 0xe0000000-0xfebfffff]
May 11 09:32:22 stmartin kernel: [    0.000000] PM: Registered nosave memory: [mem 0xfec00000-0xfec00fff]
May 11 09:32:22 stmartin kernel: [    0.000000] PM: Registered nosave memory: [mem 0xfec01000-0xfedfffff]
May 11 09:32:22 stmartin kernel: [    0.000000] PM: Registered nosave memory: [mem 0xfee00000-0xfee00fff]
May 11 09:32:22 stmartin kernel: [    0.000000] PM: Registered nosave memory: [mem 0xfee01000-0xfffbffff]
May 11 09:32:22 stmartin kernel: [    0.000000] PM: Registered nosave memory: [mem 0xfffc0000-0xffffffff]
May 11 09:32:22 stmartin kernel: [    0.000000] [mem 0xe0000000-0xfebfffff] available for PCI devices
May 11 09:32:22 stmartin kernel: [    0.000000] clocksource: refined-jiffies: mask: 0xffffffff max_cycles: 0xffffffff, max_idle_ns: 1910969940391419 ns
May 11 09:32:22 stmartin kernel: [    0.000000] setup_percpu: NR_CPUS:64 nr_cpumask_bits:64 nr_cpu_ids:4 nr_node_ids:1
May 11 09:32:22 stmartin kernel: [    0.000000] percpu: Embedded 51 pages/cpu s170968 r8192 d29736 u524288
May 11 09:32:22 stmartin kernel: [    0.000000] pcpu-alloc: s170968 r8192 d29736 u524288 alloc=1*2097152
May 11 09:32:22 stmartin kernel: [    0.000000] pcpu-alloc: [0] 0 1 2 3 
May 11 09:32:22 stmartin kernel: [    0.000000] node[0] zonelist: 0:Normal 0:DMA32 0:DMA 
May 11 09:32:22 stmartin kernel: [    0.000000] Built 1 zonelists, mobility grouping on.  Total pages: 1032057
May 11 09:32:22 stmartin kernel: [    0.000000] Policy zone: Normal
May 11 09:32:22 stmartin kernel: [    0.000000] Kernel command line: BOOT_IMAGE=(hd0,1)/vmlinuz-next-20190510-stmartin root=/dev/sda2 ro
May 11 09:32:22 stmartin kernel: [    0.000000] Calgary: detecting Calgary via BIOS EBDA area
May 11 09:32:22 stmartin kernel: [    0.000000] Calgary: Unable to locate Rio Grande table in EBDA - bailing!
May 11 09:32:22 stmartin kernel: [    0.000000] Memory: 4036728K/4193848K available (14340K kernel code, 1310K rwdata, 3108K rodata, 1316K init, 1328K bss, 157120K reserved, 0K cma-reserved)
May 11 09:32:22 stmartin kernel: [    0.000000] SLUB: HWalign=64, Order=0-3, MinObjects=0, CPUs=4, Nodes=1
May 11 09:32:22 stmartin kernel: [    0.000000] Kernel/User page tables isolation: enabled
May 11 09:32:22 stmartin kernel: [    0.000000] rcu: Hierarchical RCU implementation.
May 11 09:32:22 stmartin kernel: [    0.000000] rcu: ^IRCU event tracing is enabled.
May 11 09:32:22 stmartin kernel: [    0.000000] rcu: ^IRCU restricting CPUs from NR_CPUS=64 to nr_cpu_ids=4.
May 11 09:32:22 stmartin kernel: [    0.000000] rcu: RCU calculated value of scheduler-enlistment delay is 100 jiffies.
May 11 09:32:22 stmartin kernel: [    0.000000] rcu: Adjusting geometry for rcu_fanout_leaf=16, nr_cpu_ids=4
May 11 09:32:22 stmartin kernel: [    0.000000] NR_IRQS: 4352, nr_irqs: 456, preallocated irqs: 16
May 11 09:32:22 stmartin kernel: [    0.000000] random: get_random_bytes called from start_kernel+0x2c8/0x49b with crng_init=0
May 11 09:32:22 stmartin kernel: [    0.000000] Console: colour VGA+ 80x25
May 11 09:32:22 stmartin kernel: [    0.000000] printk: console [tty0] enabled
May 11 09:32:22 stmartin kernel: [    0.000000] ACPI: Core revision 20190405
May 11 09:32:22 stmartin kernel: [    0.000000] APIC: Switch to symmetric I/O mode setup
May 11 09:32:22 stmartin kernel: [    0.001000] ..TIMER: vector=0x30 apic1=0 pin1=2 apic2=-1 pin2=-1
May 11 09:32:22 stmartin kernel: [    0.010000] tsc: Unable to calibrate against PIT
May 11 09:32:22 stmartin kernel: [    0.010000] tsc: using PMTIMER reference calibration
May 11 09:32:22 stmartin kernel: [    0.010000] tsc: Detected 2592.009 MHz processor
May 11 09:32:22 stmartin kernel: [    0.000031] clocksource: tsc-early: mask: 0xffffffffffffffff max_cycles: 0x255cbf51843, max_idle_ns: 440795283469 ns
May 11 09:32:22 stmartin kernel: [    0.000584] Calibrating delay loop (skipped), value calculated using timer frequency.. 5184.01 BogoMIPS (lpj=2592009)
May 11 09:32:22 stmartin kernel: [    0.001589] pid_max: default: 32768 minimum: 301
May 11 09:32:22 stmartin kernel: [    0.001894] LSM: Security Framework initializing
May 11 09:32:22 stmartin kernel: [    0.002204] SELinux:  Initializing.
May 11 09:32:22 stmartin kernel: [    0.002490] *** VALIDATE SELinux ***
May 11 09:32:22 stmartin kernel: [    0.003435] Dentry cache hash table entries: 524288 (order: 10, 4194304 bytes)
May 11 09:32:22 stmartin kernel: [    0.004516] Inode-cache hash table entries: 262144 (order: 9, 2097152 bytes)
May 11 09:32:22 stmartin kernel: [    0.004901] Mount-cache hash table entries: 8192 (order: 4, 65536 bytes)
May 11 09:32:22 stmartin kernel: [    0.005892] Mountpoint-cache hash table entries: 8192 (order: 4, 65536 bytes)
May 11 09:32:22 stmartin kernel: [    0.006325] *** VALIDATE proc ***
May 11 09:32:22 stmartin kernel: [    0.006539] *** VALIDATE cgroup1 ***
May 11 09:32:22 stmartin kernel: [    0.006800] *** VALIDATE cgroup2 ***
May 11 09:32:22 stmartin kernel: [    0.007120] Last level iTLB entries: 4KB 64, 2MB 8, 4MB 8
May 11 09:32:22 stmartin kernel: [    0.007374] Last level dTLB entries: 4KB 64, 2MB 0, 4MB 0, 1GB 4
May 11 09:32:22 stmartin kernel: [    0.007542] Spectre V2 : Mitigation: Full generic retpoline
May 11 09:32:22 stmartin kernel: [    0.007863] Spectre V2 : Spectre v2 / SpectreRSB mitigation: Filling RSB on context switch
May 11 09:32:22 stmartin kernel: [    0.008276] Speculative Store Bypass: Vulnerable
May 11 09:32:22 stmartin kernel: [    0.008547] Freeing SMP alternatives memory: 40K
May 11 09:32:22 stmartin kernel: [    0.009578] smpboot: CPU0: Intel(R) Core(TM) i7-6700HQ CPU @ 2.60GHz (family: 0x6, model: 0x5e, stepping: 0x3)
May 11 09:32:22 stmartin kernel: [    0.009660] Performance Events: unsupported p6 CPU model 94 no PMU driver, software events only.
May 11 09:32:22 stmartin kernel: [    0.010207] rcu: Hierarchical SRCU implementation.
May 11 09:32:22 stmartin kernel: [    0.010602] smp: Bringing up secondary CPUs ...
May 11 09:32:22 stmartin kernel: [    0.010947] x86: Booting SMP configuration:
May 11 09:32:22 stmartin kernel: [    0.011164] .... node  #0, CPUs:      #1 #2 #3
May 11 09:32:22 stmartin kernel: [    0.015644] smp: Brought up 1 node, 4 CPUs
May 11 09:32:22 stmartin kernel: [    0.016764] smpboot: Max logical packages: 1
May 11 09:32:22 stmartin kernel: [    0.016969] smpboot: Total of 4 processors activated (20736.07 BogoMIPS)
May 11 09:32:22 stmartin kernel: [    0.017646] devtmpfs: initialized
May 11 09:32:22 stmartin kernel: [    0.018694] clocksource: jiffies: mask: 0xffffffff max_cycles: 0xffffffff, max_idle_ns: 1911260446275000 ns
May 11 09:32:22 stmartin kernel: [    0.019130] futex hash table entries: 1024 (order: 4, 65536 bytes)
May 11 09:32:22 stmartin kernel: [    0.019760] PM: RTC time: 07:32:21, date: 2019-05-11
May 11 09:32:22 stmartin kernel: [    0.020212] NET: Registered protocol family 16
May 11 09:32:22 stmartin kernel: [    0.020495] audit: initializing netlink subsys (disabled)
May 11 09:32:22 stmartin kernel: [    0.020623] audit: type=2000 audit(1557559940.031:1): state=initialized audit_enabled=0 res=1
May 11 09:32:22 stmartin kernel: [    0.020977] cpuidle: using governor menu
May 11 09:32:22 stmartin kernel: [    0.021578] ACPI: bus type PCI registered
May 11 09:32:22 stmartin kernel: [    0.022033] PCI: Using configuration type 1 for base access
May 11 09:32:22 stmartin kernel: [    0.024836] HugeTLB registered 2.00 MiB page size, pre-allocated 0 pages
May 11 09:32:22 stmartin kernel: [    0.025643] cryptomgr_test (36) used greatest stack depth: 15192 bytes left
May 11 09:32:22 stmartin kernel: [    0.026051] kworker/u8:0 (38) used greatest stack depth: 14536 bytes left
May 11 09:32:22 stmartin kernel: [    0.030666] kworker/u8:0 (56) used greatest stack depth: 14088 bytes left
May 11 09:32:22 stmartin kernel: [    0.037700] ACPI: Added _OSI(Module Device)
May 11 09:32:22 stmartin kernel: [    0.038598] ACPI: Added _OSI(Processor Device)
May 11 09:32:22 stmartin kernel: [    0.038819] ACPI: Added _OSI(3.0 _SCP Extensions)
May 11 09:32:22 stmartin kernel: [    0.039037] ACPI: Added _OSI(Processor Aggregator Device)
May 11 09:32:22 stmartin kernel: [    0.039586] ACPI: Added _OSI(Linux-Dell-Video)
May 11 09:32:22 stmartin kernel: [    0.039790] ACPI: Added _OSI(Linux-Lenovo-NV-HDMI-Audio)
May 11 09:32:22 stmartin kernel: [    0.040020] ACPI: Added _OSI(Linux-HPI-Hybrid-Graphics)
May 11 09:32:22 stmartin kernel: [    0.041487] ACPI: 2 ACPI AML tables successfully acquired and loaded
May 11 09:32:22 stmartin kernel: [    0.043213] ACPI: Interpreter enabled
May 11 09:32:22 stmartin kernel: [    0.043594] ACPI: (supports S0 S5)
May 11 09:32:22 stmartin kernel: [    0.043782] ACPI: Using IOAPIC for interrupt routing
May 11 09:32:22 stmartin kernel: [    0.044062] PCI: Using host bridge windows from ACPI; if necessary, use "pci=nocrs" and report a bug
May 11 09:32:22 stmartin kernel: [    0.044732] ACPI: Enabled 2 GPEs in block 00 to 07
May 11 09:32:22 stmartin kernel: [    0.050277] ACPI: PCI Root Bridge [PCI0] (domain 0000 [bus 00-ff])
May 11 09:32:22 stmartin kernel: [    0.050438] acpi PNP0A03:00: _OSC: OS supports [ASPM ClockPM Segments MSI HPX-Type3]
May 11 09:32:22 stmartin kernel: [    0.050836] acpi PNP0A03:00: _OSC: not requesting OS control; OS requires [ExtendedConfig ASPM ClockPM MSI]
May 11 09:32:22 stmartin kernel: [    0.051138] acpi PNP0A03:00: fail to add MMCONFIG information, can't access extended PCI configuration space under this bridge.
May 11 09:32:22 stmartin kernel: [    0.051717] PCI host bridge to bus 0000:00
May 11 09:32:22 stmartin kernel: [    0.051926] pci_bus 0000:00: root bus resource [io  0x0000-0x0cf7 window]
May 11 09:32:22 stmartin kernel: [    0.052095] pci_bus 0000:00: root bus resource [io  0x0d00-0xffff window]
May 11 09:32:22 stmartin kernel: [    0.052585] pci_bus 0000:00: root bus resource [mem 0x000a0000-0x000bffff window]
May 11 09:32:22 stmartin kernel: [    0.053403] pci_bus 0000:00: root bus resource [mem 0xe0000000-0xfdffffff window]
May 11 09:32:22 stmartin kernel: [    0.053584] pci_bus 0000:00: root bus resource [bus 00-ff]
May 11 09:32:22 stmartin kernel: [    0.054669] pci 0000:00:00.0: [8086:1237] type 00 class 0x060000
May 11 09:32:22 stmartin kernel: [    0.055993] pci 0000:00:01.0: [8086:7000] type 00 class 0x060100
May 11 09:32:22 stmartin kernel: [    0.057978] pci 0000:00:02.0: [80ee:beef] type 00 class 0x030000
May 11 09:32:22 stmartin kernel: [    0.062642] pci 0000:00:02.0: reg 0x10: [mem 0xe0000000-0xe7ffffff pref]
May 11 09:32:22 stmartin kernel: [    0.094222] pci 0000:00:03.0: [8086:100e] type 00 class 0x020000
May 11 09:32:22 stmartin kernel: [    0.096803] pci 0000:00:03.0: reg 0x10: [mem 0xf0000000-0xf001ffff]
May 11 09:32:22 stmartin kernel: [    0.100685] pci 0000:00:03.0: reg 0x18: [io  0xd000-0xd007]
May 11 09:32:22 stmartin kernel: [    0.111021] pci 0000:00:04.0: [80ee:cafe] type 00 class 0x088000
May 11 09:32:22 stmartin kernel: [    0.113704] pci 0000:00:04.0: reg 0x10: [io  0xd020-0xd03f]
May 11 09:32:22 stmartin kernel: [    0.115752] pci 0000:00:04.0: reg 0x14: [mem 0xf0400000-0xf07fffff]
May 11 09:32:22 stmartin kernel: [    0.117697] pci 0000:00:04.0: reg 0x18: [mem 0xf0800000-0xf0803fff pref]
May 11 09:32:22 stmartin kernel: [    0.125741] pci 0000:00:05.0: [8086:2415] type 00 class 0x040100
May 11 09:32:22 stmartin kernel: [    0.126159] pci 0000:00:05.0: reg 0x10: [io  0xd100-0xd1ff]
May 11 09:32:22 stmartin kernel: [    0.126588] pci 0000:00:05.0: reg 0x14: [io  0xd200-0xd23f]
May 11 09:32:22 stmartin kernel: [    0.129030] pci 0000:00:07.0: [8086:7113] type 00 class 0x068000
May 11 09:32:22 stmartin kernel: [    0.130311] pci 0000:00:07.0: quirk: [io  0x4000-0x403f] claimed by PIIX4 ACPI
May 11 09:32:22 stmartin kernel: [    0.130588] pci 0000:00:07.0: quirk: [io  0x4100-0x410f] claimed by PIIX4 SMB
May 11 09:32:22 stmartin kernel: [    0.131460] pci 0000:00:0c.0: [8086:1e31] type 00 class 0x0c0330
May 11 09:32:22 stmartin kernel: [    0.133760] pci 0000:00:0c.0: reg 0x10: [mem 0xf0810000-0xf081ffff]
May 11 09:32:22 stmartin kernel: [    0.146430] pci 0000:00:0d.0: [8086:2829] type 00 class 0x010601
May 11 09:32:22 stmartin kernel: [    0.148829] pci 0000:00:0d.0: reg 0x10: [io  0xd240-0xd247]
May 11 09:32:22 stmartin kernel: [    0.150828] pci 0000:00:0d.0: reg 0x14: [io  0xd248-0xd24b]
May 11 09:32:22 stmartin kernel: [    0.152848] pci 0000:00:0d.0: reg 0x18: [io  0xd250-0xd257]
May 11 09:32:22 stmartin kernel: [    0.154777] pci 0000:00:0d.0: reg 0x1c: [io  0xd258-0xd25b]
May 11 09:32:22 stmartin kernel: [    0.157726] pci 0000:00:0d.0: reg 0x20: [io  0xd260-0xd26f]
May 11 09:32:22 stmartin kernel: [    0.159833] pci 0000:00:0d.0: reg 0x24: [mem 0xf0820000-0xf0821fff]
May 11 09:32:22 stmartin kernel: [    0.164465] ACPI: PCI Interrupt Link [LNKA] (IRQs 5 9 10 *11)
May 11 09:32:22 stmartin kernel: [    0.164910] ACPI: PCI Interrupt Link [LNKB] (IRQs 5 9 *10 11)
May 11 09:32:22 stmartin kernel: [    0.165279] ACPI: PCI Interrupt Link [LNKC] (IRQs 5 *9 10 11)
May 11 09:32:22 stmartin kernel: [    0.165678] ACPI: PCI Interrupt Link [LNKD] (IRQs 5 9 10 *11)
May 11 09:32:22 stmartin kernel: [    0.167633] pci 0000:00:02.0: vgaarb: setting as boot VGA device
May 11 09:32:22 stmartin kernel: [    0.167880] pci 0000:00:02.0: vgaarb: VGA device added: decodes=io+mem,owns=io+mem,locks=none
May 11 09:32:22 stmartin kernel: [    0.167938] pci 0000:00:02.0: vgaarb: bridge control possible
May 11 09:32:22 stmartin kernel: [    0.167938] vgaarb: loaded
May 11 09:32:22 stmartin kernel: [    0.168624] SCSI subsystem initialized
May 11 09:32:22 stmartin kernel: [    0.169792] libata version 3.00 loaded.
May 11 09:32:22 stmartin kernel: [    0.169792] ACPI: bus type USB registered
May 11 09:32:22 stmartin kernel: [    0.169897] usbcore: registered new interface driver usbfs
May 11 09:32:22 stmartin kernel: [    0.169952] usbcore: registered new interface driver hub
May 11 09:32:22 stmartin kernel: [    0.170695] usbcore: registered new device driver usb
May 11 09:32:22 stmartin kernel: [    0.170831] pps_core: LinuxPPS API ver. 1 registered
May 11 09:32:22 stmartin kernel: [    0.171069] pps_core: Software ver. 5.3.6 - Copyright 2005-2007 Rodolfo Giometti <giometti@linux.it>
May 11 09:32:22 stmartin kernel: [    0.171354] PTP clock support registered
May 11 09:32:22 stmartin kernel: [    0.172678] EDAC MC: Ver: 3.0.0
May 11 09:32:22 stmartin kernel: [    0.173694] Advanced Linux Sound Architecture Driver Initialized.
May 11 09:32:22 stmartin kernel: [    0.173986] PCI: Using ACPI for IRQ routing
May 11 09:32:22 stmartin kernel: [    0.174205] PCI: pci_cache_line_size set to 64 bytes
May 11 09:32:22 stmartin kernel: [    0.174205] e820: reserve RAM buffer [mem 0x0009fc00-0x0009ffff]
May 11 09:32:22 stmartin kernel: [    0.174205] e820: reserve RAM buffer [mem 0xdfff0000-0xdfffffff]
May 11 09:32:22 stmartin kernel: [    0.174588] NetLabel: Initializing
May 11 09:32:22 stmartin kernel: [    0.174588] NetLabel:  domain hash size = 128
May 11 09:32:22 stmartin kernel: [    0.174588] NetLabel:  protocols = UNLABELED CIPSOv4 CALIPSO
May 11 09:32:22 stmartin kernel: [    0.174751] NetLabel:  unlabeled traffic allowed by default
May 11 09:32:22 stmartin kernel: [    0.176809] clocksource: Switched to clocksource tsc-early
May 11 09:32:22 stmartin kernel: [    0.239831] VFS: Disk quotas dquot_6.6.0
May 11 09:32:22 stmartin kernel: [    0.240070] VFS: Dquot-cache hash table entries: 512 (order 0, 4096 bytes)
May 11 09:32:22 stmartin kernel: [    0.240354] *** VALIDATE hugetlbfs ***
May 11 09:32:22 stmartin kernel: [    0.240582] pnp: PnP ACPI init
May 11 09:32:22 stmartin kernel: [    0.240713] pnp 00:00: Plug and Play ACPI device, IDs PNP0303 (active)
May 11 09:32:22 stmartin kernel: [    0.240796] pnp 00:01: Plug and Play ACPI device, IDs PNP0f03 (active)
May 11 09:32:22 stmartin kernel: [    0.241868] pnp: PnP ACPI: found 2 devices
May 11 09:32:22 stmartin kernel: [    0.253301] clocksource: acpi_pm: mask: 0xffffff max_cycles: 0xffffff, max_idle_ns: 2085701024 ns
May 11 09:32:22 stmartin kernel: [    0.253611] pci_bus 0000:00: resource 4 [io  0x0000-0x0cf7 window]
May 11 09:32:22 stmartin kernel: [    0.253908] pci_bus 0000:00: resource 5 [io  0x0d00-0xffff window]
May 11 09:32:22 stmartin kernel: [    0.254193] pci_bus 0000:00: resource 6 [mem 0x000a0000-0x000bffff window]
May 11 09:32:22 stmartin kernel: [    0.254465] pci_bus 0000:00: resource 7 [mem 0xe0000000-0xfdffffff window]
May 11 09:32:22 stmartin kernel: [    0.254686] NET: Registered protocol family 2
May 11 09:32:22 stmartin kernel: [    0.255101] tcp_listen_portaddr_hash hash table entries: 2048 (order: 3, 32768 bytes)
May 11 09:32:22 stmartin kernel: [    0.255490] TCP established hash table entries: 32768 (order: 6, 262144 bytes)
May 11 09:32:22 stmartin kernel: [    0.255810] TCP bind hash table entries: 32768 (order: 7, 524288 bytes)
May 11 09:32:22 stmartin kernel: [    0.256134] TCP: Hash tables configured (established 32768 bind 32768)
May 11 09:32:22 stmartin kernel: [    0.256454] UDP hash table entries: 2048 (order: 4, 65536 bytes)
May 11 09:32:22 stmartin kernel: [    0.256603] UDP-Lite hash table entries: 2048 (order: 4, 65536 bytes)
May 11 09:32:22 stmartin kernel: [    0.257822] NET: Registered protocol family 1
May 11 09:32:22 stmartin kernel: [    0.259553] RPC: Registered named UNIX socket transport module.
May 11 09:32:22 stmartin kernel: [    0.259902] RPC: Registered udp transport module.
May 11 09:32:22 stmartin kernel: [    0.260132] RPC: Registered tcp transport module.
May 11 09:32:22 stmartin kernel: [    0.260364] RPC: Registered tcp NFSv4.1 backchannel transport module.
May 11 09:32:22 stmartin kernel: [    0.261020] pci 0000:00:00.0: Limiting direct PCI/PCI transfers
May 11 09:32:22 stmartin kernel: [    0.261342] pci 0000:00:01.0: Activating ISA DMA hang workarounds
May 11 09:32:22 stmartin kernel: [    0.261710] pci 0000:00:02.0: Video device with shadowed ROM at [mem 0x000c0000-0x000dffff]
May 11 09:32:22 stmartin kernel: [    0.263445] PCI: CLS 0 bytes, default 64
May 11 09:32:22 stmartin kernel: [    0.263583] PCI-DMA: Using software bounce buffering for IO (SWIOTLB)
May 11 09:32:22 stmartin kernel: [    0.263857] software IO TLB: mapped [mem 0xdbff0000-0xdfff0000] (64MB)
May 11 09:32:22 stmartin kernel: [    0.264679] RAPL PMU: API unit is 2^-32 Joules, 5 fixed counters, 10737418240 ms ovfl timer
May 11 09:32:22 stmartin kernel: [    0.265010] RAPL PMU: hw unit of domain pp0-core 2^-0 Joules
May 11 09:32:22 stmartin kernel: [    0.265288] RAPL PMU: hw unit of domain package 2^-0 Joules
May 11 09:32:22 stmartin kernel: [    0.265526] RAPL PMU: hw unit of domain dram 2^-0 Joules
May 11 09:32:22 stmartin kernel: [    0.265639] RAPL PMU: hw unit of domain pp1-gpu 2^-0 Joules
May 11 09:32:22 stmartin kernel: [    0.266447] RAPL PMU: hw unit of domain psys 2^-0 Joules
May 11 09:32:22 stmartin kernel: [    0.266939] platform rtc_cmos: registered platform RTC device (no PNP device found)
May 11 09:32:22 stmartin kernel: [    0.269195] check: Scanning for low memory corruption every 60 seconds
May 11 09:32:22 stmartin kernel: [    0.269925] Initialise system trusted keyrings
May 11 09:32:22 stmartin kernel: [    0.270306] workingset: timestamp_bits=56 max_order=20 bucket_order=0
May 11 09:32:22 stmartin kernel: [    0.272519] NFS: Registering the id_resolver key type
May 11 09:32:22 stmartin kernel: [    0.272702] Key type id_resolver registered
May 11 09:32:22 stmartin kernel: [    0.272898] Key type id_legacy registered
May 11 09:32:22 stmartin kernel: [    0.277024] Key type asymmetric registered
May 11 09:32:22 stmartin kernel: [    0.277262] Asymmetric key parser 'x509' registered
May 11 09:32:22 stmartin kernel: [    0.277504] Block layer SCSI generic (bsg) driver version 0.4 loaded (major 251)
May 11 09:32:22 stmartin kernel: [    0.277764] io scheduler mq-deadline registered
May 11 09:32:22 stmartin kernel: [    0.278056] io scheduler kyber registered
May 11 09:32:22 stmartin kernel: [    0.279350] ACPI: AC Adapter [AC] (on-line)
May 11 09:32:22 stmartin kernel: [    0.279683] input: Power Button as /devices/LNXSYSTM:00/LNXPWRBN:00/input/input0
May 11 09:32:22 stmartin kernel: [    0.280314] ACPI: Power Button [PWRF]
May 11 09:32:22 stmartin kernel: [    0.280613] input: Sleep Button as /devices/LNXSYSTM:00/LNXSLPBN:00/input/input1
May 11 09:32:22 stmartin kernel: [    0.281039] ACPI: Sleep Button [SLPF]
May 11 09:32:22 stmartin kernel: [    0.281366] ACPI: Video Device [GFX0] (multi-head: yes  rom: no  post: no)
May 11 09:32:22 stmartin kernel: [    0.281581] input: Video Bus as /devices/LNXSYSTM:00/LNXSYBUS:00/PNP0A03:00/LNXVIDEO:00/input/input2
May 11 09:32:22 stmartin kernel: [    0.282413] Serial: 8250/16550 driver, 4 ports, IRQ sharing enabled
May 11 09:32:22 stmartin kernel: [    0.283050] Non-volatile memory driver v1.3
May 11 09:32:22 stmartin kernel: [    0.283324] Linux agpgart interface v0.103
May 11 09:32:22 stmartin kernel: [    0.284093] battery: ACPI: Battery Slot [BAT0] (battery present)
May 11 09:32:22 stmartin kernel: [    0.288466] loop: module loaded
May 11 09:32:22 stmartin kernel: [    0.288605] ahci 0000:00:0d.0: version 3.0
May 11 09:32:22 stmartin kernel: [    0.289300] ahci 0000:00:0d.0: SSS flag set, parallel bus scan disabled
May 11 09:32:22 stmartin kernel: [    0.289686] ahci 0000:00:0d.0: AHCI 0001.0100 32 slots 2 ports 3 Gbps 0x3 impl SATA mode
May 11 09:32:22 stmartin kernel: [    0.290066] ahci 0000:00:0d.0: flags: 64bit ncq stag only ccc 
May 11 09:32:22 stmartin kernel: [    0.291675] scsi host0: ahci
May 11 09:32:22 stmartin kernel: [    0.292430] scsi host1: ahci
May 11 09:32:22 stmartin kernel: [    0.292618] ata1: SATA max UDMA/133 abar m8192@0xf0820000 port 0xf0820100 irq 21
May 11 09:32:22 stmartin kernel: [    0.292982] ata2: SATA max UDMA/133 abar m8192@0xf0820000 port 0xf0820180 irq 21
May 11 09:32:22 stmartin kernel: [    0.293496] e100: Intel(R) PRO/100 Network Driver, 3.5.24-k2-NAPI
May 11 09:32:22 stmartin kernel: [    0.297670] e100: Copyright(c) 1999-2006 Intel Corporation
May 11 09:32:22 stmartin kernel: [    0.297954] e1000: Intel(R) PRO/1000 Network Driver - version 7.3.21-k8-NAPI
May 11 09:32:22 stmartin kernel: [    0.298233] e1000: Copyright (c) 1999-2006 Intel Corporation.
May 11 09:32:22 stmartin kernel: [    0.607008] ata1: SATA link up 3.0 Gbps (SStatus 123 SControl 300)
May 11 09:32:22 stmartin kernel: [    0.607950] ata1.00: ATA-6: VBOX HARDDISK, 1.0, max UDMA/133
May 11 09:32:22 stmartin kernel: [    0.608272] ata1.00: 54525952 sectors, multi 128: LBA48 NCQ (depth 32)
May 11 09:32:22 stmartin kernel: [    0.608960] ata1.00: configured for UDMA/133
May 11 09:32:22 stmartin kernel: [    0.609333] scsi 0:0:0:0: Direct-Access     ATA      VBOX HARDDISK    1.0  PQ: 0 ANSI: 5
May 11 09:32:22 stmartin kernel: [    0.610137] sd 0:0:0:0: Attached scsi generic sg0 type 0
May 11 09:32:22 stmartin kernel: [    0.610710] sd 0:0:0:0: [sda] 54525952 512-byte logical blocks: (27.9 GB/26.0 GiB)
May 11 09:32:22 stmartin kernel: [    0.611198] sd 0:0:0:0: [sda] Write Protect is off
May 11 09:32:22 stmartin kernel: [    0.611457] sd 0:0:0:0: [sda] Mode Sense: 00 3a 00 00
May 11 09:32:22 stmartin kernel: [    0.611478] sd 0:0:0:0: [sda] Write cache: enabled, read cache: enabled, doesn't support DPO or FUA
May 11 09:32:22 stmartin kernel: [    0.617973]  sda: sda1 sda2 sda3
May 11 09:32:22 stmartin kernel: [    0.618673] sd 0:0:0:0: [sda] Attached SCSI disk
May 11 09:32:22 stmartin kernel: [    0.760361] e1000 0000:00:03.0 eth0: (PCI:33MHz:32-bit) 08:00:27:3d:0a:87
May 11 09:32:22 stmartin kernel: [    0.760761] e1000 0000:00:03.0 eth0: Intel(R) PRO/1000 Network Connection
May 11 09:32:22 stmartin kernel: [    0.761112] e1000e: Intel(R) PRO/1000 Network Driver - 3.2.6-k
May 11 09:32:22 stmartin kernel: [    0.762498] e1000e: Copyright(c) 1999 - 2015 Intel Corporation.
May 11 09:32:22 stmartin kernel: [    0.762802] sky2: driver version 1.30
May 11 09:32:22 stmartin kernel: [    0.763410] ehci_hcd: USB 2.0 'Enhanced' Host Controller (EHCI) Driver
May 11 09:32:22 stmartin kernel: [    0.763726] ehci-pci: EHCI PCI platform driver
May 11 09:32:22 stmartin kernel: [    0.763989] ohci_hcd: USB 1.1 'Open' Host Controller (OHCI) Driver
May 11 09:32:22 stmartin kernel: [    0.764179] ohci-pci: OHCI PCI platform driver
May 11 09:32:22 stmartin kernel: [    0.764445] uhci_hcd: USB Universal Host Controller Interface driver
May 11 09:32:22 stmartin kernel: [    0.765328] xhci_hcd 0000:00:0c.0: xHCI Host Controller
May 11 09:32:22 stmartin kernel: [    0.765907] xhci_hcd 0000:00:0c.0: new USB bus registered, assigned bus number 1
May 11 09:32:22 stmartin kernel: [    0.767922] xhci_hcd 0000:00:0c.0: hcc params 0x04000000 hci version 0x100 quirks 0x000000000000b930
May 11 09:32:22 stmartin kernel: [    0.769646] usb usb1: New USB device found, idVendor=1d6b, idProduct=0002, bcdDevice= 5.01
May 11 09:32:22 stmartin kernel: [    0.770061] usb usb1: New USB device strings: Mfr=3, Product=2, SerialNumber=1
May 11 09:32:22 stmartin kernel: [    0.770332] usb usb1: Product: xHCI Host Controller
May 11 09:32:22 stmartin kernel: [    0.770786] usb usb1: Manufacturer: Linux 5.1.0-next-20190510 xhci-hcd
May 11 09:32:22 stmartin kernel: [    0.771074] usb usb1: SerialNumber: 0000:00:0c.0
May 11 09:32:22 stmartin kernel: [    0.771630] hub 1-0:1.0: USB hub found
May 11 09:32:22 stmartin kernel: [    0.771879] hub 1-0:1.0: 8 ports detected
May 11 09:32:22 stmartin kernel: [    0.772534] xhci_hcd 0000:00:0c.0: xHCI Host Controller
May 11 09:32:22 stmartin kernel: [    0.773049] xhci_hcd 0000:00:0c.0: new USB bus registered, assigned bus number 2
May 11 09:32:22 stmartin kernel: [    0.773531] xhci_hcd 0000:00:0c.0: Host supports USB 3.0  SuperSpeed
May 11 09:32:22 stmartin kernel: [    0.773998] usb usb2: New USB device found, idVendor=1d6b, idProduct=0003, bcdDevice= 5.01
May 11 09:32:22 stmartin kernel: [    0.774438] usb usb2: New USB device strings: Mfr=3, Product=2, SerialNumber=1
May 11 09:32:22 stmartin kernel: [    0.775402] usb usb2: Product: xHCI Host Controller
May 11 09:32:22 stmartin kernel: [    0.775642] usb usb2: Manufacturer: Linux 5.1.0-next-20190510 xhci-hcd
May 11 09:32:22 stmartin kernel: [    0.775930] usb usb2: SerialNumber: 0000:00:0c.0
May 11 09:32:22 stmartin kernel: [    0.776522] hub 2-0:1.0: USB hub found
May 11 09:32:22 stmartin kernel: [    0.776780] hub 2-0:1.0: 6 ports detected
May 11 09:32:22 stmartin kernel: [    0.777313] usbcore: registered new interface driver usblp
May 11 09:32:22 stmartin kernel: [    0.777670] usbcore: registered new interface driver usb-storage
May 11 09:32:22 stmartin kernel: [    0.777954] i8042: PNP: PS/2 Controller [PNP0303:PS2K,PNP0f03:PS2M] at 0x60,0x64 irq 1,12
May 11 09:32:22 stmartin kernel: [    0.778898] serio: i8042 KBD port at 0x60,0x64 irq 1
May 11 09:32:22 stmartin kernel: [    0.779444] serio: i8042 AUX port at 0x60,0x64 irq 12
May 11 09:32:22 stmartin kernel: [    0.780864] input: AT Translated Set 2 keyboard as /devices/platform/i8042/serio0/input/input3
May 11 09:32:22 stmartin kernel: [    0.782019] rtc_cmos rtc_cmos: registered as rtc0
May 11 09:32:22 stmartin kernel: [    0.782431] rtc_cmos rtc_cmos: alarms up to one day, 114 bytes nvram
May 11 09:32:22 stmartin kernel: [    0.782951] device-mapper: ioctl: 4.40.0-ioctl (2019-01-18) initialised: dm-devel@redhat.com
May 11 09:32:22 stmartin kernel: [    0.783382] intel_pstate: CPU model not supported
May 11 09:32:22 stmartin kernel: [    0.783675] hidraw: raw HID events driver (C) Jiri Kosina
May 11 09:32:22 stmartin kernel: [    0.784391] usbcore: registered new interface driver usbhid
May 11 09:32:22 stmartin kernel: [    0.784721] usbhid: USB HID core driver
May 11 09:32:22 stmartin kernel: [    0.786950] Initializing XFRM netlink socket
May 11 09:32:22 stmartin kernel: [    0.787402] NET: Registered protocol family 10
May 11 09:32:22 stmartin kernel: [    0.788463] Segment Routing with IPv6
May 11 09:32:22 stmartin kernel: [    0.789951] sit: IPv6, IPv4 and MPLS over IPv4 tunneling driver
May 11 09:32:22 stmartin kernel: [    0.790603] NET: Registered protocol family 17
May 11 09:32:22 stmartin kernel: [    0.790933] Key type dns_resolver registered
May 11 09:32:22 stmartin kernel: [    0.791970] mce: Using 0 MCE banks
May 11 09:32:22 stmartin kernel: [    0.792393] sched_clock: Marking stable (802364223, -10421090)->(919738586, -127795453)
May 11 09:32:22 stmartin kernel: [    0.795037] registered taskstats version 1
May 11 09:32:22 stmartin kernel: [    0.795301] Loading compiled-in X.509 certificates
May 11 09:32:22 stmartin kernel: [    0.795917] PM:   Magic number: 3:39:521
May 11 09:32:22 stmartin kernel: [    0.796109] printk: console [netcon0] enabled
May 11 09:32:22 stmartin kernel: [    0.796323] netconsole: network logging started
May 11 09:32:22 stmartin kernel: [    0.796645] cfg80211: Loading compiled-in X.509 certificates for regulatory database
May 11 09:32:22 stmartin kernel: [    0.798837] cfg80211: Loaded X.509 cert 'sforshee: 00b28ddf47aef9cea7'
May 11 09:32:22 stmartin kernel: [    0.799518] platform regulatory.0: Direct firmware load for regulatory.db failed with error -2
May 11 09:32:22 stmartin kernel: [    0.799959] cfg80211: failed to load regulatory.db
May 11 09:32:22 stmartin kernel: [    0.800125] ALSA device list:
May 11 09:32:22 stmartin kernel: [    0.800312]   No soundcards found.
May 11 09:32:22 stmartin kernel: [    0.923733] ata2: SATA link down (SStatus 0 SControl 300)
May 11 09:32:22 stmartin kernel: [    1.004863] random: fast init done
May 11 09:32:22 stmartin kernel: [    1.005128] input: ImExPS/2 Generic Explorer Mouse as /devices/platform/i8042/serio1/input/input5
May 11 09:32:22 stmartin kernel: [    1.006225] md: Waiting for all devices to be available before autodetect
May 11 09:32:22 stmartin kernel: [    1.006579] md: If you don't use raid, use raid=noautodetect
May 11 09:32:22 stmartin kernel: [    1.007522] md: Autodetecting RAID arrays.
May 11 09:32:22 stmartin kernel: [    1.007792] md: autorun ...
May 11 09:32:22 stmartin kernel: [    1.008052] md: ... autorun DONE.
May 11 09:32:22 stmartin kernel: [    1.020863] EXT4-fs (sda2): mounted filesystem with ordered data mode. Opts: (null)
May 11 09:32:22 stmartin kernel: [    1.021263] VFS: Mounted root (ext4 filesystem) readonly on device 8:2.
May 11 09:32:22 stmartin kernel: [    1.039428] devtmpfs: mounted
May 11 09:32:22 stmartin kernel: [    1.040100] Freeing unused kernel image memory: 1316K
May 11 09:32:22 stmartin kernel: [    1.040509] Write protecting the kernel read-only data: 20480k
May 11 09:32:22 stmartin kernel: [    1.041660] Freeing unused kernel image memory: 2008K
May 11 09:32:22 stmartin kernel: [    1.042571] Freeing unused kernel image memory: 988K
May 11 09:32:22 stmartin kernel: [    1.043204] Run /sbin/init as init process
May 11 09:32:22 stmartin kernel: [    1.097439] usb 1-1: new full-speed USB device number 2 using xhci_hcd
May 11 09:32:22 stmartin kernel: <30>[    1.214915] systemd[1]: systemd 241 running in system mode. (+PAM -AUDIT -SELINUX +IMA -APPARMOR +SMACK +SYSVINIT +UTMP -LIBCRYPTSETUP +GCRYPT +GNUTLS +ACL +XZ -LZ4 +SECCOMP +BLKID -ELFUTILS +KMOD -IDN2 -IDN +PCRE2 default-hierarchy=hybrid)
May 11 09:32:22 stmartin kernel: <30>[    1.216459] systemd[1]: Detected virtualization oracle.
May 11 09:32:22 stmartin kernel: <30>[    1.216579] systemd[1]: Detected architecture x86-64.
May 11 09:32:22 stmartin kernel: <30>[    1.216911] systemd[1]: Running with unpopulated /etc.
May 11 09:32:22 stmartin kernel: <30>[    1.229702] systemd[1]: Set hostname to <stmartin>.
May 11 09:32:22 stmartin kernel: <27>[    1.230217] systemd[1]: System cannot boot: Missing /etc/machine-id and /etc is mounted read-only.
May 11 09:32:22 stmartin kernel: [    1.230275] usb 1-1: New USB device found, idVendor=80ee, idProduct=0021, bcdDevice= 1.00
May 11 09:32:22 stmartin kernel: <27>[    1.230683] systemd[1]: Booting up is supported only when:
May 11 09:32:22 stmartin kernel: [    1.231274] usb 1-1: New USB device strings: Mfr=1, Product=3, SerialNumber=0
May 11 09:32:22 stmartin kernel: <27>[    1.231533] systemd[1]: 1) /etc/machine-id exists and is populated.
May 11 09:32:22 stmartin kernel: [    1.232263] usb 1-1: Product: USB Tablet
May 11 09:32:22 stmartin kernel: [    1.232266] usb 1-1: Manufacturer: VirtualBox
May 11 09:32:22 stmartin kernel: <27>[    1.233830] systemd[1]: 2) /etc/machine-id exists and is empty.
May 11 09:32:22 stmartin kernel: <27>[    1.234910] systemd[1]: 3) /etc/machine-id is missing and /etc is writable.
May 11 09:32:22 stmartin kernel: [    1.265681] modprobe (119) used greatest stack depth: 13432 bytes left
May 11 09:32:22 stmartin kernel: [    1.266088] input: VirtualBox USB Tablet as /devices/pci0000:00/0000:00:0c.0/usb1/1-1/1-1:1.0/0003:80EE:0021.0001/input/input6
May 11 09:32:22 stmartin kernel: [    1.267390] hid-generic 0003:80EE:0021.0001: input,hidraw0: USB HID v1.10 Mouse [VirtualBox USB Tablet] on usb-0000:00:0c.0-1/input0
May 11 09:32:22 stmartin kernel: [    1.299091] systemd-fstab-g (124) used greatest stack depth: 13032 bytes left
May 11 09:32:22 stmartin kernel: [    1.301770] tsc: Refined TSC clocksource calibration: 2592.000 MHz
May 11 09:32:22 stmartin kernel: [    1.302188] clocksource: tsc: mask: 0xffffffffffffffff max_cycles: 0x255cb6cc5db, max_idle_ns: 440795203504 ns
May 11 09:32:22 stmartin kernel: [    1.303162] clocksource: Switched to clocksource tsc
May 11 09:32:22 stmartin kernel: [    1.630178] EXT4-fs (sda2): re-mounted. Opts: (null)
May 11 09:32:22 stmartin kernel: [    1.654199] random: systemd-random-: uninitialized urandom read (512 bytes read)
May 11 09:32:22 stmartin kernel: <46>[    1.878584] systemd-journald[137]: Received request to flush runtime journal from PID 1
May 11 09:32:22 stmartin kernel: [    2.034183] e1000 0000:00:03.0 enp0s3: renamed from eth0
May 11 09:32:22 stmartin kernel: [    2.061072] kb_module: version magic '5.1.0-rc7-thor_kernel-dirty SMP mod_unload ' should be '5.1.0-next-20190510 SMP mod_unload '
May 11 09:32:22 stmartin kernel: [    2.076273] random: crng init done
May 11 09:32:22 stmartin kernel: [    2.200276] EXT4-fs (sda1): mounting ext2 file system using the ext4 subsystem
May 11 09:32:22 stmartin kernel: [    2.209727] EXT4-fs (sda1): warning: mounting unchecked fs, running e2fsck is recommended
May 11 09:32:22 stmartin kernel: [    2.211813] EXT4-fs (sda1): mounted filesystem without journal. Opts: (null)
May 11 09:32:22 stmartin kernel: [    2.214331] Adding 2120700k swap on /dev/sda3.  Priority:1 extents:1 across:2120700k 
May 11 09:32:22 stmartin kernel: [    2.234100] kb_module: version magic '5.1.0-rc7-thor_kernel-dirty SMP mod_unload ' should be '5.1.0-next-20190510 SMP mod_unload '
May 11 09:32:22 stmartin kernel: [    2.543247] ip (349) used greatest stack depth: 12344 bytes left
May 11 09:32:24 stmartin kernel: [    4.566397] e1000: enp0s3 NIC Link is Up 1000 Mbps Full Duplex, Flow Control: RX
May 11 09:32:24 stmartin kernel: [    4.567056] IPv6: ADDRCONF(NETDEV_CHANGE): enp0s3: link becomes ready
