May  6 21:45:00 stmartin syslogd 1.5.1: restart.
May  6 21:45:00 stmartin kernel: klogd 1.5.1, log source = /proc/kmsg started.
May  6 21:45:00 stmartin kernel: Cannot find map file.
May  6 21:45:00 stmartin kernel: Loaded 50368 symbols from 1 module.
May  6 21:45:00 stmartin kernel: [    0.000000] Linux version 5.1.0-rc7-dirty (root@stmartin) (gcc version 8.2.0 (GCC)) #4 SMP Mon May 6 21:41:41 CEST 2019
May  6 21:45:00 stmartin kernel: [    0.000000] Command line: BOOT_IMAGE=(hd0,1)/vmlinuz-v5.1-stmartin root=/dev/sda2 ro
May  6 21:45:00 stmartin kernel: [    0.000000] x86/fpu: Supporting XSAVE feature 0x001: 'x87 floating point registers'
May  6 21:45:00 stmartin kernel: [    0.000000] x86/fpu: Supporting XSAVE feature 0x002: 'SSE registers'
May  6 21:45:00 stmartin kernel: [    0.000000] x86/fpu: Supporting XSAVE feature 0x004: 'AVX registers'
May  6 21:45:00 stmartin kernel: [    0.000000] x86/fpu: xstate_offset[2]:  576, xstate_sizes[2]:  256
May  6 21:45:00 stmartin kernel: [    0.000000] x86/fpu: Enabled xstate features 0x7, context size is 832 bytes, using 'standard' format.
May  6 21:45:00 stmartin kernel: [    0.000000] BIOS-provided physical RAM map:
May  6 21:45:00 stmartin kernel: [    0.000000] BIOS-e820: [mem 0x0000000000000000-0x000000000009fbff] usable
May  6 21:45:00 stmartin kernel: [    0.000000] BIOS-e820: [mem 0x000000000009fc00-0x000000000009ffff] reserved
May  6 21:45:00 stmartin kernel: [    0.000000] BIOS-e820: [mem 0x00000000000f0000-0x00000000000fffff] reserved
May  6 21:45:00 stmartin kernel: [    0.000000] BIOS-e820: [mem 0x0000000000100000-0x00000000dffeffff] usable
May  6 21:45:00 stmartin kernel: [    0.000000] BIOS-e820: [mem 0x00000000dfff0000-0x00000000dfffffff] ACPI data
May  6 21:45:00 stmartin kernel: [    0.000000] BIOS-e820: [mem 0x00000000fec00000-0x00000000fec00fff] reserved
May  6 21:45:00 stmartin kernel: [    0.000000] BIOS-e820: [mem 0x00000000fee00000-0x00000000fee00fff] reserved
May  6 21:45:00 stmartin kernel: [    0.000000] BIOS-e820: [mem 0x00000000fffc0000-0x00000000ffffffff] reserved
May  6 21:45:00 stmartin kernel: [    0.000000] BIOS-e820: [mem 0x0000000100000000-0x000000011fffffff] usable
May  6 21:45:00 stmartin kernel: [    0.000000] NX (Execute Disable) protection: active
May  6 21:45:00 stmartin kernel: [    0.000000] SMBIOS 2.5 present.
May  6 21:45:00 stmartin kernel: [    0.000000] DMI: innotek GmbH VirtualBox/VirtualBox, BIOS VirtualBox 12/01/2006
May  6 21:45:00 stmartin kernel: [    0.000000] tsc: Fast TSC calibration failed
May  6 21:45:00 stmartin kernel: [    0.000000] e820: update [mem 0x00000000-0x00000fff] usable ==> reserved
May  6 21:45:00 stmartin kernel: [    0.000000] e820: remove [mem 0x000a0000-0x000fffff] usable
May  6 21:45:00 stmartin kernel: [    0.000000] last_pfn = 0x120000 max_arch_pfn = 0x400000000
May  6 21:45:00 stmartin kernel: [    0.000000] MTRR default type: uncachable
May  6 21:45:00 stmartin kernel: [    0.000000] MTRR variable ranges disabled:
May  6 21:45:00 stmartin kernel: [    0.000000] Disabled
May  6 21:45:00 stmartin kernel: [    0.000000] x86/PAT: MTRRs disabled, skipping PAT initialization too.
May  6 21:45:00 stmartin kernel: [    0.000000] CPU MTRRs all blank - virtualized system.
May  6 21:45:00 stmartin kernel: [    0.000000] x86/PAT: Configuration [0-7]: WB  WT  UC- UC  WB  WT  UC- UC  
May  6 21:45:00 stmartin kernel: [    0.000000] last_pfn = 0xdfff0 max_arch_pfn = 0x400000000
May  6 21:45:00 stmartin kernel: [    0.000000] found SMP MP-table at [mem 0x0009fff0-0x0009ffff]
May  6 21:45:00 stmartin kernel: [    0.000000] check: Scanning 1 areas for low memory corruption
May  6 21:45:00 stmartin kernel: [    0.000000] BRK [0x15801000, 0x15801fff] PGTABLE
May  6 21:45:00 stmartin kernel: [    0.000000] BRK [0x15802000, 0x15802fff] PGTABLE
May  6 21:45:00 stmartin kernel: [    0.000000] BRK [0x15803000, 0x15803fff] PGTABLE
May  6 21:45:00 stmartin kernel: [    0.000000] BRK [0x15804000, 0x15804fff] PGTABLE
May  6 21:45:00 stmartin kernel: [    0.000000] BRK [0x15805000, 0x15805fff] PGTABLE
May  6 21:45:00 stmartin kernel: [    0.000000] ACPI: Early table checksum verification disabled
May  6 21:45:00 stmartin kernel: [    0.000000] ACPI: RSDP 0x00000000000E0000 000024 (v02 VBOX  )
May  6 21:45:00 stmartin kernel: [    0.000000] ACPI: XSDT 0x00000000DFFF0030 00003C (v01 VBOX   VBOXXSDT 00000001 ASL  00000061)
May  6 21:45:00 stmartin kernel: [    0.000000] ACPI: FACP 0x00000000DFFF00F0 0000F4 (v04 VBOX   VBOXFACP 00000001 ASL  00000061)
May  6 21:45:00 stmartin kernel: [    0.000000] ACPI: DSDT 0x00000000DFFF0480 0021FF (v02 VBOX   VBOXBIOS 00000002 INTL 20100528)
May  6 21:45:00 stmartin kernel: [    0.000000] ACPI: FACS 0x00000000DFFF0200 000040
May  6 21:45:00 stmartin kernel: [    0.000000] ACPI: FACS 0x00000000DFFF0200 000040
May  6 21:45:00 stmartin kernel: [    0.000000] ACPI: APIC 0x00000000DFFF0240 00006C (v02 VBOX   VBOXAPIC 00000001 ASL  00000061)
May  6 21:45:00 stmartin kernel: [    0.000000] ACPI: SSDT 0x00000000DFFF02B0 0001CC (v01 VBOX   VBOXCPUT 00000002 INTL 20100528)
May  6 21:45:00 stmartin kernel: [    0.000000] ACPI: Local APIC address 0xfee00000
May  6 21:45:00 stmartin kernel: [    0.000000] No NUMA configuration found
May  6 21:45:00 stmartin kernel: [    0.000000] Faking a node at [mem 0x0000000000000000-0x000000011fffffff]
May  6 21:45:00 stmartin kernel: [    0.000000] NODE_DATA(0) allocated [mem 0x11fff8000-0x11fffbfff]
May  6 21:45:00 stmartin kernel: [    0.000000] Zone ranges:
May  6 21:45:00 stmartin kernel: [    0.000000]   DMA      [mem 0x0000000000001000-0x0000000000ffffff]
May  6 21:45:00 stmartin kernel: [    0.000000]   DMA32    [mem 0x0000000001000000-0x00000000ffffffff]
May  6 21:45:00 stmartin kernel: [    0.000000]   Normal   [mem 0x0000000100000000-0x000000011fffffff]
May  6 21:45:00 stmartin kernel: [    0.000000] Movable zone start for each node
May  6 21:45:00 stmartin kernel: [    0.000000] Early memory node ranges
May  6 21:45:00 stmartin kernel: [    0.000000]   node   0: [mem 0x0000000000001000-0x000000000009efff]
May  6 21:45:00 stmartin kernel: [    0.000000]   node   0: [mem 0x0000000000100000-0x00000000dffeffff]
May  6 21:45:00 stmartin kernel: [    0.000000]   node   0: [mem 0x0000000100000000-0x000000011fffffff]
May  6 21:45:00 stmartin kernel: [    0.000000] Zeroed struct page in unavailable ranges: 114 pages
May  6 21:45:00 stmartin kernel: [    0.000000] Initmem setup node 0 [mem 0x0000000000001000-0x000000011fffffff]
May  6 21:45:00 stmartin kernel: [    0.000000] On node 0 totalpages: 1048462
May  6 21:45:00 stmartin kernel: [    0.000000]   DMA zone: 64 pages used for memmap
May  6 21:45:00 stmartin kernel: [    0.000000]   DMA zone: 21 pages reserved
May  6 21:45:00 stmartin kernel: [    0.000000]   DMA zone: 3998 pages, LIFO batch:0
May  6 21:45:00 stmartin kernel: [    0.000000]   DMA32 zone: 14272 pages used for memmap
May  6 21:45:00 stmartin kernel: [    0.000000]   DMA32 zone: 913392 pages, LIFO batch:63
May  6 21:45:00 stmartin kernel: [    0.000000]   Normal zone: 2048 pages used for memmap
May  6 21:45:00 stmartin kernel: [    0.000000]   Normal zone: 131072 pages, LIFO batch:31
May  6 21:45:00 stmartin kernel: [    0.000000] ACPI: PM-Timer IO Port: 0x4008
May  6 21:45:00 stmartin kernel: [    0.000000] ACPI: Local APIC address 0xfee00000
May  6 21:45:00 stmartin kernel: [    0.000000] IOAPIC[0]: apic_id 4, version 32, address 0xfec00000, GSI 0-23
May  6 21:45:00 stmartin kernel: [    0.000000] ACPI: INT_SRC_OVR (bus 0 bus_irq 0 global_irq 2 dfl dfl)
May  6 21:45:00 stmartin kernel: [    0.000000] ACPI: INT_SRC_OVR (bus 0 bus_irq 9 global_irq 9 low level)
May  6 21:45:00 stmartin kernel: [    0.000000] ACPI: IRQ0 used by override.
May  6 21:45:00 stmartin kernel: [    0.000000] ACPI: IRQ9 used by override.
May  6 21:45:00 stmartin kernel: [    0.000000] Using ACPI (MADT) for SMP configuration information
May  6 21:45:00 stmartin kernel: [    0.000000] smpboot: Allowing 4 CPUs, 0 hotplug CPUs
May  6 21:45:00 stmartin kernel: [    0.000000] PM: Registered nosave memory: [mem 0x00000000-0x00000fff]
May  6 21:45:00 stmartin kernel: [    0.000000] PM: Registered nosave memory: [mem 0x0009f000-0x0009ffff]
May  6 21:45:00 stmartin kernel: [    0.000000] PM: Registered nosave memory: [mem 0x000a0000-0x000effff]
May  6 21:45:00 stmartin kernel: [    0.000000] PM: Registered nosave memory: [mem 0x000f0000-0x000fffff]
May  6 21:45:00 stmartin kernel: [    0.000000] PM: Registered nosave memory: [mem 0xdfff0000-0xdfffffff]
May  6 21:45:00 stmartin kernel: [    0.000000] PM: Registered nosave memory: [mem 0xe0000000-0xfebfffff]
May  6 21:45:00 stmartin kernel: [    0.000000] PM: Registered nosave memory: [mem 0xfec00000-0xfec00fff]
May  6 21:45:00 stmartin kernel: [    0.000000] PM: Registered nosave memory: [mem 0xfec01000-0xfedfffff]
May  6 21:45:00 stmartin kernel: [    0.000000] PM: Registered nosave memory: [mem 0xfee00000-0xfee00fff]
May  6 21:45:00 stmartin kernel: [    0.000000] PM: Registered nosave memory: [mem 0xfee01000-0xfffbffff]
May  6 21:45:00 stmartin kernel: [    0.000000] PM: Registered nosave memory: [mem 0xfffc0000-0xffffffff]
May  6 21:45:00 stmartin kernel: [    0.000000] [mem 0xe0000000-0xfebfffff] available for PCI devices
May  6 21:45:00 stmartin kernel: [    0.000000] clocksource: refined-jiffies: mask: 0xffffffff max_cycles: 0xffffffff, max_idle_ns: 1910969940391419 ns
May  6 21:45:00 stmartin kernel: [    0.000000] random: get_random_bytes called from start_kernel+0x90/0x48a with crng_init=0
May  6 21:45:00 stmartin kernel: [    0.000000] setup_percpu: NR_CPUS:64 nr_cpumask_bits:64 nr_cpu_ids:4 nr_node_ids:1
May  6 21:45:00 stmartin kernel: [    0.000000] percpu: Embedded 43 pages/cpu s138136 r8192 d29800 u524288
May  6 21:45:00 stmartin kernel: [    0.000000] pcpu-alloc: s138136 r8192 d29800 u524288 alloc=1*2097152
May  6 21:45:00 stmartin kernel: [    0.000000] pcpu-alloc: [0] 0 1 2 3 
May  6 21:45:00 stmartin kernel: [    0.000000] Built 1 zonelists, mobility grouping on.  Total pages: 1032057
May  6 21:45:00 stmartin kernel: [    0.000000] Policy zone: Normal
May  6 21:45:00 stmartin kernel: [    0.000000] Kernel command line: BOOT_IMAGE=(hd0,1)/vmlinuz-v5.1-stmartin root=/dev/sda2 ro
May  6 21:45:00 stmartin kernel: [    0.000000] Calgary: detecting Calgary via BIOS EBDA area
May  6 21:45:00 stmartin kernel: [    0.000000] Calgary: Unable to locate Rio Grande table in EBDA - bailing!
May  6 21:45:00 stmartin kernel: [    0.000000] Memory: 4036856K/4193848K available (14340K kernel code, 1309K rwdata, 3060K rodata, 1280K init, 1368K bss, 156992K reserved, 0K cma-reserved)
May  6 21:45:00 stmartin kernel: [    0.000000] SLUB: HWalign=64, Order=0-3, MinObjects=0, CPUs=4, Nodes=1
May  6 21:45:00 stmartin kernel: [    0.000000] Kernel/User page tables isolation: enabled
May  6 21:45:00 stmartin kernel: [    0.000000] rcu: Hierarchical RCU implementation.
May  6 21:45:00 stmartin kernel: [    0.000000] rcu: ^IRCU event tracing is enabled.
May  6 21:45:00 stmartin kernel: [    0.000000] rcu: ^IRCU restricting CPUs from NR_CPUS=64 to nr_cpu_ids=4.
May  6 21:45:00 stmartin kernel: [    0.000000] rcu: RCU calculated value of scheduler-enlistment delay is 100 jiffies.
May  6 21:45:00 stmartin kernel: [    0.000000] rcu: Adjusting geometry for rcu_fanout_leaf=16, nr_cpu_ids=4
May  6 21:45:00 stmartin kernel: [    0.000000] NR_IRQS: 4352, nr_irqs: 456, preallocated irqs: 16
May  6 21:45:00 stmartin kernel: [    0.000000] Console: colour VGA+ 80x25
May  6 21:45:00 stmartin kernel: [    0.000000] printk: console [tty0] enabled
May  6 21:45:00 stmartin kernel: [    0.000000] ACPI: Core revision 20190215
May  6 21:45:00 stmartin kernel: [    0.000000] APIC: Switch to symmetric I/O mode setup
May  6 21:45:00 stmartin kernel: [    0.001000] ..TIMER: vector=0x30 apic1=0 pin1=2 apic2=-1 pin2=-1
May  6 21:45:00 stmartin kernel: [    0.010000] tsc: Unable to calibrate against PIT
May  6 21:45:00 stmartin kernel: [    0.010000] tsc: using PMTIMER reference calibration
May  6 21:45:00 stmartin kernel: [    0.011000] tsc: Detected 2591.934 MHz processor
May  6 21:45:00 stmartin kernel: [    0.000016] clocksource: tsc-early: mask: 0xffffffffffffffff max_cycles: 0x255c786ecef, max_idle_ns: 440795224185 ns
May  6 21:45:00 stmartin kernel: [    0.001478] Calibrating delay loop (skipped), value calculated using timer frequency.. 5183.86 BogoMIPS (lpj=2591934)
May  6 21:45:00 stmartin kernel: [    0.002197] pid_max: default: 32768 minimum: 301
May  6 21:45:00 stmartin kernel: [    0.002498] LSM: Security Framework initializing
May  6 21:45:00 stmartin kernel: [    0.003556] SELinux:  Initializing.
May  6 21:45:00 stmartin kernel: [    0.004259] *** VALIDATE SELinux ***
May  6 21:45:00 stmartin kernel: [    0.006025] Dentry cache hash table entries: 524288 (order: 10, 4194304 bytes)
May  6 21:45:00 stmartin kernel: [    0.006913] Inode-cache hash table entries: 262144 (order: 9, 2097152 bytes)
May  6 21:45:00 stmartin kernel: [    0.007483] Mount-cache hash table entries: 8192 (order: 4, 65536 bytes)
May  6 21:45:00 stmartin kernel: [    0.007993] Mountpoint-cache hash table entries: 8192 (order: 4, 65536 bytes)
May  6 21:45:00 stmartin kernel: [    0.008573] *** VALIDATE proc ***
May  6 21:45:00 stmartin kernel: [    0.009023] *** VALIDATE cgroup1 ***
May  6 21:45:00 stmartin kernel: [    0.009472] *** VALIDATE cgroup2 ***
May  6 21:45:00 stmartin kernel: [    0.009964] mce: CPU supports 0 MCE banks
May  6 21:45:00 stmartin kernel: [    0.010485] Last level iTLB entries: 4KB 64, 2MB 8, 4MB 8
May  6 21:45:00 stmartin kernel: [    0.010970] Last level dTLB entries: 4KB 64, 2MB 0, 4MB 0, 1GB 4
May  6 21:45:00 stmartin kernel: [    0.011472] Spectre V2 : Mitigation: Full generic retpoline
May  6 21:45:00 stmartin kernel: [    0.011964] Spectre V2 : Spectre v2 / SpectreRSB mitigation: Filling RSB on context switch
May  6 21:45:00 stmartin kernel: [    0.012473] Speculative Store Bypass: Vulnerable
May  6 21:45:00 stmartin kernel: [    0.013106] Freeing SMP alternatives memory: 40K
May  6 21:45:00 stmartin kernel: [    0.014465] smpboot: CPU0: Intel(R) Core(TM) i7-6700HQ CPU @ 2.60GHz (family: 0x6, model: 0x5e, stepping: 0x3)
May  6 21:45:00 stmartin kernel: [    0.014591] Performance Events: unsupported p6 CPU model 94 no PMU driver, software events only.
May  6 21:45:00 stmartin kernel: [    0.015283] rcu: Hierarchical SRCU implementation.
May  6 21:45:00 stmartin kernel: [    0.015623] smp: Bringing up secondary CPUs ...
May  6 21:45:00 stmartin kernel: [    0.016175] x86: Booting SMP configuration:
May  6 21:45:00 stmartin kernel: [    0.016476] .... node  #0, CPUs:      #1
May  6 21:45:00 stmartin kernel: [    0.000000] mce: CPU supports 0 MCE banks
May  6 21:45:00 stmartin kernel: [    0.018606]  #2
May  6 21:45:00 stmartin kernel: [    0.000000] mce: CPU supports 0 MCE banks
May  6 21:45:00 stmartin kernel: [    0.020778]  #3
May  6 21:45:00 stmartin kernel: [    0.000000] mce: CPU supports 0 MCE banks
May  6 21:45:00 stmartin kernel: [    0.022475] smp: Brought up 1 node, 4 CPUs
May  6 21:45:00 stmartin kernel: [    0.025941] smpboot: Max logical packages: 1
May  6 21:45:00 stmartin kernel: [    0.026471] smpboot: Total of 4 processors activated (20735.47 BogoMIPS)
May  6 21:45:00 stmartin kernel: [    0.028472] devtmpfs: initialized
May  6 21:45:00 stmartin kernel: [    0.029486] clocksource: jiffies: mask: 0xffffffff max_cycles: 0xffffffff, max_idle_ns: 1911260446275000 ns
May  6 21:45:00 stmartin kernel: [    0.030129] futex hash table entries: 1024 (order: 4, 65536 bytes)
May  6 21:45:00 stmartin kernel: [    0.030591] PM: RTC time: 19:44:59, date: 2019-05-06
May  6 21:45:00 stmartin kernel: [    0.031647] NET: Registered protocol family 16
May  6 21:45:00 stmartin kernel: [    0.032154] audit: initializing netlink subsys (disabled)
May  6 21:45:00 stmartin kernel: [    0.032508] audit: type=2000 audit(1557171898.043:1): state=initialized audit_enabled=0 res=1
May  6 21:45:00 stmartin kernel: [    0.033476] cpuidle: using governor menu
May  6 21:45:00 stmartin kernel: [    0.033934] ACPI: bus type PCI registered
May  6 21:45:00 stmartin kernel: [    0.034578] PCI: Using configuration type 1 for base access
May  6 21:45:00 stmartin kernel: [    0.038497] HugeTLB registered 2.00 MiB page size, pre-allocated 0 pages
May  6 21:45:00 stmartin kernel: [    0.039613] ACPI: Added _OSI(Module Device)
May  6 21:45:00 stmartin kernel: [    0.040030] ACPI: Added _OSI(Processor Device)
May  6 21:45:00 stmartin kernel: [    0.040470] ACPI: Added _OSI(3.0 _SCP Extensions)
May  6 21:45:00 stmartin kernel: [    0.040906] ACPI: Added _OSI(Processor Aggregator Device)
May  6 21:45:00 stmartin kernel: [    0.041477] ACPI: Added _OSI(Linux-Dell-Video)
May  6 21:45:00 stmartin kernel: [    0.041909] ACPI: Added _OSI(Linux-Lenovo-NV-HDMI-Audio)
May  6 21:45:00 stmartin kernel: [    0.042483] ACPI: Added _OSI(Linux-HPI-Hybrid-Graphics)
May  6 21:45:00 stmartin kernel: [    0.044792] ACPI: 2 ACPI AML tables successfully acquired and loaded
May  6 21:45:00 stmartin kernel: [    0.046939] ACPI: Interpreter enabled
May  6 21:45:00 stmartin kernel: [    0.047455] ACPI: (supports S0 S5)
May  6 21:45:00 stmartin kernel: [    0.047471] ACPI: Using IOAPIC for interrupt routing
May  6 21:45:00 stmartin kernel: [    0.048588] PCI: Using host bridge windows from ACPI; if necessary, use "pci=nocrs" and report a bug
May  6 21:45:00 stmartin kernel: [    0.049375] ACPI: Enabled 2 GPEs in block 00 to 07
May  6 21:45:00 stmartin kernel: [    0.054424] ACPI: PCI Root Bridge [PCI0] (domain 0000 [bus 00-ff])
May  6 21:45:00 stmartin kernel: [    0.055005] acpi PNP0A03:00: _OSC: OS supports [ASPM ClockPM Segments MSI]
May  6 21:45:00 stmartin kernel: [    0.055488] acpi PNP0A03:00: _OSC: not requesting OS control; OS requires [ExtendedConfig ASPM ClockPM MSI]
May  6 21:45:00 stmartin kernel: [    0.056153] acpi PNP0A03:00: fail to add MMCONFIG information, can't access extended PCI configuration space under this bridge.
May  6 21:45:00 stmartin kernel: [    0.056595] PCI host bridge to bus 0000:00
May  6 21:45:00 stmartin kernel: [    0.057472] pci_bus 0000:00: root bus resource [io  0x0000-0x0cf7 window]
May  6 21:45:00 stmartin kernel: [    0.057955] pci_bus 0000:00: root bus resource [io  0x0d00-0xffff window]
May  6 21:45:00 stmartin kernel: [    0.058471] pci_bus 0000:00: root bus resource [mem 0x000a0000-0x000bffff window]
May  6 21:45:00 stmartin kernel: [    0.059117] pci_bus 0000:00: root bus resource [mem 0xe0000000-0xfdffffff window]
May  6 21:45:00 stmartin kernel: [    0.059471] pci_bus 0000:00: root bus resource [bus 00-ff]
May  6 21:45:00 stmartin kernel: [    0.060558] pci 0000:00:00.0: [8086:1237] type 00 class 0x060000
May  6 21:45:00 stmartin kernel: [    0.062588] pci 0000:00:01.0: [8086:7000] type 00 class 0x060100
May  6 21:45:00 stmartin kernel: [    0.064042] pci 0000:00:02.0: [80ee:beef] type 00 class 0x030000
May  6 21:45:00 stmartin kernel: [    0.067499] pci 0000:00:02.0: reg 0x10: [mem 0xe0000000-0xe7ffffff pref]
May  6 21:45:00 stmartin kernel: [    0.097906] pci 0000:00:03.0: [8086:100e] type 00 class 0x020000
May  6 21:45:00 stmartin kernel: [    0.100489] pci 0000:00:03.0: reg 0x10: [mem 0xf0000000-0xf001ffff]
May  6 21:45:00 stmartin kernel: [    0.104649] pci 0000:00:03.0: reg 0x18: [io  0xd000-0xd007]
May  6 21:45:00 stmartin kernel: [    0.114588] pci 0000:00:04.0: [80ee:cafe] type 00 class 0x088000
May  6 21:45:00 stmartin kernel: [    0.116633] pci 0000:00:04.0: reg 0x10: [io  0xd020-0xd03f]
May  6 21:45:00 stmartin kernel: [    0.118615] pci 0000:00:04.0: reg 0x14: [mem 0xf0400000-0xf07fffff]
May  6 21:45:00 stmartin kernel: [    0.120551] pci 0000:00:04.0: reg 0x18: [mem 0xf0800000-0xf0803fff pref]
May  6 21:45:00 stmartin kernel: [    0.130423] pci 0000:00:05.0: [8086:2415] type 00 class 0x040100
May  6 21:45:00 stmartin kernel: [    0.130800] pci 0000:00:05.0: reg 0x10: [io  0xd100-0xd1ff]
May  6 21:45:00 stmartin kernel: [    0.130968] pci 0000:00:05.0: reg 0x14: [io  0xd200-0xd23f]
May  6 21:45:00 stmartin kernel: [    0.132793] pci 0000:00:06.0: [106b:003f] type 00 class 0x0c0310
May  6 21:45:00 stmartin kernel: [    0.134685] pci 0000:00:06.0: reg 0x10: [mem 0xf0804000-0xf0804fff]
May  6 21:45:00 stmartin kernel: [    0.146947] pci 0000:00:07.0: [8086:7113] type 00 class 0x068000
May  6 21:45:00 stmartin kernel: [    0.147781] pci 0000:00:07.0: quirk: [io  0x4000-0x403f] claimed by PIIX4 ACPI
May  6 21:45:00 stmartin kernel: [    0.148428] pci 0000:00:07.0: quirk: [io  0x4100-0x410f] claimed by PIIX4 SMB
May  6 21:45:00 stmartin kernel: [    0.149542] pci 0000:00:0b.0: [8086:265c] type 00 class 0x0c0320
May  6 21:45:00 stmartin kernel: [    0.151699] pci 0000:00:0b.0: reg 0x10: [mem 0xf0805000-0xf0805fff]
May  6 21:45:00 stmartin kernel: [    0.165218] pci 0000:00:0d.0: [8086:2829] type 00 class 0x010601
May  6 21:45:00 stmartin kernel: [    0.167491] pci 0000:00:0d.0: reg 0x10: [io  0xd240-0xd247]
May  6 21:45:00 stmartin kernel: [    0.169726] pci 0000:00:0d.0: reg 0x14: [io  0xd248-0xd24b]
May  6 21:45:00 stmartin kernel: [    0.172264] pci 0000:00:0d.0: reg 0x18: [io  0xd250-0xd257]
May  6 21:45:00 stmartin kernel: [    0.174493] pci 0000:00:0d.0: reg 0x1c: [io  0xd258-0xd25b]
May  6 21:45:00 stmartin kernel: [    0.176492] pci 0000:00:0d.0: reg 0x20: [io  0xd260-0xd26f]
May  6 21:45:00 stmartin kernel: [    0.178491] pci 0000:00:0d.0: reg 0x24: [mem 0xf0806000-0xf0807fff]
May  6 21:45:00 stmartin kernel: [    0.182812] ACPI: PCI Interrupt Link [LNKA] (IRQs 5 9 10 *11)
May  6 21:45:00 stmartin kernel: [    0.183747] ACPI: PCI Interrupt Link [LNKB] (IRQs 5 9 *10 11)
May  6 21:45:00 stmartin kernel: [    0.184621] ACPI: PCI Interrupt Link [LNKC] (IRQs 5 *9 10 11)
May  6 21:45:00 stmartin kernel: [    0.185711] ACPI: PCI Interrupt Link [LNKD] (IRQs 5 9 10 *11)
May  6 21:45:00 stmartin kernel: [    0.186621] pci 0000:00:02.0: vgaarb: setting as boot VGA device
May  6 21:45:00 stmartin kernel: [    0.187040] pci 0000:00:02.0: vgaarb: VGA device added: decodes=io+mem,owns=io+mem,locks=none
May  6 21:45:00 stmartin kernel: [    0.187474] pci 0000:00:02.0: vgaarb: bridge control possible
May  6 21:45:00 stmartin kernel: [    0.188470] vgaarb: loaded
May  6 21:45:00 stmartin kernel: [    0.188970] SCSI subsystem initialized
May  6 21:45:00 stmartin kernel: [    0.189573] libata version 3.00 loaded.
May  6 21:45:00 stmartin kernel: [    0.189573] ACPI: bus type USB registered
May  6 21:45:00 stmartin kernel: [    0.189993] usbcore: registered new interface driver usbfs
May  6 21:45:00 stmartin kernel: [    0.190480] usbcore: registered new interface driver hub
May  6 21:45:00 stmartin kernel: [    0.191504] usbcore: registered new device driver usb
May  6 21:45:00 stmartin kernel: [    0.192006] pps_core: LinuxPPS API ver. 1 registered
May  6 21:45:00 stmartin kernel: [    0.192470] pps_core: Software ver. 5.3.6 - Copyright 2005-2007 Rodolfo Giometti <giometti@linux.it>
May  6 21:45:00 stmartin kernel: [    0.193189] PTP clock support registered
May  6 21:45:00 stmartin kernel: [    0.193554] EDAC MC: Ver: 3.0.0
May  6 21:45:00 stmartin kernel: [    0.194899] Advanced Linux Sound Architecture Driver Initialized.
May  6 21:45:00 stmartin kernel: [    0.195521] PCI: Using ACPI for IRQ routing
May  6 21:45:00 stmartin kernel: [    0.195763] PCI: pci_cache_line_size set to 64 bytes
May  6 21:45:00 stmartin kernel: [    0.196657] e820: reserve RAM buffer [mem 0x0009fc00-0x0009ffff]
May  6 21:45:00 stmartin kernel: [    0.196663] e820: reserve RAM buffer [mem 0xdfff0000-0xdfffffff]
May  6 21:45:00 stmartin kernel: [    0.196765] NetLabel: Initializing
May  6 21:45:00 stmartin kernel: [    0.197204] NetLabel:  domain hash size = 128
May  6 21:45:00 stmartin kernel: [    0.197470] NetLabel:  protocols = UNLABELED CIPSOv4 CALIPSO
May  6 21:45:00 stmartin kernel: [    0.197947] NetLabel:  unlabeled traffic allowed by default
May  6 21:45:00 stmartin kernel: [    0.198633] clocksource: Switched to clocksource tsc-early
May  6 21:45:00 stmartin kernel: [    0.257933] VFS: Disk quotas dquot_6.6.0
May  6 21:45:00 stmartin kernel: [    0.258389] VFS: Dquot-cache hash table entries: 512 (order 0, 4096 bytes)
May  6 21:45:00 stmartin kernel: [    0.259743] *** VALIDATE hugetlbfs ***
May  6 21:45:00 stmartin kernel: [    0.260480] pnp: PnP ACPI init
May  6 21:45:00 stmartin kernel: [    0.261063] pnp 00:00: Plug and Play ACPI device, IDs PNP0303 (active)
May  6 21:45:00 stmartin kernel: [    0.261137] pnp 00:01: Plug and Play ACPI device, IDs PNP0f03 (active)
May  6 21:45:00 stmartin kernel: [    0.262233] pnp: PnP ACPI: found 2 devices
May  6 21:45:00 stmartin kernel: [    0.277884] clocksource: acpi_pm: mask: 0xffffff max_cycles: 0xffffff, max_idle_ns: 2085701024 ns
May  6 21:45:00 stmartin kernel: [    0.278503] pci_bus 0000:00: resource 4 [io  0x0000-0x0cf7 window]
May  6 21:45:00 stmartin kernel: [    0.278505] pci_bus 0000:00: resource 5 [io  0x0d00-0xffff window]
May  6 21:45:00 stmartin kernel: [    0.278508] pci_bus 0000:00: resource 6 [mem 0x000a0000-0x000bffff window]
May  6 21:45:00 stmartin kernel: [    0.278510] pci_bus 0000:00: resource 7 [mem 0xe0000000-0xfdffffff window]
May  6 21:45:00 stmartin kernel: [    0.278557] NET: Registered protocol family 2
May  6 21:45:00 stmartin kernel: [    0.279260] tcp_listen_portaddr_hash hash table entries: 2048 (order: 3, 32768 bytes)
May  6 21:45:00 stmartin kernel: [    0.279887] TCP established hash table entries: 32768 (order: 6, 262144 bytes)
May  6 21:45:00 stmartin kernel: [    0.280571] TCP bind hash table entries: 32768 (order: 7, 524288 bytes)
May  6 21:45:00 stmartin kernel: [    0.281239] TCP: Hash tables configured (established 32768 bind 32768)
May  6 21:45:00 stmartin kernel: [    0.281875] UDP hash table entries: 2048 (order: 4, 65536 bytes)
May  6 21:45:00 stmartin kernel: [    0.282406] UDP-Lite hash table entries: 2048 (order: 4, 65536 bytes)
May  6 21:45:00 stmartin kernel: [    0.283137] NET: Registered protocol family 1
May  6 21:45:00 stmartin kernel: [    0.284491] RPC: Registered named UNIX socket transport module.
May  6 21:45:00 stmartin kernel: [    0.285136] RPC: Registered udp transport module.
May  6 21:45:00 stmartin kernel: [    0.285718] RPC: Registered tcp transport module.
May  6 21:45:00 stmartin kernel: [    0.286158] RPC: Registered tcp NFSv4.1 backchannel transport module.
May  6 21:45:00 stmartin kernel: [    0.287021] pci 0000:00:00.0: Limiting direct PCI/PCI transfers
May  6 21:45:00 stmartin kernel: [    0.287518] pci 0000:00:01.0: Activating ISA DMA hang workarounds
May  6 21:45:00 stmartin kernel: [    0.288134] pci 0000:00:02.0: Video device with shadowed ROM at [mem 0x000c0000-0x000dffff]
May  6 21:45:00 stmartin kernel: [    0.291218] PCI: CLS 0 bytes, default 64
May  6 21:45:00 stmartin kernel: [    0.291261] PCI-DMA: Using software bounce buffering for IO (SWIOTLB)
May  6 21:45:00 stmartin kernel: [    0.291849] software IO TLB: mapped [mem 0xdbff0000-0xdfff0000] (64MB)
May  6 21:45:00 stmartin kernel: [    0.292822] RAPL PMU: API unit is 2^-32 Joules, 5 fixed counters, 10737418240 ms ovfl timer
May  6 21:45:00 stmartin kernel: [    0.293418] RAPL PMU: hw unit of domain pp0-core 2^-0 Joules
May  6 21:45:00 stmartin kernel: [    0.293897] RAPL PMU: hw unit of domain package 2^-0 Joules
May  6 21:45:00 stmartin kernel: [    0.294400] RAPL PMU: hw unit of domain dram 2^-0 Joules
May  6 21:45:00 stmartin kernel: [    0.294870] RAPL PMU: hw unit of domain pp1-gpu 2^-0 Joules
May  6 21:45:00 stmartin kernel: [    0.295361] RAPL PMU: hw unit of domain psys 2^-0 Joules
May  6 21:45:00 stmartin kernel: [    0.295875] platform rtc_cmos: registered platform RTC device (no PNP device found)
May  6 21:45:00 stmartin kernel: [    0.298683] check: Scanning for low memory corruption every 60 seconds
May  6 21:45:00 stmartin kernel: [    0.300278] Initialise system trusted keyrings
May  6 21:45:00 stmartin kernel: [    0.301508] workingset: timestamp_bits=56 max_order=20 bucket_order=0
May  6 21:45:00 stmartin kernel: [    0.307354] NFS: Registering the id_resolver key type
May  6 21:45:00 stmartin kernel: [    0.307995] Key type id_resolver registered
May  6 21:45:00 stmartin kernel: [    0.308428] Key type id_legacy registered
May  6 21:45:00 stmartin kernel: [    0.312638] cryptomgr_test (46) used greatest stack depth: 15200 bytes left
May  6 21:45:00 stmartin kernel: [    0.313356] kworker/u8:0 (48) used greatest stack depth: 14528 bytes left
May  6 21:45:00 stmartin kernel: [    0.314847] kworker/u8:0 (54) used greatest stack depth: 14080 bytes left
May  6 21:45:00 stmartin kernel: [    0.327438] Key type asymmetric registered
May  6 21:45:00 stmartin kernel: [    0.327978] Asymmetric key parser 'x509' registered
May  6 21:45:00 stmartin kernel: [    0.328439] Block layer SCSI generic (bsg) driver version 0.4 loaded (major 251)
May  6 21:45:00 stmartin kernel: [    0.329080] io scheduler mq-deadline registered
May  6 21:45:00 stmartin kernel: [    0.329512] io scheduler kyber registered
May  6 21:45:00 stmartin kernel: [    0.331097] ACPI: AC Adapter [AC] (off-line)
May  6 21:45:00 stmartin kernel: [    0.331713] input: Power Button as /devices/LNXSYSTM:00/LNXPWRBN:00/input/input0
May  6 21:45:00 stmartin kernel: [    0.332503] ACPI: Power Button [PWRF]
May  6 21:45:00 stmartin kernel: [    0.333163] input: Sleep Button as /devices/LNXSYSTM:00/LNXSLPBN:00/input/input1
May  6 21:45:00 stmartin kernel: [    0.333905] ACPI: Sleep Button [SLPF]
May  6 21:45:00 stmartin kernel: [    0.334507] ACPI: Video Device [GFX0] (multi-head: yes  rom: no  post: no)
May  6 21:45:00 stmartin kernel: [    0.335127] input: Video Bus as /devices/LNXSYSTM:00/LNXSYBUS:00/PNP0A03:00/LNXVIDEO:00/input/input2
May  6 21:45:00 stmartin kernel: [    0.336461] Serial: 8250/16550 driver, 4 ports, IRQ sharing enabled
May  6 21:45:00 stmartin kernel: [    0.337581] battery: ACPI: Battery Slot [BAT0] (battery present)
May  6 21:45:00 stmartin kernel: [    0.338220] Non-volatile memory driver v1.3
May  6 21:45:00 stmartin kernel: [    0.339023] Linux agpgart interface v0.103
May  6 21:45:00 stmartin kernel: [    0.344447] loop: module loaded
May  6 21:45:00 stmartin kernel: [    0.345201] ahci 0000:00:0d.0: version 3.0
May  6 21:45:00 stmartin kernel: [    0.345907] ahci 0000:00:0d.0: SSS flag set, parallel bus scan disabled
May  6 21:45:00 stmartin kernel: [    0.346684] ahci 0000:00:0d.0: AHCI 0001.0100 32 slots 2 ports 3 Gbps 0x3 impl SATA mode
May  6 21:45:00 stmartin kernel: [    0.347399] ahci 0000:00:0d.0: flags: 64bit ncq stag only ccc 
May  6 21:45:00 stmartin kernel: [    0.349494] scsi host0: ahci
May  6 21:45:00 stmartin kernel: [    0.350542] scsi host1: ahci
May  6 21:45:00 stmartin kernel: [    0.351128] ata1: SATA max UDMA/133 abar m8192@0xf0806000 port 0xf0806100 irq 21
May  6 21:45:00 stmartin kernel: [    0.351784] ata2: SATA max UDMA/133 abar m8192@0xf0806000 port 0xf0806180 irq 21
May  6 21:45:00 stmartin kernel: [    0.352437] e100: Intel(R) PRO/100 Network Driver, 3.5.24-k2-NAPI
May  6 21:45:00 stmartin kernel: [    0.353458] e100: Copyright(c) 1999-2006 Intel Corporation
May  6 21:45:00 stmartin kernel: [    0.354082] e1000: Intel(R) PRO/1000 Network Driver - version 7.3.21-k8-NAPI
May  6 21:45:00 stmartin kernel: [    0.354578] e1000: Copyright (c) 1999-2006 Intel Corporation.
May  6 21:45:00 stmartin kernel: [    0.662878] ata1: SATA link up 3.0 Gbps (SStatus 123 SControl 300)
May  6 21:45:00 stmartin kernel: [    0.663744] ata1.00: ATA-6: VBOX HARDDISK, 1.0, max UDMA/133
May  6 21:45:00 stmartin kernel: [    0.664330] ata1.00: 54525952 sectors, multi 128: LBA48 NCQ (depth 32)
May  6 21:45:00 stmartin kernel: [    0.665708] ata1.00: configured for UDMA/133
May  6 21:45:00 stmartin kernel: [    0.666482] scsi 0:0:0:0: Direct-Access     ATA      VBOX HARDDISK    1.0  PQ: 0 ANSI: 5
May  6 21:45:00 stmartin kernel: [    0.667706] sd 0:0:0:0: Attached scsi generic sg0 type 0
May  6 21:45:00 stmartin kernel: [    0.668079] sd 0:0:0:0: [sda] 54525952 512-byte logical blocks: (27.9 GB/26.0 GiB)
May  6 21:45:00 stmartin kernel: [    0.669439] sd 0:0:0:0: [sda] Write Protect is off
May  6 21:45:00 stmartin kernel: [    0.670171] sd 0:0:0:0: [sda] Mode Sense: 00 3a 00 00
May  6 21:45:00 stmartin kernel: [    0.670209] sd 0:0:0:0: [sda] Write cache: enabled, read cache: enabled, doesn't support DPO or FUA
May  6 21:45:00 stmartin kernel: [    0.678194]  sda: sda1 sda2 sda3
May  6 21:45:00 stmartin kernel: [    0.680075] sd 0:0:0:0: [sda] Attached SCSI disk
May  6 21:45:00 stmartin kernel: [    0.803900] e1000 0000:00:03.0 eth0: (PCI:33MHz:32-bit) 08:00:27:3d:0a:87
May  6 21:45:00 stmartin kernel: [    0.804450] e1000 0000:00:03.0 eth0: Intel(R) PRO/1000 Network Connection
May  6 21:45:00 stmartin kernel: [    0.805220] e1000e: Intel(R) PRO/1000 Network Driver - 3.2.6-k
May  6 21:45:00 stmartin kernel: [    0.805763] e1000e: Copyright(c) 1999 - 2015 Intel Corporation.
May  6 21:45:00 stmartin kernel: [    0.806439] sky2: driver version 1.30
May  6 21:45:00 stmartin kernel: [    0.807214] ehci_hcd: USB 2.0 'Enhanced' Host Controller (EHCI) Driver
May  6 21:45:00 stmartin kernel: [    0.807764] ehci-pci: EHCI PCI platform driver
May  6 21:45:00 stmartin kernel: [    0.809219] ehci-pci 0000:00:0b.0: EHCI Host Controller
May  6 21:45:00 stmartin kernel: [    0.809937] ehci-pci 0000:00:0b.0: new USB bus registered, assigned bus number 1
May  6 21:45:00 stmartin kernel: [    0.814180] ehci-pci 0000:00:0b.0: irq 19, io mem 0xf0805000
May  6 21:45:00 stmartin kernel: [    0.821930] ehci-pci 0000:00:0b.0: USB 2.0 started, EHCI 1.00
May  6 21:45:00 stmartin kernel: [    0.822497] usb usb1: New USB device found, idVendor=1d6b, idProduct=0002, bcdDevice= 5.01
May  6 21:45:00 stmartin kernel: [    0.823167] usb usb1: New USB device strings: Mfr=3, Product=2, SerialNumber=1
May  6 21:45:00 stmartin kernel: [    0.823805] usb usb1: Product: EHCI Host Controller
May  6 21:45:00 stmartin kernel: [    0.824578] usb usb1: Manufacturer: Linux 5.1.0-rc7-dirty ehci_hcd
May  6 21:45:00 stmartin kernel: [    0.825368] usb usb1: SerialNumber: 0000:00:0b.0
May  6 21:45:00 stmartin kernel: [    0.826168] hub 1-0:1.0: USB hub found
May  6 21:45:00 stmartin kernel: [    0.826598] hub 1-0:1.0: 12 ports detected
May  6 21:45:00 stmartin kernel: [    0.827402] ohci_hcd: USB 1.1 'Open' Host Controller (OHCI) Driver
May  6 21:45:00 stmartin kernel: [    0.827979] ohci-pci: OHCI PCI platform driver
May  6 21:45:00 stmartin kernel: [    0.829127] ohci-pci 0000:00:06.0: OHCI PCI host controller
May  6 21:45:00 stmartin kernel: [    0.829939] ohci-pci 0000:00:06.0: new USB bus registered, assigned bus number 2
May  6 21:45:00 stmartin kernel: [    0.830619] ohci-pci 0000:00:06.0: irq 22, io mem 0xf0804000
May  6 21:45:00 stmartin kernel: [    0.884286] usb usb2: New USB device found, idVendor=1d6b, idProduct=0001, bcdDevice= 5.01
May  6 21:45:00 stmartin kernel: [    0.884884] usb usb2: New USB device strings: Mfr=3, Product=2, SerialNumber=1
May  6 21:45:00 stmartin kernel: [    0.885612] usb usb2: Product: OHCI PCI host controller
May  6 21:45:00 stmartin kernel: [    0.886223] usb usb2: Manufacturer: Linux 5.1.0-rc7-dirty ohci_hcd
May  6 21:45:00 stmartin kernel: [    0.886802] usb usb2: SerialNumber: 0000:00:06.0
May  6 21:45:00 stmartin kernel: [    0.887980] hub 2-0:1.0: USB hub found
May  6 21:45:00 stmartin kernel: [    0.888506] hub 2-0:1.0: 12 ports detected
May  6 21:45:00 stmartin kernel: [    0.889675] uhci_hcd: USB Universal Host Controller Interface driver
May  6 21:45:00 stmartin kernel: [    0.891052] usbcore: registered new interface driver usblp
May  6 21:45:00 stmartin kernel: [    0.891568] usbcore: registered new interface driver usb-storage
May  6 21:45:00 stmartin kernel: [    0.892227] i8042: PNP: PS/2 Controller [PNP0303:PS2K,PNP0f03:PS2M] at 0x60,0x64 irq 1,12
May  6 21:45:00 stmartin kernel: [    0.893512] serio: i8042 KBD port at 0x60,0x64 irq 1
May  6 21:45:00 stmartin kernel: [    0.894207] serio: i8042 AUX port at 0x60,0x64 irq 12
May  6 21:45:00 stmartin kernel: [    0.896100] rtc_cmos rtc_cmos: registered as rtc0
May  6 21:45:00 stmartin kernel: [    0.896648] rtc_cmos rtc_cmos: alarms up to one day, 114 bytes nvram
May  6 21:45:00 stmartin kernel: [    0.897491] input: AT Translated Set 2 keyboard as /devices/platform/i8042/serio0/input/input3
May  6 21:45:00 stmartin kernel: [    0.898404] device-mapper: ioctl: 4.40.0-ioctl (2019-01-18) initialised: dm-devel@redhat.com
May  6 21:45:00 stmartin kernel: [    0.899530] intel_pstate: CPU model not supported
May  6 21:45:00 stmartin kernel: [    0.900336] hidraw: raw HID events driver (C) Jiri Kosina
May  6 21:45:00 stmartin kernel: [    0.901086] usbcore: registered new interface driver usbhid
May  6 21:45:00 stmartin kernel: [    0.901605] usbhid: USB HID core driver
May  6 21:45:00 stmartin kernel: [    0.903993] Initializing XFRM netlink socket
May  6 21:45:00 stmartin kernel: [    0.904666] NET: Registered protocol family 10
May  6 21:45:00 stmartin kernel: [    0.905647] Segment Routing with IPv6
May  6 21:45:00 stmartin kernel: [    0.907737] sit: IPv6, IPv4 and MPLS over IPv4 tunneling driver
May  6 21:45:00 stmartin kernel: [    0.909072] NET: Registered protocol family 17
May  6 21:45:00 stmartin kernel: [    0.909539] Key type dns_resolver registered
May  6 21:45:00 stmartin kernel: [    0.910522] sched_clock: Marking stable (921013906, -10534186)->(1028557745, -118078025)
May  6 21:45:00 stmartin kernel: [    0.913127] registered taskstats version 1
May  6 21:45:00 stmartin kernel: [    0.913579] Loading compiled-in X.509 certificates
May  6 21:45:00 stmartin kernel: [    0.914355] PM:   Magic number: 3:145:748
May  6 21:45:00 stmartin kernel: [    0.914890] PM:   hash matches drivers/base/power/main.c:1304
May  6 21:45:00 stmartin kernel: [    0.916177] printk: console [netcon0] enabled
May  6 21:45:00 stmartin kernel: [    0.916611] netconsole: network logging started
May  6 21:45:00 stmartin kernel: [    0.917226] cfg80211: Loading compiled-in X.509 certificates for regulatory database
May  6 21:45:00 stmartin kernel: [    0.919400] cfg80211: Loaded X.509 cert 'sforshee: 00b28ddf47aef9cea7'
May  6 21:45:00 stmartin kernel: [    0.919959] platform regulatory.0: Direct firmware load for regulatory.db failed with error -2
May  6 21:45:00 stmartin kernel: [    0.920606] cfg80211: failed to load regulatory.db
May  6 21:45:00 stmartin kernel: [    0.920842] ALSA device list:
May  6 21:45:00 stmartin kernel: [    0.921466]   No soundcards found.
May  6 21:45:00 stmartin kernel: [    0.985864] ata2: SATA link down (SStatus 0 SControl 300)
May  6 21:45:00 stmartin kernel: [    1.115376] random: fast init done
May  6 21:45:00 stmartin kernel: [    1.116630] input: ImExPS/2 Generic Explorer Mouse as /devices/platform/i8042/serio1/input/input5
May  6 21:45:00 stmartin kernel: [    1.117934] md: Waiting for all devices to be available before autodetect
May  6 21:45:00 stmartin kernel: [    1.119287] md: If you don't use raid, use raid=noautodetect
May  6 21:45:00 stmartin kernel: [    1.120069] md: Autodetecting RAID arrays.
May  6 21:45:00 stmartin kernel: [    1.120576] md: autorun ...
May  6 21:45:00 stmartin kernel: [    1.121013] md: ... autorun DONE.
May  6 21:45:00 stmartin kernel: [    1.134304] EXT4-fs (sda2): mounted filesystem with ordered data mode. Opts: (null)
May  6 21:45:00 stmartin kernel: [    1.134666] VFS: Mounted root (ext4 filesystem) readonly on device 8:2.
May  6 21:45:00 stmartin kernel: [    1.141023] devtmpfs: mounted
May  6 21:45:00 stmartin kernel: [    1.142017] Freeing unused kernel image memory: 1280K
May  6 21:45:00 stmartin kernel: [    1.149556] Write protecting the kernel read-only data: 20480k
May  6 21:45:00 stmartin kernel: [    1.150875] Freeing unused kernel image memory: 2008K
May  6 21:45:00 stmartin kernel: [    1.152705] Freeing unused kernel image memory: 1036K
May  6 21:45:00 stmartin kernel: [    1.153311] Run /sbin/init as init process
May  6 21:45:00 stmartin kernel: [    1.269628] usb 2-1: new full-speed USB device number 2 using ohci-pci
May  6 21:45:00 stmartin kernel: <30>[    1.294468] systemd[1]: systemd 241 running in system mode. (+PAM -AUDIT -SELINUX +IMA -APPARMOR +SMACK +SYSVINIT +UTMP -LIBCRYPTSETUP +GCRYPT +GNUTLS +ACL +XZ -LZ4 +SECCOMP +BLKID -ELFUTILS +KMOD -IDN2 -IDN +PCRE2 default-hierarchy=hybrid)
May  6 21:45:00 stmartin kernel: <30>[    1.295937] systemd[1]: Detected virtualization oracle.
May  6 21:45:00 stmartin kernel: <30>[    1.296458] systemd[1]: Detected architecture x86-64.
May  6 21:45:00 stmartin kernel: <30>[    1.296975] systemd[1]: Running with unpopulated /etc.
May  6 21:45:00 stmartin kernel: [    1.300569] tsc: Refined TSC clocksource calibration: 2591.999 MHz
May  6 21:45:00 stmartin kernel: [    1.301161] clocksource: tsc: mask: 0xffffffffffffffff max_cycles: 0x255cb5c6a11, max_idle_ns: 440795249002 ns
May  6 21:45:00 stmartin kernel: [    1.301896] clocksource: Switched to clocksource tsc
May  6 21:45:00 stmartin kernel: <30>[    1.305279] systemd[1]: Set hostname to <stmartin>.
May  6 21:45:00 stmartin kernel: <27>[    1.305662] systemd[1]: System cannot boot: Missing /etc/machine-id and /etc is mounted read-only.
May  6 21:45:00 stmartin kernel: <27>[    1.306282] systemd[1]: Booting up is supported only when:
May  6 21:45:00 stmartin kernel: <27>[    1.306628] systemd[1]: 1) /etc/machine-id exists and is populated.
May  6 21:45:00 stmartin kernel: <27>[    1.307110] systemd[1]: 2) /etc/machine-id exists and is empty.
May  6 21:45:00 stmartin kernel: <27>[    1.307607] systemd[1]: 3) /etc/machine-id is missing and /etc is writable.
May  6 21:45:00 stmartin kernel: [    1.322855] systemd-hiberna (127) used greatest stack depth: 13600 bytes left
May  6 21:45:00 stmartin kernel: [    1.328626] systemd-fstab-g (124) used greatest stack depth: 13048 bytes left
May  6 21:45:00 stmartin kernel: [    1.502569] usb 2-1: New USB device found, idVendor=80ee, idProduct=0021, bcdDevice= 1.00
May  6 21:45:00 stmartin kernel: [    1.503172] usb 2-1: New USB device strings: Mfr=1, Product=3, SerialNumber=0
May  6 21:45:00 stmartin kernel: [    1.503656] usb 2-1: Product: USB Tablet
May  6 21:45:00 stmartin kernel: [    1.504074] usb 2-1: Manufacturer: VirtualBox
May  6 21:45:00 stmartin kernel: [    1.515768] input: VirtualBox USB Tablet as /devices/pci0000:00/0000:00:06.0/usb2/2-1/2-1:1.0/0003:80EE:0021.0001/input/input6
May  6 21:45:00 stmartin kernel: [    1.517192] hid-generic 0003:80EE:0021.0001: input,hidraw0: USB HID v1.10 Mouse [VirtualBox USB Tablet] on usb-0000:00:06.0-1/input0
May  6 21:45:00 stmartin kernel: [    1.672087] EXT4-fs (sda2): re-mounted. Opts: (null)
May  6 21:45:00 stmartin kernel: [    1.679559] random: crng init done
May  6 21:45:00 stmartin kernel: <46>[    1.914155] systemd-journald[139]: Received request to flush runtime journal from PID 1
May  6 21:45:00 stmartin kernel: [    2.055166] e1000 0000:00:03.0 enp0s3: renamed from eth0
May  6 21:45:00 stmartin kernel: [    2.270678] EXT4-fs (sda1): mounting ext2 file system using the ext4 subsystem
May  6 21:45:00 stmartin kernel: [    2.279836] EXT4-fs (sda1): warning: mounting unchecked fs, running e2fsck is recommended
May  6 21:45:00 stmartin kernel: [    2.282977] EXT4-fs (sda1): mounted filesystem without journal. Opts: (null)
May  6 21:45:00 stmartin kernel: [    2.287469] Adding 2120700k swap on /dev/sda3.  Priority:1 extents:1 across:2120700k 
May  6 21:45:00 stmartin kernel: [    2.693636] ip (348) used greatest stack depth: 12208 bytes left
May  6 21:45:02 stmartin kernel: [    4.804903] e1000: enp0s3 NIC Link is Up 1000 Mbps Full Duplex, Flow Control: RX
May  6 21:45:02 stmartin kernel: [    4.806117] IPv6: ADDRCONF(NETDEV_CHANGE): enp0s3: link becomes ready
