Apr 26 23:03:54 stmartin syslogd 1.5.1: restart.
Apr 26 23:03:54 stmartin kernel: klogd 1.5.1, log source = /proc/kmsg started.
Apr 26 23:03:54 stmartin kernel: Inspecting /boot/System.map-4.20.12
Apr 26 23:03:54 stmartin kernel: Cannot find map file.
Apr 26 23:03:54 stmartin kernel: Loaded 48979 symbols from 1 module.
Apr 26 23:03:54 stmartin kernel: [    0.000000] Linux version 4.20.12 (root@debian) (gcc version 8.2.0 (GCC)) #1 SMP Thu Apr 25 13:53:16 CEST 2019
Apr 26 23:03:54 stmartin kernel: [    0.000000] Command line: BOOT_IMAGE=/boot/vmlinuz-4.20.12-stmartin root=/dev/sda2 ro
Apr 26 23:03:54 stmartin kernel: [    0.000000] x86/fpu: Supporting XSAVE feature 0x001: 'x87 floating point registers'
Apr 26 23:03:54 stmartin kernel: [    0.000000] x86/fpu: Supporting XSAVE feature 0x002: 'SSE registers'
Apr 26 23:03:54 stmartin kernel: [    0.000000] x86/fpu: Supporting XSAVE feature 0x004: 'AVX registers'
Apr 26 23:03:54 stmartin kernel: [    0.000000] x86/fpu: xstate_offset[2]:  576, xstate_sizes[2]:  256
Apr 26 23:03:54 stmartin kernel: [    0.000000] x86/fpu: Enabled xstate features 0x7, context size is 832 bytes, using 'standard' format.
Apr 26 23:03:54 stmartin kernel: [    0.000000] BIOS-provided physical RAM map:
Apr 26 23:03:54 stmartin kernel: [    0.000000] BIOS-e820: [mem 0x0000000000000000-0x000000000009fbff] usable
Apr 26 23:03:54 stmartin kernel: [    0.000000] BIOS-e820: [mem 0x000000000009fc00-0x000000000009ffff] reserved
Apr 26 23:03:54 stmartin kernel: [    0.000000] BIOS-e820: [mem 0x00000000000f0000-0x00000000000fffff] reserved
Apr 26 23:03:54 stmartin kernel: [    0.000000] BIOS-e820: [mem 0x0000000000100000-0x00000000dffeffff] usable
Apr 26 23:03:54 stmartin kernel: [    0.000000] BIOS-e820: [mem 0x00000000dfff0000-0x00000000dfffffff] ACPI data
Apr 26 23:03:54 stmartin kernel: [    0.000000] BIOS-e820: [mem 0x00000000fec00000-0x00000000fec00fff] reserved
Apr 26 23:03:54 stmartin kernel: [    0.000000] BIOS-e820: [mem 0x00000000fee00000-0x00000000fee00fff] reserved
Apr 26 23:03:54 stmartin kernel: [    0.000000] BIOS-e820: [mem 0x00000000fffc0000-0x00000000ffffffff] reserved
Apr 26 23:03:54 stmartin kernel: [    0.000000] BIOS-e820: [mem 0x0000000100000000-0x000000011fffffff] usable
Apr 26 23:03:54 stmartin kernel: [    0.000000] NX (Execute Disable) protection: active
Apr 26 23:03:54 stmartin kernel: [    0.000000] SMBIOS 2.5 present.
Apr 26 23:03:54 stmartin kernel: [    0.000000] DMI: innotek GmbH VirtualBox/VirtualBox, BIOS VirtualBox 12/01/2006
Apr 26 23:03:54 stmartin kernel: [    0.000000] tsc: Fast TSC calibration using PIT
Apr 26 23:03:54 stmartin kernel: [    0.000000] tsc: Detected 2591.894 MHz processor
Apr 26 23:03:54 stmartin kernel: [    0.002364] e820: update [mem 0x00000000-0x00000fff] usable ==> reserved
Apr 26 23:03:54 stmartin kernel: [    0.002367] e820: remove [mem 0x000a0000-0x000fffff] usable
Apr 26 23:03:54 stmartin kernel: [    0.002372] last_pfn = 0x120000 max_arch_pfn = 0x400000000
Apr 26 23:03:54 stmartin kernel: [    0.002381] MTRR default type: uncachable
Apr 26 23:03:54 stmartin kernel: [    0.002383] MTRR variable ranges disabled:
Apr 26 23:03:54 stmartin kernel: [    0.002384] Disabled
Apr 26 23:03:54 stmartin kernel: [    0.002386] x86/PAT: MTRRs disabled, skipping PAT initialization too.
Apr 26 23:03:54 stmartin kernel: [    0.002389] CPU MTRRs all blank - virtualized system.
Apr 26 23:03:54 stmartin kernel: [    0.002392] x86/PAT: Configuration [0-7]: WB  WT  UC- UC  WB  WT  UC- UC  
Apr 26 23:03:54 stmartin kernel: [    0.002395] last_pfn = 0xdfff0 max_arch_pfn = 0x400000000
Apr 26 23:03:54 stmartin kernel: [    0.002448] found SMP MP-table at [mem 0x0009fff0-0x0009ffff] mapped at [(____ptrval____)]
Apr 26 23:03:54 stmartin kernel: [    0.002461] check: Scanning 1 areas for low memory corruption
Apr 26 23:03:54 stmartin kernel: [    0.002464] Base memory trampoline at [(____ptrval____)] 99000 size 24576
Apr 26 23:03:54 stmartin kernel: [    0.002494] BRK [0x09601000, 0x09601fff] PGTABLE
Apr 26 23:03:54 stmartin kernel: [    0.002497] BRK [0x09602000, 0x09602fff] PGTABLE
Apr 26 23:03:54 stmartin kernel: [    0.002498] BRK [0x09603000, 0x09603fff] PGTABLE
Apr 26 23:03:54 stmartin kernel: [    0.002513] BRK [0x09604000, 0x09604fff] PGTABLE
Apr 26 23:03:54 stmartin kernel: [    0.002515] BRK [0x09605000, 0x09605fff] PGTABLE
Apr 26 23:03:54 stmartin kernel: [    0.004279] ACPI: Early table checksum verification disabled
Apr 26 23:03:54 stmartin kernel: [    0.004301] ACPI: RSDP 0x00000000000E0000 000024 (v02 VBOX  )
Apr 26 23:03:54 stmartin kernel: [    0.004306] ACPI: XSDT 0x00000000DFFF0030 00003C (v01 VBOX   VBOXXSDT 00000001 ASL  00000061)
Apr 26 23:03:54 stmartin kernel: [    0.004313] ACPI: FACP 0x00000000DFFF00F0 0000F4 (v04 VBOX   VBOXFACP 00000001 ASL  00000061)
Apr 26 23:03:54 stmartin kernel: [    0.004319] ACPI: DSDT 0x00000000DFFF0480 0021FF (v02 VBOX   VBOXBIOS 00000002 INTL 20100528)
Apr 26 23:03:54 stmartin kernel: [    0.004323] ACPI: FACS 0x00000000DFFF0200 000040
Apr 26 23:03:54 stmartin kernel: [    0.004326] ACPI: FACS 0x00000000DFFF0200 000040
Apr 26 23:03:54 stmartin kernel: [    0.004330] ACPI: APIC 0x00000000DFFF0240 00006C (v02 VBOX   VBOXAPIC 00000001 ASL  00000061)
Apr 26 23:03:54 stmartin kernel: [    0.004334] ACPI: SSDT 0x00000000DFFF02B0 0001CC (v01 VBOX   VBOXCPUT 00000002 INTL 20100528)
Apr 26 23:03:54 stmartin kernel: [    0.004343] ACPI: Local APIC address 0xfee00000
Apr 26 23:03:54 stmartin kernel: [    0.004630] No NUMA configuration found
Apr 26 23:03:54 stmartin kernel: [    0.004632] Faking a node at [mem 0x0000000000000000-0x000000011fffffff]
Apr 26 23:03:54 stmartin kernel: [    0.004636] NODE_DATA(0) allocated [mem 0x11fff8000-0x11fffbfff]
Apr 26 23:03:54 stmartin kernel: [    0.006106] Zone ranges:
Apr 26 23:03:54 stmartin kernel: [    0.006109]   DMA      [mem 0x0000000000001000-0x0000000000ffffff]
Apr 26 23:03:54 stmartin kernel: [    0.006112]   DMA32    [mem 0x0000000001000000-0x00000000ffffffff]
Apr 26 23:03:54 stmartin kernel: [    0.006114]   Normal   [mem 0x0000000100000000-0x000000011fffffff]
Apr 26 23:03:54 stmartin kernel: [    0.006115] Movable zone start for each node
Apr 26 23:03:54 stmartin kernel: [    0.006117] Early memory node ranges
Apr 26 23:03:54 stmartin kernel: [    0.006119]   node   0: [mem 0x0000000000001000-0x000000000009efff]
Apr 26 23:03:54 stmartin kernel: [    0.006121]   node   0: [mem 0x0000000000100000-0x00000000dffeffff]
Apr 26 23:03:54 stmartin kernel: [    0.006122]   node   0: [mem 0x0000000100000000-0x000000011fffffff]
Apr 26 23:03:54 stmartin kernel: [    0.009038] Zeroed struct page in unavailable ranges: 114 pages
Apr 26 23:03:54 stmartin kernel: [    0.009041] Initmem setup node 0 [mem 0x0000000000001000-0x000000011fffffff]
Apr 26 23:03:54 stmartin kernel: [    0.009044] On node 0 totalpages: 1048462
Apr 26 23:03:54 stmartin kernel: [    0.009046]   DMA zone: 64 pages used for memmap
Apr 26 23:03:54 stmartin kernel: [    0.009047]   DMA zone: 21 pages reserved
Apr 26 23:03:54 stmartin kernel: [    0.009049]   DMA zone: 3998 pages, LIFO batch:0
Apr 26 23:03:54 stmartin kernel: [    0.009118]   DMA32 zone: 14272 pages used for memmap
Apr 26 23:03:54 stmartin kernel: [    0.009120]   DMA32 zone: 913392 pages, LIFO batch:63
Apr 26 23:03:54 stmartin kernel: [    0.064550]   Normal zone: 2048 pages used for memmap
Apr 26 23:03:54 stmartin kernel: [    0.064554]   Normal zone: 131072 pages, LIFO batch:31
Apr 26 23:03:54 stmartin kernel: [    0.073903] ACPI: PM-Timer IO Port: 0x4008
Apr 26 23:03:54 stmartin kernel: [    0.073909] ACPI: Local APIC address 0xfee00000
Apr 26 23:03:54 stmartin kernel: [    0.073958] IOAPIC[0]: apic_id 4, version 32, address 0xfec00000, GSI 0-23
Apr 26 23:03:54 stmartin kernel: [    0.073962] ACPI: INT_SRC_OVR (bus 0 bus_irq 0 global_irq 2 dfl dfl)
Apr 26 23:03:54 stmartin kernel: [    0.073965] ACPI: INT_SRC_OVR (bus 0 bus_irq 9 global_irq 9 low level)
Apr 26 23:03:54 stmartin kernel: [    0.073968] ACPI: IRQ0 used by override.
Apr 26 23:03:54 stmartin kernel: [    0.073969] ACPI: IRQ9 used by override.
Apr 26 23:03:54 stmartin kernel: [    0.073972] Using ACPI (MADT) for SMP configuration information
Apr 26 23:03:54 stmartin kernel: [    0.073978] smpboot: Allowing 4 CPUs, 0 hotplug CPUs
Apr 26 23:03:54 stmartin kernel: [    0.073990] PM: Registered nosave memory: [mem 0x00000000-0x00000fff]
Apr 26 23:03:54 stmartin kernel: [    0.073992] PM: Registered nosave memory: [mem 0x0009f000-0x0009ffff]
Apr 26 23:03:54 stmartin kernel: [    0.073993] PM: Registered nosave memory: [mem 0x000a0000-0x000effff]
Apr 26 23:03:54 stmartin kernel: [    0.073995] PM: Registered nosave memory: [mem 0x000f0000-0x000fffff]
Apr 26 23:03:54 stmartin kernel: [    0.073997] PM: Registered nosave memory: [mem 0xdfff0000-0xdfffffff]
Apr 26 23:03:54 stmartin kernel: [    0.073999] PM: Registered nosave memory: [mem 0xe0000000-0xfebfffff]
Apr 26 23:03:54 stmartin kernel: [    0.074000] PM: Registered nosave memory: [mem 0xfec00000-0xfec00fff]
Apr 26 23:03:54 stmartin kernel: [    0.074002] PM: Registered nosave memory: [mem 0xfec01000-0xfedfffff]
Apr 26 23:03:54 stmartin kernel: [    0.074003] PM: Registered nosave memory: [mem 0xfee00000-0xfee00fff]
Apr 26 23:03:54 stmartin kernel: [    0.074005] PM: Registered nosave memory: [mem 0xfee01000-0xfffbffff]
Apr 26 23:03:54 stmartin kernel: [    0.074006] PM: Registered nosave memory: [mem 0xfffc0000-0xffffffff]
Apr 26 23:03:54 stmartin kernel: [    0.074009] [mem 0xe0000000-0xfebfffff] available for PCI devices
Apr 26 23:03:54 stmartin kernel: [    0.074012] clocksource: refined-jiffies: mask: 0xffffffff max_cycles: 0xffffffff, max_idle_ns: 1910969940391419 ns
Apr 26 23:03:54 stmartin kernel: [    0.074022] random: get_random_bytes called from start_kernel+0x90/0x48d with crng_init=0
Apr 26 23:03:54 stmartin kernel: [    0.074028] setup_percpu: NR_CPUS:64 nr_cpumask_bits:64 nr_cpu_ids:4 nr_node_ids:1
Apr 26 23:03:54 stmartin kernel: [    0.075642] percpu: Embedded 43 pages/cpu @(____ptrval____) s137944 r8192 d29992 u524288
Apr 26 23:03:54 stmartin kernel: [    0.075648] pcpu-alloc: s137944 r8192 d29992 u524288 alloc=1*2097152
Apr 26 23:03:54 stmartin kernel: [    0.075649] pcpu-alloc: [0] 0 1 2 3 
Apr 26 23:03:54 stmartin kernel: [    0.075663] Built 1 zonelists, mobility grouping on.  Total pages: 1032057
Apr 26 23:03:54 stmartin kernel: [    0.075665] Policy zone: Normal
Apr 26 23:03:54 stmartin kernel: [    0.075668] Kernel command line: BOOT_IMAGE=/boot/vmlinuz-4.20.12-stmartin root=/dev/sda2 ro
Apr 26 23:03:54 stmartin kernel: [    0.119968] Calgary: detecting Calgary via BIOS EBDA area
Apr 26 23:03:54 stmartin kernel: [    0.119974] Calgary: Unable to locate Rio Grande table in EBDA - bailing!
Apr 26 23:03:54 stmartin kernel: [    0.127018] Memory: 4036856K/4193848K available (14341K kernel code, 1269K rwdata, 3144K rodata, 1256K init, 1428K bss, 156992K reserved, 0K cma-reserved)
Apr 26 23:03:54 stmartin kernel: [    0.128663] SLUB: HWalign=64, Order=0-3, MinObjects=0, CPUs=4, Nodes=1
Apr 26 23:03:54 stmartin kernel: [    0.128668] Kernel/User page tables isolation: enabled
Apr 26 23:03:54 stmartin kernel: [    0.130180] rcu: Hierarchical RCU implementation.
Apr 26 23:03:54 stmartin kernel: [    0.130182] rcu: ^IRCU event tracing is enabled.
Apr 26 23:03:54 stmartin kernel: [    0.130184] rcu: ^IRCU restricting CPUs from NR_CPUS=64 to nr_cpu_ids=4.
Apr 26 23:03:54 stmartin kernel: [    0.130186] rcu: RCU calculated value of scheduler-enlistment delay is 100 jiffies.
Apr 26 23:03:54 stmartin kernel: [    0.130188] rcu: Adjusting geometry for rcu_fanout_leaf=16, nr_cpu_ids=4
Apr 26 23:03:54 stmartin kernel: [    0.130323] NR_IRQS: 4352, nr_irqs: 456, preallocated irqs: 16
Apr 26 23:03:54 stmartin kernel: [    0.139062] Console: colour VGA+ 80x25
Apr 26 23:03:54 stmartin kernel: [    0.187700] printk: console [tty0] enabled
Apr 26 23:03:54 stmartin kernel: [    0.188164] ACPI: Core revision 20181003
Apr 26 23:03:54 stmartin kernel: [    0.188784] APIC: Switch to symmetric I/O mode setup
Apr 26 23:03:54 stmartin kernel: [    0.189694] ..TIMER: vector=0x30 apic1=0 pin1=2 apic2=-1 pin2=-1
Apr 26 23:03:54 stmartin kernel: [    0.194728] clocksource: tsc-early: mask: 0xffffffffffffffff max_cycles: 0x255c529b2d8, max_idle_ns: 440795224184 ns
Apr 26 23:03:54 stmartin kernel: [    0.195426] Calibrating delay loop (skipped), value calculated using timer frequency.. 5183.78 BogoMIPS (lpj=2591894)
Apr 26 23:03:54 stmartin kernel: [    0.196416] pid_max: default: 32768 minimum: 301
Apr 26 23:03:54 stmartin kernel: [    0.197432] LSM: Security Framework initializing
Apr 26 23:03:54 stmartin kernel: [    0.197883] SELinux:  Initializing.
Apr 26 23:03:54 stmartin kernel: [    0.202526] Dentry cache hash table entries: 524288 (order: 10, 4194304 bytes)
Apr 26 23:03:54 stmartin kernel: [    0.205389] Inode-cache hash table entries: 262144 (order: 9, 2097152 bytes)
Apr 26 23:03:54 stmartin kernel: [    0.206576] Mount-cache hash table entries: 8192 (order: 4, 65536 bytes)
Apr 26 23:03:54 stmartin kernel: [    0.207423] Mountpoint-cache hash table entries: 8192 (order: 4, 65536 bytes)
Apr 26 23:03:54 stmartin kernel: [    0.208155] mce: CPU supports 0 MCE banks
Apr 26 23:03:54 stmartin kernel: [    0.208430] Last level iTLB entries: 4KB 64, 2MB 8, 4MB 8
Apr 26 23:03:54 stmartin kernel: [    0.208894] Last level dTLB entries: 4KB 64, 2MB 0, 4MB 0, 1GB 4
Apr 26 23:03:54 stmartin kernel: [    0.209415] Spectre V2 : Mitigation: Full generic retpoline
Apr 26 23:03:54 stmartin kernel: [    0.209881] Spectre V2 : Spectre v2 / SpectreRSB mitigation: Filling RSB on context switch
Apr 26 23:03:54 stmartin kernel: [    0.210415] Speculative Store Bypass: Vulnerable
Apr 26 23:03:54 stmartin kernel: [    0.211582] Freeing SMP alternatives memory: 40K
Apr 26 23:03:54 stmartin kernel: [    0.213409] smpboot: CPU0: Intel(R) Core(TM) i7-6700HQ CPU @ 2.60GHz (family: 0x6, model: 0x5e, stepping: 0x3)
Apr 26 23:03:54 stmartin kernel: [    0.213561] Performance Events: unsupported p6 CPU model 94 no PMU driver, software events only.
Apr 26 23:03:54 stmartin kernel: [    0.214215] rcu: Hierarchical SRCU implementation.
Apr 26 23:03:54 stmartin kernel: [    0.214564] smp: Bringing up secondary CPUs ...
Apr 26 23:03:54 stmartin kernel: [    0.215118] x86: Booting SMP configuration:
Apr 26 23:03:54 stmartin kernel: [    0.215415] .... node  #0, CPUs:      #1
Apr 26 23:03:54 stmartin kernel: [    0.059937] mce: CPU supports 0 MCE banks
Apr 26 23:03:54 stmartin kernel: [    0.216531]  #2
Apr 26 23:03:54 stmartin kernel: [    0.059937] mce: CPU supports 0 MCE banks
Apr 26 23:03:54 stmartin kernel: [    0.218555]  #3
Apr 26 23:03:54 stmartin kernel: [    0.059937] mce: CPU supports 0 MCE banks
Apr 26 23:03:54 stmartin kernel: [    0.220428] smp: Brought up 1 node, 4 CPUs
Apr 26 23:03:54 stmartin kernel: [    0.224416] smpboot: Max logical packages: 1
Apr 26 23:03:54 stmartin kernel: [    0.224916] smpboot: Total of 4 processors activated (20735.15 BogoMIPS)
Apr 26 23:03:54 stmartin kernel: [    0.227510] devtmpfs: initialized
Apr 26 23:03:54 stmartin kernel: [    0.228645] clocksource: jiffies: mask: 0xffffffff max_cycles: 0xffffffff, max_idle_ns: 1911260446275000 ns
Apr 26 23:03:54 stmartin kernel: [    0.229428] futex hash table entries: 1024 (order: 4, 65536 bytes)
Apr 26 23:03:54 stmartin kernel: [    0.230565] RTC time: 21:03:49, date: 04/26/19
Apr 26 23:03:54 stmartin kernel: [    0.231264] NET: Registered protocol family 16
Apr 26 23:03:54 stmartin kernel: [    0.231586] audit: initializing netlink subsys (disabled)
Apr 26 23:03:54 stmartin kernel: [    0.232063] audit: type=2000 audit(1556312628.042:1): state=initialized audit_enabled=0 res=1
Apr 26 23:03:54 stmartin kernel: [    0.232457] cpuidle: using governor menu
Apr 26 23:03:54 stmartin kernel: [    0.233454] ACPI: bus type PCI registered
Apr 26 23:03:54 stmartin kernel: [    0.233958] PCI: Using configuration type 1 for base access
Apr 26 23:03:54 stmartin kernel: [    0.236510] HugeTLB registered 2.00 MiB page size, pre-allocated 0 pages
Apr 26 23:03:54 stmartin kernel: [    0.237580] ACPI: Added _OSI(Module Device)
Apr 26 23:03:54 stmartin kernel: [    0.238082] ACPI: Added _OSI(Processor Device)
Apr 26 23:03:54 stmartin kernel: [    0.238417] ACPI: Added _OSI(3.0 _SCP Extensions)
Apr 26 23:03:54 stmartin kernel: [    0.238894] ACPI: Added _OSI(Processor Aggregator Device)
Apr 26 23:03:54 stmartin kernel: [    0.239424] ACPI: Added _OSI(Linux-Dell-Video)
Apr 26 23:03:54 stmartin kernel: [    0.239864] ACPI: Added _OSI(Linux-Lenovo-NV-HDMI-Audio)
Apr 26 23:03:54 stmartin kernel: [    0.242466] ACPI: 2 ACPI AML tables successfully acquired and loaded
Apr 26 23:03:54 stmartin kernel: [    0.245018] ACPI: Interpreter enabled
Apr 26 23:03:54 stmartin kernel: [    0.245423] ACPI: (supports S0 S5)
Apr 26 23:03:54 stmartin kernel: [    0.245802] ACPI: Using IOAPIC for interrupt routing
Apr 26 23:03:54 stmartin kernel: [    0.246718] PCI: Using host bridge windows from ACPI; if necessary, use "pci=nocrs" and report a bug
Apr 26 23:03:54 stmartin kernel: [    0.247554] ACPI: Enabled 2 GPEs in block 00 to 07
Apr 26 23:03:54 stmartin kernel: [    0.252536] ACPI: PCI Root Bridge [PCI0] (domain 0000 [bus 00-ff])
Apr 26 23:03:54 stmartin kernel: [    0.252971] acpi PNP0A03:00: _OSC: OS supports [ASPM ClockPM Segments MSI]
Apr 26 23:03:54 stmartin kernel: [    0.253437] acpi PNP0A03:00: _OSC: not requesting OS control; OS requires [ExtendedConfig ASPM ClockPM MSI]
Apr 26 23:03:54 stmartin kernel: [    0.254421] acpi PNP0A03:00: fail to add MMCONFIG information, can't access extended PCI configuration space under this bridge.
Apr 26 23:03:54 stmartin kernel: [    0.255170] PCI host bridge to bus 0000:00
Apr 26 23:03:54 stmartin kernel: [    0.255416] pci_bus 0000:00: root bus resource [io  0x0000-0x0cf7 window]
Apr 26 23:03:54 stmartin kernel: [    0.255917] pci_bus 0000:00: root bus resource [io  0x0d00-0xffff window]
Apr 26 23:03:54 stmartin kernel: [    0.256416] pci_bus 0000:00: root bus resource [mem 0x000a0000-0x000bffff window]
Apr 26 23:03:54 stmartin kernel: [    0.256946] pci_bus 0000:00: root bus resource [mem 0xe0000000-0xfdffffff window]
Apr 26 23:03:54 stmartin kernel: [    0.257415] pci_bus 0000:00: root bus resource [bus 00-ff]
Apr 26 23:03:54 stmartin kernel: [    0.258496] pci 0000:00:00.0: [8086:1237] type 00 class 0x060000
Apr 26 23:03:54 stmartin kernel: [    0.259774] pci 0000:00:01.0: [8086:7000] type 00 class 0x060100
Apr 26 23:03:54 stmartin kernel: [    0.261309] pci 0000:00:02.0: [80ee:beef] type 00 class 0x030000
Apr 26 23:03:54 stmartin kernel: [    0.267443] pci 0000:00:02.0: reg 0x10: [mem 0xe0000000-0xe7ffffff pref]
Apr 26 23:03:54 stmartin kernel: [    0.300041] pci 0000:00:03.0: [8086:100e] type 00 class 0x020000
Apr 26 23:03:54 stmartin kernel: [    0.302642] pci 0000:00:03.0: reg 0x10: [mem 0xf0000000-0xf001ffff]
Apr 26 23:03:54 stmartin kernel: [    0.306687] pci 0000:00:03.0: reg 0x18: [io  0xd000-0xd007]
Apr 26 23:03:54 stmartin kernel: [    0.316464] pci 0000:00:04.0: [80ee:cafe] type 00 class 0x088000
Apr 26 23:03:54 stmartin kernel: [    0.318592] pci 0000:00:04.0: reg 0x10: [io  0xd020-0xd03f]
Apr 26 23:03:54 stmartin kernel: [    0.319597] pci 0000:00:04.0: reg 0x14: [mem 0xf0400000-0xf07fffff]
Apr 26 23:03:54 stmartin kernel: [    0.323427] pci 0000:00:04.0: reg 0x18: [mem 0xf0800000-0xf0803fff pref]
Apr 26 23:03:54 stmartin kernel: [    0.332771] pci 0000:00:05.0: [8086:2415] type 00 class 0x040100
Apr 26 23:03:54 stmartin kernel: [    0.333206] pci 0000:00:05.0: reg 0x10: [io  0xd100-0xd1ff]
Apr 26 23:03:54 stmartin kernel: [    0.333389] pci 0000:00:05.0: reg 0x14: [io  0xd200-0xd23f]
Apr 26 23:03:54 stmartin kernel: [    0.334749] pci 0000:00:06.0: [106b:003f] type 00 class 0x0c0310
Apr 26 23:03:54 stmartin kernel: [    0.336621] pci 0000:00:06.0: reg 0x10: [mem 0xf0804000-0xf0804fff]
Apr 26 23:03:54 stmartin kernel: [    0.349464] pci 0000:00:07.0: [8086:7113] type 00 class 0x068000
Apr 26 23:03:54 stmartin kernel: [    0.350555] pci 0000:00:07.0: quirk: [io  0x4000-0x403f] claimed by PIIX4 ACPI
Apr 26 23:03:54 stmartin kernel: [    0.351164] pci 0000:00:07.0: quirk: [io  0x4100-0x410f] claimed by PIIX4 SMB
Apr 26 23:03:54 stmartin kernel: [    0.351977] pci 0000:00:0b.0: [8086:265c] type 00 class 0x0c0320
Apr 26 23:03:54 stmartin kernel: [    0.354637] pci 0000:00:0b.0: reg 0x10: [mem 0xf0805000-0xf0805fff]
Apr 26 23:03:54 stmartin kernel: [    0.367156] pci 0000:00:0d.0: [8086:2829] type 00 class 0x010601
Apr 26 23:03:54 stmartin kernel: [    0.369641] pci 0000:00:0d.0: reg 0x10: [io  0xd240-0xd247]
Apr 26 23:03:54 stmartin kernel: [    0.372241] pci 0000:00:0d.0: reg 0x14: [io  0xd248-0xd24b]
Apr 26 23:03:54 stmartin kernel: [    0.374634] pci 0000:00:0d.0: reg 0x18: [io  0xd250-0xd257]
Apr 26 23:03:54 stmartin kernel: [    0.376637] pci 0000:00:0d.0: reg 0x1c: [io  0xd258-0xd25b]
Apr 26 23:03:54 stmartin kernel: [    0.377646] pci 0000:00:0d.0: reg 0x20: [io  0xd260-0xd26f]
Apr 26 23:03:54 stmartin kernel: [    0.380569] pci 0000:00:0d.0: reg 0x24: [mem 0xf0806000-0xf0807fff]
Apr 26 23:03:54 stmartin kernel: [    0.385800] ACPI: PCI Interrupt Link [LNKA] (IRQs 5 9 10 *11)
Apr 26 23:03:54 stmartin kernel: [    0.386658] ACPI: PCI Interrupt Link [LNKB] (IRQs 5 9 *10 11)
Apr 26 23:03:54 stmartin kernel: [    0.387595] ACPI: PCI Interrupt Link [LNKC] (IRQs 5 *9 10 11)
Apr 26 23:03:54 stmartin kernel: [    0.388530] ACPI: PCI Interrupt Link [LNKD] (IRQs 5 9 10 *11)
Apr 26 23:03:54 stmartin kernel: [    0.389489] pci 0000:00:02.0: vgaarb: setting as boot VGA device
Apr 26 23:03:54 stmartin kernel: [    0.390308] pci 0000:00:02.0: vgaarb: VGA device added: decodes=io+mem,owns=io+mem,locks=none
Apr 26 23:03:54 stmartin kernel: [    0.391420] pci 0000:00:02.0: vgaarb: bridge control possible
Apr 26 23:03:54 stmartin kernel: [    0.391420] vgaarb: loaded
Apr 26 23:03:54 stmartin kernel: [    0.391954] SCSI subsystem initialized
Apr 26 23:03:54 stmartin kernel: [    0.393478] libata version 3.00 loaded.
Apr 26 23:03:54 stmartin kernel: [    0.393485] ACPI: bus type USB registered
Apr 26 23:03:54 stmartin kernel: [    0.394101] usbcore: registered new interface driver usbfs
Apr 26 23:03:54 stmartin kernel: [    0.394425] usbcore: registered new interface driver hub
Apr 26 23:03:54 stmartin kernel: [    0.395413] usbcore: registered new device driver usb
Apr 26 23:03:54 stmartin kernel: [    0.395433] pps_core: LinuxPPS API ver. 1 registered
Apr 26 23:03:54 stmartin kernel: [    0.395827] pps_core: Software ver. 5.3.6 - Copyright 2005-2007 Rodolfo Giometti <giometti@linux.it>
Apr 26 23:03:54 stmartin kernel: [    0.396420] PTP clock support registered
Apr 26 23:03:54 stmartin kernel: [    0.397468] EDAC MC: Ver: 3.0.0
Apr 26 23:03:54 stmartin kernel: [    0.398456] Advanced Linux Sound Architecture Driver Initialized.
Apr 26 23:03:54 stmartin kernel: [    0.398456] PCI: Using ACPI for IRQ routing
Apr 26 23:03:54 stmartin kernel: [    0.399415] PCI: pci_cache_line_size set to 64 bytes
Apr 26 23:03:54 stmartin kernel: [    0.399773] e820: reserve RAM buffer [mem 0x0009fc00-0x0009ffff]
Apr 26 23:03:54 stmartin kernel: [    0.399778] e820: reserve RAM buffer [mem 0xdfff0000-0xdfffffff]
Apr 26 23:03:54 stmartin kernel: [    0.400413] NetLabel: Initializing
Apr 26 23:03:54 stmartin kernel: [    0.400421] NetLabel:  domain hash size = 128
Apr 26 23:03:54 stmartin kernel: [    0.400863] NetLabel:  protocols = UNLABELED CIPSOv4 CALIPSO
Apr 26 23:03:54 stmartin kernel: [    0.401432] NetLabel:  unlabeled traffic allowed by default
Apr 26 23:03:54 stmartin kernel: [    0.402497] clocksource: Switched to clocksource tsc-early
Apr 26 23:03:54 stmartin kernel: [    0.418182] VFS: Disk quotas dquot_6.6.0
Apr 26 23:03:54 stmartin kernel: [    0.419248] VFS: Dquot-cache hash table entries: 512 (order 0, 4096 bytes)
Apr 26 23:03:54 stmartin kernel: [    0.426185] pnp: PnP ACPI init
Apr 26 23:03:54 stmartin kernel: [    0.426699] pnp 00:00: Plug and Play ACPI device, IDs PNP0303 (active)
Apr 26 23:03:54 stmartin kernel: [    0.426774] pnp 00:01: Plug and Play ACPI device, IDs PNP0f03 (active)
Apr 26 23:03:54 stmartin kernel: [    0.428085] pnp: PnP ACPI: found 2 devices
Apr 26 23:03:54 stmartin kernel: [    0.441836] clocksource: acpi_pm: mask: 0xffffff max_cycles: 0xffffff, max_idle_ns: 2085701024 ns
Apr 26 23:03:54 stmartin kernel: [    0.442506] pci_bus 0000:00: resource 4 [io  0x0000-0x0cf7 window]
Apr 26 23:03:54 stmartin kernel: [    0.442509] pci_bus 0000:00: resource 5 [io  0x0d00-0xffff window]
Apr 26 23:03:54 stmartin kernel: [    0.442511] pci_bus 0000:00: resource 6 [mem 0x000a0000-0x000bffff window]
Apr 26 23:03:54 stmartin kernel: [    0.442513] pci_bus 0000:00: resource 7 [mem 0xe0000000-0xfdffffff window]
Apr 26 23:03:54 stmartin kernel: [    0.442561] NET: Registered protocol family 2
Apr 26 23:03:54 stmartin kernel: [    0.443269] tcp_listen_portaddr_hash hash table entries: 2048 (order: 3, 32768 bytes)
Apr 26 23:03:54 stmartin kernel: [    0.443855] TCP established hash table entries: 32768 (order: 6, 262144 bytes)
Apr 26 23:03:54 stmartin kernel: [    0.444557] TCP bind hash table entries: 32768 (order: 7, 524288 bytes)
Apr 26 23:03:54 stmartin kernel: [    0.445195] TCP: Hash tables configured (established 32768 bind 32768)
Apr 26 23:03:54 stmartin kernel: [    0.445713] UDP hash table entries: 2048 (order: 4, 65536 bytes)
Apr 26 23:03:54 stmartin kernel: [    0.446168] UDP-Lite hash table entries: 2048 (order: 4, 65536 bytes)
Apr 26 23:03:54 stmartin kernel: [    0.446671] NET: Registered protocol family 1
Apr 26 23:03:54 stmartin kernel: [    0.447777] RPC: Registered named UNIX socket transport module.
Apr 26 23:03:54 stmartin kernel: [    0.448248] RPC: Registered udp transport module.
Apr 26 23:03:54 stmartin kernel: [    0.448735] RPC: Registered tcp transport module.
Apr 26 23:03:54 stmartin kernel: [    0.449138] RPC: Registered tcp NFSv4.1 backchannel transport module.
Apr 26 23:03:54 stmartin kernel: [    0.449853] pci 0000:00:00.0: Limiting direct PCI/PCI transfers
Apr 26 23:03:54 stmartin kernel: [    0.450381] pci 0000:00:01.0: Activating ISA DMA hang workarounds
Apr 26 23:03:54 stmartin kernel: [    0.450890] pci 0000:00:02.0: Video device with shadowed ROM at [mem 0x000c0000-0x000dffff]
Apr 26 23:03:54 stmartin kernel: [    0.454451] PCI: CLS 0 bytes, default 64
Apr 26 23:03:54 stmartin kernel: [    0.454492] PCI-DMA: Using software bounce buffering for IO (SWIOTLB)
Apr 26 23:03:54 stmartin kernel: [    0.455091] software IO TLB: mapped [mem 0xdbff0000-0xdfff0000] (64MB)
Apr 26 23:03:54 stmartin kernel: [    0.456137] RAPL PMU: API unit is 2^-32 Joules, 5 fixed counters, 10737418240 ms ovfl timer
Apr 26 23:03:54 stmartin kernel: [    0.456732] RAPL PMU: hw unit of domain pp0-core 2^-0 Joules
Apr 26 23:03:54 stmartin kernel: [    0.457225] RAPL PMU: hw unit of domain package 2^-0 Joules
Apr 26 23:03:54 stmartin kernel: [    0.457731] RAPL PMU: hw unit of domain dram 2^-0 Joules
Apr 26 23:03:54 stmartin kernel: [    0.458155] RAPL PMU: hw unit of domain pp1-gpu 2^-0 Joules
Apr 26 23:03:54 stmartin kernel: [    0.458590] RAPL PMU: hw unit of domain psys 2^-0 Joules
Apr 26 23:03:54 stmartin kernel: [    0.459437] platform rtc_cmos: registered platform RTC device (no PNP device found)
Apr 26 23:03:54 stmartin kernel: [    0.462196] check: Scanning for low memory corruption every 60 seconds
Apr 26 23:03:54 stmartin kernel: [    0.463205] Initialise system trusted keyrings
Apr 26 23:03:54 stmartin kernel: [    0.463886] workingset: timestamp_bits=56 max_order=20 bucket_order=0
Apr 26 23:03:54 stmartin kernel: [    0.470790] NFS: Registering the id_resolver key type
Apr 26 23:03:54 stmartin kernel: [    0.471323] Key type id_resolver registered
Apr 26 23:03:54 stmartin kernel: [    0.471744] Key type id_legacy registered
Apr 26 23:03:54 stmartin kernel: [    0.476730] cryptomgr_test (47) used greatest stack depth: 15448 bytes left
Apr 26 23:03:54 stmartin kernel: [    0.477582] kworker/u8:0 (49) used greatest stack depth: 14104 bytes left
Apr 26 23:03:54 stmartin kernel: [    0.489856] Key type asymmetric registered
Apr 26 23:03:54 stmartin kernel: [    0.490310] Asymmetric key parser 'x509' registered
Apr 26 23:03:54 stmartin kernel: [    0.490746] Block layer SCSI generic (bsg) driver version 0.4 loaded (major 251)
Apr 26 23:03:54 stmartin kernel: [    0.491712] io scheduler noop registered
Apr 26 23:03:54 stmartin kernel: [    0.492077] io scheduler deadline registered
Apr 26 23:03:54 stmartin kernel: [    0.493033] io scheduler cfq registered (default)
Apr 26 23:03:54 stmartin kernel: [    0.493531] io scheduler mq-deadline registered
Apr 26 23:03:54 stmartin kernel: [    0.494065] io scheduler kyber registered
Apr 26 23:03:54 stmartin kernel: [    0.495966] ACPI: AC Adapter [AC] (off-line)
Apr 26 23:03:54 stmartin kernel: [    0.496516] input: Power Button as /devices/LNXSYSTM:00/LNXPWRBN:00/input/input0
Apr 26 23:03:54 stmartin kernel: [    0.497075] ACPI: Power Button [PWRF]
Apr 26 23:03:54 stmartin kernel: [    0.497628] input: Sleep Button as /devices/LNXSYSTM:00/LNXSLPBN:00/input/input1
Apr 26 23:03:54 stmartin kernel: [    0.498244] ACPI: Sleep Button [SLPF]
Apr 26 23:03:54 stmartin kernel: [    0.498828] ACPI: Video Device [GFX0] (multi-head: yes  rom: no  post: no)
Apr 26 23:03:54 stmartin kernel: [    0.499404] input: Video Bus as /devices/LNXSYSTM:00/LNXSYBUS:00/PNP0A03:00/LNXVIDEO:00/input/input2
Apr 26 23:03:54 stmartin kernel: [    0.501030] Serial: 8250/16550 driver, 4 ports, IRQ sharing enabled
Apr 26 23:03:54 stmartin kernel: [    0.502408] battery: ACPI: Battery Slot [BAT0] (battery present)
Apr 26 23:03:54 stmartin kernel: [    0.503010] Non-volatile memory driver v1.3
Apr 26 23:03:54 stmartin kernel: [    0.503637] Linux agpgart interface v0.103
Apr 26 23:03:54 stmartin kernel: [    0.513255] loop: module loaded
Apr 26 23:03:54 stmartin kernel: [    0.513832] ahci 0000:00:0d.0: version 3.0
Apr 26 23:03:54 stmartin kernel: [    0.514281] ahci 0000:00:0d.0: SSS flag set, parallel bus scan disabled
Apr 26 23:03:54 stmartin kernel: [    0.514934] ahci 0000:00:0d.0: AHCI 0001.0100 32 slots 2 ports 3 Gbps 0x3 impl SATA mode
Apr 26 23:03:54 stmartin kernel: [    0.515639] ahci 0000:00:0d.0: flags: 64bit ncq stag only ccc 
Apr 26 23:03:54 stmartin kernel: [    0.516814] scsi host0: ahci
Apr 26 23:03:54 stmartin kernel: [    0.517841] scsi host1: ahci
Apr 26 23:03:54 stmartin kernel: [    0.518397] ata1: SATA max UDMA/133 abar m8192@0xf0806000 port 0xf0806100 irq 21
Apr 26 23:03:54 stmartin kernel: [    0.518961] ata2: SATA max UDMA/133 abar m8192@0xf0806000 port 0xf0806180 irq 21
Apr 26 23:03:54 stmartin kernel: [    0.520094] e100: Intel(R) PRO/100 Network Driver, 3.5.24-k2-NAPI
Apr 26 23:03:54 stmartin kernel: [    0.520710] e100: Copyright(c) 1999-2006 Intel Corporation
Apr 26 23:03:54 stmartin kernel: [    0.521214] e1000: Intel(R) PRO/1000 Network Driver - version 7.3.21-k8-NAPI
Apr 26 23:03:54 stmartin kernel: [    0.521740] e1000: Copyright (c) 1999-2006 Intel Corporation.
Apr 26 23:03:54 stmartin kernel: [    0.830139] ata1: SATA link up 3.0 Gbps (SStatus 123 SControl 300)
Apr 26 23:03:54 stmartin kernel: [    0.830929] ata1.00: ATA-6: VBOX HARDDISK, 1.0, max UDMA/133
Apr 26 23:03:54 stmartin kernel: [    0.831491] ata1.00: 54525952 sectors, multi 128: LBA48 NCQ (depth 32)
Apr 26 23:03:54 stmartin kernel: [    0.832670] ata1.00: configured for UDMA/133
Apr 26 23:03:54 stmartin kernel: [    0.838400] scsi 0:0:0:0: Direct-Access     ATA      VBOX HARDDISK    1.0  PQ: 0 ANSI: 5
Apr 26 23:03:54 stmartin kernel: [    0.839472] sd 0:0:0:0: Attached scsi generic sg0 type 0
Apr 26 23:03:54 stmartin kernel: [    0.840177] sd 0:0:0:0: [sda] 54525952 512-byte logical blocks: (27.9 GB/26.0 GiB)
Apr 26 23:03:54 stmartin kernel: [    0.840891] sd 0:0:0:0: [sda] Write Protect is off
Apr 26 23:03:54 stmartin kernel: [    0.841453] sd 0:0:0:0: [sda] Mode Sense: 00 3a 00 00
Apr 26 23:03:54 stmartin kernel: [    0.841533] sd 0:0:0:0: [sda] Write cache: enabled, read cache: enabled, doesn't support DPO or FUA
Apr 26 23:03:54 stmartin kernel: [    0.848714]  sda: sda1 sda2 sda3
Apr 26 23:03:54 stmartin kernel: [    0.850207] sd 0:0:0:0: [sda] Attached SCSI disk
Apr 26 23:03:54 stmartin kernel: [    0.964183] e1000 0000:00:03.0 eth0: (PCI:33MHz:32-bit) 08:00:27:3d:0a:87
Apr 26 23:03:54 stmartin kernel: [    0.964590] e1000 0000:00:03.0 eth0: Intel(R) PRO/1000 Network Connection
Apr 26 23:03:54 stmartin kernel: [    0.966274] e1000e: Intel(R) PRO/1000 Network Driver - 3.2.6-k
Apr 26 23:03:54 stmartin kernel: [    0.966710] e1000e: Copyright(c) 1999 - 2015 Intel Corporation.
Apr 26 23:03:54 stmartin kernel: [    0.967196] sky2: driver version 1.30
Apr 26 23:03:54 stmartin kernel: [    0.967936] ehci_hcd: USB 2.0 'Enhanced' Host Controller (EHCI) Driver
Apr 26 23:03:54 stmartin kernel: [    0.968438] ehci-pci: EHCI PCI platform driver
Apr 26 23:03:54 stmartin kernel: [    0.969740] ehci-pci 0000:00:0b.0: EHCI Host Controller
Apr 26 23:03:54 stmartin kernel: [    0.970480] ehci-pci 0000:00:0b.0: new USB bus registered, assigned bus number 1
Apr 26 23:03:54 stmartin kernel: [    0.973663] ehci-pci 0000:00:0b.0: irq 19, io mem 0xf0805000
Apr 26 23:03:54 stmartin kernel: [    0.982361] ehci-pci 0000:00:0b.0: USB 2.0 started, EHCI 1.00
Apr 26 23:03:54 stmartin kernel: [    0.982854] usb usb1: New USB device found, idVendor=1d6b, idProduct=0002, bcdDevice= 4.20
Apr 26 23:03:54 stmartin kernel: [    0.983621] usb usb1: New USB device strings: Mfr=3, Product=2, SerialNumber=1
Apr 26 23:03:54 stmartin kernel: [    0.984598] usb usb1: Product: EHCI Host Controller
Apr 26 23:03:54 stmartin kernel: [    0.985010] usb usb1: Manufacturer: Linux 4.20.12 ehci_hcd
Apr 26 23:03:54 stmartin kernel: [    0.985643] usb usb1: SerialNumber: 0000:00:0b.0
Apr 26 23:03:54 stmartin kernel: [    0.986412] hub 1-0:1.0: USB hub found
Apr 26 23:03:54 stmartin kernel: [    0.987607] hub 1-0:1.0: 12 ports detected
Apr 26 23:03:54 stmartin kernel: [    0.988281] ohci_hcd: USB 1.1 'Open' Host Controller (OHCI) Driver
Apr 26 23:03:54 stmartin kernel: [    0.988781] ohci-pci: OHCI PCI platform driver
Apr 26 23:03:54 stmartin kernel: [    0.990021] ohci-pci 0000:00:06.0: OHCI PCI host controller
Apr 26 23:03:54 stmartin kernel: [    0.990629] ohci-pci 0000:00:06.0: new USB bus registered, assigned bus number 2
Apr 26 23:03:54 stmartin kernel: [    0.991392] ohci-pci 0000:00:06.0: irq 22, io mem 0xf0804000
Apr 26 23:03:54 stmartin kernel: [    1.044862] usb usb2: New USB device found, idVendor=1d6b, idProduct=0001, bcdDevice= 4.20
Apr 26 23:03:54 stmartin kernel: [    1.045489] usb usb2: New USB device strings: Mfr=3, Product=2, SerialNumber=1
Apr 26 23:03:54 stmartin kernel: [    1.046079] usb usb2: Product: OHCI PCI host controller
Apr 26 23:03:54 stmartin kernel: [    1.046568] usb usb2: Manufacturer: Linux 4.20.12 ohci_hcd
Apr 26 23:03:54 stmartin kernel: [    1.047047] usb usb2: SerialNumber: 0000:00:06.0
Apr 26 23:03:54 stmartin kernel: [    1.048324] hub 2-0:1.0: USB hub found
Apr 26 23:03:54 stmartin kernel: [    1.048754] hub 2-0:1.0: 12 ports detected
Apr 26 23:03:54 stmartin kernel: [    1.049770] uhci_hcd: USB Universal Host Controller Interface driver
Apr 26 23:03:54 stmartin kernel: [    1.050422] usbcore: registered new interface driver usblp
Apr 26 23:03:54 stmartin kernel: [    1.051001] usbcore: registered new interface driver usb-storage
Apr 26 23:03:54 stmartin kernel: [    1.051553] i8042: PNP: PS/2 Controller [PNP0303:PS2K,PNP0f03:PS2M] at 0x60,0x64 irq 1,12
Apr 26 23:03:54 stmartin kernel: [    1.052861] serio: i8042 KBD port at 0x60,0x64 irq 1
Apr 26 23:03:54 stmartin kernel: [    1.053463] serio: i8042 AUX port at 0x60,0x64 irq 12
Apr 26 23:03:54 stmartin kernel: [    1.054878] input: AT Translated Set 2 keyboard as /devices/platform/i8042/serio0/input/input3
Apr 26 23:03:54 stmartin kernel: [    1.056572] rtc_cmos rtc_cmos: registered as rtc0
Apr 26 23:03:54 stmartin kernel: [    1.057085] rtc_cmos rtc_cmos: alarms up to one day, 114 bytes nvram
Apr 26 23:03:54 stmartin kernel: [    1.057911] device-mapper: ioctl: 4.39.0-ioctl (2018-04-03) initialised: dm-devel@redhat.com
Apr 26 23:03:54 stmartin kernel: [    1.059147] hidraw: raw HID events driver (C) Jiri Kosina
Apr 26 23:03:54 stmartin kernel: [    1.059858] usbcore: registered new interface driver usbhid
Apr 26 23:03:54 stmartin kernel: [    1.060425] usbhid: USB HID core driver
Apr 26 23:03:54 stmartin kernel: [    1.062860] Initializing XFRM netlink socket
Apr 26 23:03:54 stmartin kernel: [    1.063606] NET: Registered protocol family 10
Apr 26 23:03:54 stmartin kernel: [    1.064652] Segment Routing with IPv6
Apr 26 23:03:54 stmartin kernel: [    1.066437] sit: IPv6, IPv4 and MPLS over IPv4 tunneling driver
Apr 26 23:03:54 stmartin kernel: [    1.067313] NET: Registered protocol family 17
Apr 26 23:03:54 stmartin kernel: [    1.068020] Key type dns_resolver registered
Apr 26 23:03:54 stmartin kernel: [    1.069116] sched_clock: Marking stable (1010125829, 58937955)->(1186545951, -117482167)
Apr 26 23:03:54 stmartin kernel: [    1.071628] registered taskstats version 1
Apr 26 23:03:54 stmartin kernel: [    1.072616] Loading compiled-in X.509 certificates
Apr 26 23:03:54 stmartin kernel: [    1.073332]   Magic number: 15:682:96
Apr 26 23:03:54 stmartin kernel: [    1.073766] printk: console [netcon0] enabled
Apr 26 23:03:54 stmartin kernel: [    1.074339] netconsole: network logging started
Apr 26 23:03:54 stmartin kernel: [    1.074808] cfg80211: Loading compiled-in X.509 certificates for regulatory database
Apr 26 23:03:54 stmartin kernel: [    1.077359] cfg80211: Loaded X.509 cert 'sforshee: 00b28ddf47aef9cea7'
Apr 26 23:03:54 stmartin kernel: [    1.077858] platform regulatory.0: Direct firmware load for regulatory.db failed with error -2
Apr 26 23:03:54 stmartin kernel: [    1.078593] ALSA device list:
Apr 26 23:03:54 stmartin kernel: [    1.078684] cfg80211: failed to load regulatory.db
Apr 26 23:03:54 stmartin kernel: [    1.079062]   No soundcards found.
Apr 26 23:03:54 stmartin kernel: [    1.151987] ata2: SATA link down (SStatus 0 SControl 300)
Apr 26 23:03:54 stmartin kernel: [    1.276668] input: ImExPS/2 Generic Explorer Mouse as /devices/platform/i8042/serio1/input/input5
Apr 26 23:03:54 stmartin kernel: [    1.277860] md: Waiting for all devices to be available before autodetect
Apr 26 23:03:54 stmartin kernel: [    1.278411] md: If you don't use raid, use raid=noautodetect
Apr 26 23:03:54 stmartin kernel: [    1.279062] md: Autodetecting RAID arrays.
Apr 26 23:03:54 stmartin kernel: [    1.279542] md: autorun ...
Apr 26 23:03:54 stmartin kernel: [    1.279963] md: ... autorun DONE.
Apr 26 23:03:54 stmartin kernel: [    1.288840] EXT4-fs (sda2): INFO: recovery required on readonly filesystem
Apr 26 23:03:54 stmartin kernel: [    1.289396] EXT4-fs (sda2): write access will be enabled during recovery
Apr 26 23:03:54 stmartin kernel: [    1.312073] random: fast init done
Apr 26 23:03:54 stmartin kernel: [    1.475456] usb 2-1: new full-speed USB device number 2 using ohci-pci
Apr 26 23:03:54 stmartin kernel: [    1.501462] tsc: Refined TSC clocksource calibration: 2592.000 MHz
Apr 26 23:03:54 stmartin kernel: [    1.501987] clocksource: tsc: mask: 0xffffffffffffffff max_cycles: 0x255cb6cc5db, max_idle_ns: 440795203504 ns
Apr 26 23:03:54 stmartin kernel: [    1.503391] clocksource: Switched to clocksource tsc
Apr 26 23:03:54 stmartin kernel: [    1.682521] EXT4-fs (sda2): orphan cleanup on readonly fs
Apr 26 23:03:54 stmartin kernel: [    1.683255] EXT4-fs (sda2): 1 orphan inode deleted
Apr 26 23:03:54 stmartin kernel: [    1.684010] EXT4-fs (sda2): recovery complete
Apr 26 23:03:54 stmartin kernel: [    1.701034] EXT4-fs (sda2): mounted filesystem with ordered data mode. Opts: (null)
Apr 26 23:03:54 stmartin kernel: [    1.701592] VFS: Mounted root (ext4 filesystem) readonly on device 8:2.
Apr 26 23:03:54 stmartin kernel: [    1.702713] devtmpfs: mounted
Apr 26 23:03:54 stmartin kernel: [    1.703931] Freeing unused kernel image memory: 1256K
Apr 26 23:03:54 stmartin kernel: [    1.715712] Write protecting the kernel read-only data: 20480k
Apr 26 23:03:54 stmartin kernel: [    1.717265] Freeing unused kernel image memory: 2008K
Apr 26 23:03:54 stmartin kernel: [    1.718196] Freeing unused kernel image memory: 952K
Apr 26 23:03:54 stmartin kernel: [    1.718731] Run /sbin/init as init process
Apr 26 23:03:54 stmartin kernel: [    1.725030] usb 2-1: New USB device found, idVendor=80ee, idProduct=0021, bcdDevice= 1.00
Apr 26 23:03:54 stmartin kernel: [    1.726049] usb 2-1: New USB device strings: Mfr=1, Product=3, SerialNumber=0
Apr 26 23:03:54 stmartin kernel: [    1.726646] usb 2-1: Product: USB Tablet
Apr 26 23:03:54 stmartin kernel: [    1.727394] usb 2-1: Manufacturer: VirtualBox
Apr 26 23:03:54 stmartin kernel: [    1.742861] input: VirtualBox USB Tablet as /devices/pci0000:00/0000:00:06.0/usb2/2-1/2-1:1.0/0003:80EE:0021.0001/input/input6
Apr 26 23:03:54 stmartin kernel: [    1.744725] hid-generic 0003:80EE:0021.0001: input,hidraw0: USB HID v1.10 Mouse [VirtualBox USB Tablet] on usb-0000:00:06.0-1/input0
Apr 26 23:03:54 stmartin kernel: [    1.842353] stty (123) used greatest stack depth: 13432 bytes left
Apr 26 23:03:54 stmartin kernel: [    1.975799] ip (175) used greatest stack depth: 12184 bytes left
Apr 26 23:03:54 stmartin kernel: <30>[    2.015075] udevd[200]: starting version 3.2.7
Apr 26 23:03:54 stmartin kernel: [    2.023414] random: udevd: uninitialized urandom read (16 bytes read)
Apr 26 23:03:54 stmartin kernel: [    2.024412] random: udevd: uninitialized urandom read (16 bytes read)
Apr 26 23:03:54 stmartin kernel: [    2.026504] random: udevd: uninitialized urandom read (16 bytes read)
Apr 26 23:03:54 stmartin kernel: <30>[    2.041641] udevd[201]: starting eudev-3.2.7
Apr 26 23:03:54 stmartin kernel: [    2.112951] e1000 0000:00:03.0 enp0s3: renamed from eth0
Apr 26 23:03:54 stmartin kernel: [    2.155549] random: crng init done
Apr 26 23:03:54 stmartin kernel: [    2.156096] random: 4 urandom warning(s) missed due to ratelimiting
Apr 26 23:03:54 stmartin kernel: [    4.290413] Adding 2120700k swap on /dev/sda3.  Priority:1 extents:1 across:2120700k 
Apr 26 23:03:54 stmartin kernel: [    4.310530] EXT4-fs (sda2): re-mounted. Opts: (null)
Apr 26 23:03:54 stmartin kernel: [    4.357985] EXT4-fs (sda2): re-mounted. Opts: (null)
Apr 26 23:03:54 stmartin kernel: [    4.374690] EXT4-fs (sda1): mounting ext2 file system using the ext4 subsystem
Apr 26 23:03:54 stmartin kernel: [    4.391725] EXT4-fs (sda1): mounted filesystem without journal. Opts: (null)
Apr 26 23:03:54 stmartin kernel: [    5.366413] IPv6: ADDRCONF(NETDEV_UP): enp0s3: link is not ready
Apr 26 23:03:54 stmartin kernel: [    5.367195] ip (432) used greatest stack depth: 12040 bytes left
Apr 26 23:03:54 stmartin kernel: [    5.369166] e1000: enp0s3 NIC Link is Up 1000 Mbps Full Duplex, Flow Control: RX
Apr 26 23:03:54 stmartin kernel: [    5.370281] IPv6: ADDRCONF(NETDEV_CHANGE): enp0s3: link becomes ready
Apr 26 23:23:27 stmartin kernel: [ 1178.375682] hrtimer: interrupt took 5550734 ns
Apr 27 03:41:21 stmartin syslogd 1.5.1: restart.
Apr 27 03:41:21 stmartin kernel: klogd 1.5.1, log source = /proc/kmsg started.
Apr 27 03:41:21 stmartin kernel: Inspecting /boot/System.map-4.20.12
Apr 27 03:41:21 stmartin kernel: Cannot find map file.
Apr 27 03:41:21 stmartin kernel: Loaded 48979 symbols from 1 module.
Apr 27 03:41:21 stmartin kernel: [    0.000000] Linux version 4.20.12 (root@debian) (gcc version 8.2.0 (GCC)) #1 SMP Thu Apr 25 13:53:16 CEST 2019
Apr 27 03:41:21 stmartin kernel: [    0.000000] Command line: BOOT_IMAGE=/boot/vmlinuz-4.20.12-stmartin root=/dev/sda2 ro
Apr 27 03:41:21 stmartin kernel: [    0.000000] x86/fpu: Supporting XSAVE feature 0x001: 'x87 floating point registers'
Apr 27 03:41:21 stmartin kernel: [    0.000000] x86/fpu: Supporting XSAVE feature 0x002: 'SSE registers'
Apr 27 03:41:21 stmartin kernel: [    0.000000] x86/fpu: Supporting XSAVE feature 0x004: 'AVX registers'
Apr 27 03:41:21 stmartin kernel: [    0.000000] x86/fpu: xstate_offset[2]:  576, xstate_sizes[2]:  256
Apr 27 03:41:21 stmartin kernel: [    0.000000] x86/fpu: Enabled xstate features 0x7, context size is 832 bytes, using 'standard' format.
Apr 27 03:41:21 stmartin kernel: [    0.000000] BIOS-provided physical RAM map:
Apr 27 03:41:21 stmartin kernel: [    0.000000] BIOS-e820: [mem 0x0000000000000000-0x000000000009fbff] usable
Apr 27 03:41:21 stmartin kernel: [    0.000000] BIOS-e820: [mem 0x000000000009fc00-0x000000000009ffff] reserved
Apr 27 03:41:21 stmartin kernel: [    0.000000] BIOS-e820: [mem 0x00000000000f0000-0x00000000000fffff] reserved
Apr 27 03:41:21 stmartin kernel: [    0.000000] BIOS-e820: [mem 0x0000000000100000-0x00000000dffeffff] usable
Apr 27 03:41:21 stmartin kernel: [    0.000000] BIOS-e820: [mem 0x00000000dfff0000-0x00000000dfffffff] ACPI data
Apr 27 03:41:21 stmartin kernel: [    0.000000] BIOS-e820: [mem 0x00000000fec00000-0x00000000fec00fff] reserved
Apr 27 03:41:21 stmartin kernel: [    0.000000] BIOS-e820: [mem 0x00000000fee00000-0x00000000fee00fff] reserved
Apr 27 03:41:21 stmartin kernel: [    0.000000] BIOS-e820: [mem 0x00000000fffc0000-0x00000000ffffffff] reserved
Apr 27 03:41:21 stmartin kernel: [    0.000000] BIOS-e820: [mem 0x0000000100000000-0x000000011fffffff] usable
Apr 27 03:41:21 stmartin kernel: [    0.000000] NX (Execute Disable) protection: active
Apr 27 03:41:21 stmartin kernel: [    0.000000] SMBIOS 2.5 present.
Apr 27 03:41:21 stmartin kernel: [    0.000000] DMI: innotek GmbH VirtualBox/VirtualBox, BIOS VirtualBox 12/01/2006
Apr 27 03:41:21 stmartin kernel: [    0.000000] tsc: Fast TSC calibration using PIT
Apr 27 03:41:21 stmartin kernel: [    0.000000] tsc: Detected 2592.090 MHz processor
Apr 27 03:41:21 stmartin kernel: [    0.002238] e820: update [mem 0x00000000-0x00000fff] usable ==> reserved
Apr 27 03:41:21 stmartin kernel: [    0.002241] e820: remove [mem 0x000a0000-0x000fffff] usable
Apr 27 03:41:21 stmartin kernel: [    0.002245] last_pfn = 0x120000 max_arch_pfn = 0x400000000
Apr 27 03:41:21 stmartin kernel: [    0.002253] MTRR default type: uncachable
Apr 27 03:41:21 stmartin kernel: [    0.002254] MTRR variable ranges disabled:
Apr 27 03:41:21 stmartin kernel: [    0.002256] Disabled
Apr 27 03:41:21 stmartin kernel: [    0.002257] x86/PAT: MTRRs disabled, skipping PAT initialization too.
Apr 27 03:41:21 stmartin kernel: [    0.002260] CPU MTRRs all blank - virtualized system.
Apr 27 03:41:21 stmartin kernel: [    0.002263] x86/PAT: Configuration [0-7]: WB  WT  UC- UC  WB  WT  UC- UC  
Apr 27 03:41:21 stmartin kernel: [    0.002267] last_pfn = 0xdfff0 max_arch_pfn = 0x400000000
Apr 27 03:41:21 stmartin kernel: [    0.002326] found SMP MP-table at [mem 0x0009fff0-0x0009ffff] mapped at [(____ptrval____)]
Apr 27 03:41:21 stmartin kernel: [    0.002337] check: Scanning 1 areas for low memory corruption
Apr 27 03:41:21 stmartin kernel: [    0.002340] Base memory trampoline at [(____ptrval____)] 99000 size 24576
Apr 27 03:41:21 stmartin kernel: [    0.002369] BRK [0x60801000, 0x60801fff] PGTABLE
Apr 27 03:41:21 stmartin kernel: [    0.002371] BRK [0x60802000, 0x60802fff] PGTABLE
Apr 27 03:41:21 stmartin kernel: [    0.002373] BRK [0x60803000, 0x60803fff] PGTABLE
Apr 27 03:41:21 stmartin kernel: [    0.002385] BRK [0x60804000, 0x60804fff] PGTABLE
Apr 27 03:41:21 stmartin kernel: [    0.002387] BRK [0x60805000, 0x60805fff] PGTABLE
Apr 27 03:41:21 stmartin kernel: [    0.004096] ACPI: Early table checksum verification disabled
Apr 27 03:41:21 stmartin kernel: [    0.004116] ACPI: RSDP 0x00000000000E0000 000024 (v02 VBOX  )
Apr 27 03:41:21 stmartin kernel: [    0.004140] ACPI: XSDT 0x00000000DFFF0030 00003C (v01 VBOX   VBOXXSDT 00000001 ASL  00000061)
Apr 27 03:41:21 stmartin kernel: [    0.004146] ACPI: FACP 0x00000000DFFF00F0 0000F4 (v04 VBOX   VBOXFACP 00000001 ASL  00000061)
Apr 27 03:41:21 stmartin kernel: [    0.004169] ACPI: DSDT 0x00000000DFFF0480 0021FF (v02 VBOX   VBOXBIOS 00000002 INTL 20100528)
Apr 27 03:41:21 stmartin kernel: [    0.004173] ACPI: FACS 0x00000000DFFF0200 000040
Apr 27 03:41:21 stmartin kernel: [    0.004176] ACPI: FACS 0x00000000DFFF0200 000040
Apr 27 03:41:21 stmartin kernel: [    0.004180] ACPI: APIC 0x00000000DFFF0240 00006C (v02 VBOX   VBOXAPIC 00000001 ASL  00000061)
Apr 27 03:41:21 stmartin kernel: [    0.004204] ACPI: SSDT 0x00000000DFFF02B0 0001CC (v01 VBOX   VBOXCPUT 00000002 INTL 20100528)
Apr 27 03:41:21 stmartin kernel: [    0.004216] ACPI: Local APIC address 0xfee00000
Apr 27 03:41:21 stmartin kernel: [    0.004519] No NUMA configuration found
Apr 27 03:41:21 stmartin kernel: [    0.004521] Faking a node at [mem 0x0000000000000000-0x000000011fffffff]
Apr 27 03:41:21 stmartin kernel: [    0.004525] NODE_DATA(0) allocated [mem 0x11fff8000-0x11fffbfff]
Apr 27 03:41:21 stmartin kernel: [    0.006022] Zone ranges:
Apr 27 03:41:21 stmartin kernel: [    0.006025]   DMA      [mem 0x0000000000001000-0x0000000000ffffff]
Apr 27 03:41:21 stmartin kernel: [    0.006027]   DMA32    [mem 0x0000000001000000-0x00000000ffffffff]
Apr 27 03:41:21 stmartin kernel: [    0.006029]   Normal   [mem 0x0000000100000000-0x000000011fffffff]
Apr 27 03:41:21 stmartin kernel: [    0.006031] Movable zone start for each node
Apr 27 03:41:21 stmartin kernel: [    0.006032] Early memory node ranges
Apr 27 03:41:21 stmartin kernel: [    0.006034]   node   0: [mem 0x0000000000001000-0x000000000009efff]
Apr 27 03:41:21 stmartin kernel: [    0.006036]   node   0: [mem 0x0000000000100000-0x00000000dffeffff]
Apr 27 03:41:21 stmartin kernel: [    0.006038]   node   0: [mem 0x0000000100000000-0x000000011fffffff]
Apr 27 03:41:21 stmartin kernel: [    0.008939] Zeroed struct page in unavailable ranges: 114 pages
Apr 27 03:41:21 stmartin kernel: [    0.008941] Initmem setup node 0 [mem 0x0000000000001000-0x000000011fffffff]
Apr 27 03:41:21 stmartin kernel: [    0.008944] On node 0 totalpages: 1048462
Apr 27 03:41:21 stmartin kernel: [    0.008946]   DMA zone: 64 pages used for memmap
Apr 27 03:41:21 stmartin kernel: [    0.008947]   DMA zone: 21 pages reserved
Apr 27 03:41:21 stmartin kernel: [    0.008949]   DMA zone: 3998 pages, LIFO batch:0
Apr 27 03:41:21 stmartin kernel: [    0.009019]   DMA32 zone: 14272 pages used for memmap
Apr 27 03:41:21 stmartin kernel: [    0.009020]   DMA32 zone: 913392 pages, LIFO batch:63
Apr 27 03:41:21 stmartin kernel: [    0.061449]   Normal zone: 2048 pages used for memmap
Apr 27 03:41:21 stmartin kernel: [    0.061451]   Normal zone: 131072 pages, LIFO batch:31
Apr 27 03:41:21 stmartin kernel: [    0.070165] ACPI: PM-Timer IO Port: 0x4008
Apr 27 03:41:21 stmartin kernel: [    0.070203] ACPI: Local APIC address 0xfee00000
Apr 27 03:41:21 stmartin kernel: [    0.070291] IOAPIC[0]: apic_id 4, version 32, address 0xfec00000, GSI 0-23
Apr 27 03:41:21 stmartin kernel: [    0.070296] ACPI: INT_SRC_OVR (bus 0 bus_irq 0 global_irq 2 dfl dfl)
Apr 27 03:41:21 stmartin kernel: [    0.070298] ACPI: INT_SRC_OVR (bus 0 bus_irq 9 global_irq 9 low level)
Apr 27 03:41:21 stmartin kernel: [    0.070301] ACPI: IRQ0 used by override.
Apr 27 03:41:21 stmartin kernel: [    0.070302] ACPI: IRQ9 used by override.
Apr 27 03:41:21 stmartin kernel: [    0.070305] Using ACPI (MADT) for SMP configuration information
Apr 27 03:41:21 stmartin kernel: [    0.070312] smpboot: Allowing 4 CPUs, 0 hotplug CPUs
Apr 27 03:41:21 stmartin kernel: [    0.070324] PM: Registered nosave memory: [mem 0x00000000-0x00000fff]
Apr 27 03:41:21 stmartin kernel: [    0.070326] PM: Registered nosave memory: [mem 0x0009f000-0x0009ffff]
Apr 27 03:41:21 stmartin kernel: [    0.070350] PM: Registered nosave memory: [mem 0x000a0000-0x000effff]
Apr 27 03:41:21 stmartin kernel: [    0.070351] PM: Registered nosave memory: [mem 0x000f0000-0x000fffff]
Apr 27 03:41:21 stmartin kernel: [    0.070353] PM: Registered nosave memory: [mem 0xdfff0000-0xdfffffff]
Apr 27 03:41:21 stmartin kernel: [    0.070355] PM: Registered nosave memory: [mem 0xe0000000-0xfebfffff]
Apr 27 03:41:21 stmartin kernel: [    0.070357] PM: Registered nosave memory: [mem 0xfec00000-0xfec00fff]
Apr 27 03:41:21 stmartin kernel: [    0.070358] PM: Registered nosave memory: [mem 0xfec01000-0xfedfffff]
Apr 27 03:41:21 stmartin kernel: [    0.070360] PM: Registered nosave memory: [mem 0xfee00000-0xfee00fff]
Apr 27 03:41:21 stmartin kernel: [    0.070361] PM: Registered nosave memory: [mem 0xfee01000-0xfffbffff]
Apr 27 03:41:21 stmartin kernel: [    0.070363] PM: Registered nosave memory: [mem 0xfffc0000-0xffffffff]
Apr 27 03:41:21 stmartin kernel: [    0.070366] [mem 0xe0000000-0xfebfffff] available for PCI devices
Apr 27 03:41:21 stmartin kernel: [    0.070370] clocksource: refined-jiffies: mask: 0xffffffff max_cycles: 0xffffffff, max_idle_ns: 1910969940391419 ns
Apr 27 03:41:21 stmartin kernel: [    0.070381] random: get_random_bytes called from start_kernel+0x90/0x48d with crng_init=0
Apr 27 03:41:21 stmartin kernel: [    0.070387] setup_percpu: NR_CPUS:64 nr_cpumask_bits:64 nr_cpu_ids:4 nr_node_ids:1
Apr 27 03:41:21 stmartin kernel: [    0.071990] percpu: Embedded 43 pages/cpu @(____ptrval____) s137944 r8192 d29992 u524288
Apr 27 03:41:21 stmartin kernel: [    0.071997] pcpu-alloc: s137944 r8192 d29992 u524288 alloc=1*2097152
Apr 27 03:41:21 stmartin kernel: [    0.071998] pcpu-alloc: [0] 0 1 2 3 
Apr 27 03:41:21 stmartin kernel: [    0.072012] Built 1 zonelists, mobility grouping on.  Total pages: 1032057
Apr 27 03:41:21 stmartin kernel: [    0.072014] Policy zone: Normal
Apr 27 03:41:21 stmartin kernel: [    0.072016] Kernel command line: BOOT_IMAGE=/boot/vmlinuz-4.20.12-stmartin root=/dev/sda2 ro
Apr 27 03:41:21 stmartin kernel: [    0.116246] Calgary: detecting Calgary via BIOS EBDA area
Apr 27 03:41:21 stmartin kernel: [    0.116251] Calgary: Unable to locate Rio Grande table in EBDA - bailing!
Apr 27 03:41:21 stmartin kernel: [    0.123345] Memory: 4036856K/4193848K available (14341K kernel code, 1269K rwdata, 3144K rodata, 1256K init, 1428K bss, 156992K reserved, 0K cma-reserved)
Apr 27 03:41:21 stmartin kernel: [    0.124924] SLUB: HWalign=64, Order=0-3, MinObjects=0, CPUs=4, Nodes=1
Apr 27 03:41:21 stmartin kernel: [    0.124929] Kernel/User page tables isolation: enabled
Apr 27 03:41:21 stmartin kernel: [    0.126424] rcu: Hierarchical RCU implementation.
Apr 27 03:41:21 stmartin kernel: [    0.126426] rcu: ^IRCU event tracing is enabled.
Apr 27 03:41:21 stmartin kernel: [    0.126428] rcu: ^IRCU restricting CPUs from NR_CPUS=64 to nr_cpu_ids=4.
Apr 27 03:41:21 stmartin kernel: [    0.126431] rcu: RCU calculated value of scheduler-enlistment delay is 100 jiffies.
Apr 27 03:41:21 stmartin kernel: [    0.126432] rcu: Adjusting geometry for rcu_fanout_leaf=16, nr_cpu_ids=4
Apr 27 03:41:21 stmartin kernel: [    0.126564] NR_IRQS: 4352, nr_irqs: 456, preallocated irqs: 16
Apr 27 03:41:21 stmartin kernel: [    0.134675] Console: colour VGA+ 80x25
Apr 27 03:41:21 stmartin kernel: [    0.178391] printk: console [tty0] enabled
Apr 27 03:41:21 stmartin kernel: [    0.178832] ACPI: Core revision 20181003
Apr 27 03:41:21 stmartin kernel: [    0.179422] APIC: Switch to symmetric I/O mode setup
Apr 27 03:41:21 stmartin kernel: [    0.180350] ..TIMER: vector=0x30 apic1=0 pin1=2 apic2=-1 pin2=-1
Apr 27 03:41:21 stmartin kernel: [    0.185371] clocksource: tsc-early: mask: 0xffffffffffffffff max_cycles: 0x255d0ba94cd, max_idle_ns: 440795253139 ns
Apr 27 03:41:21 stmartin kernel: [    0.186051] Calibrating delay loop (skipped), value calculated using timer frequency.. 5184.18 BogoMIPS (lpj=2592090)
Apr 27 03:41:21 stmartin kernel: [    0.187042] pid_max: default: 32768 minimum: 301
Apr 27 03:41:21 stmartin kernel: [    0.188053] LSM: Security Framework initializing
Apr 27 03:41:21 stmartin kernel: [    0.188498] SELinux:  Initializing.
Apr 27 03:41:21 stmartin kernel: [    0.192428] Dentry cache hash table entries: 524288 (order: 10, 4194304 bytes)
Apr 27 03:41:21 stmartin kernel: [    0.193910] Inode-cache hash table entries: 262144 (order: 9, 2097152 bytes)
Apr 27 03:41:21 stmartin kernel: [    0.195171] Mount-cache hash table entries: 8192 (order: 4, 65536 bytes)
Apr 27 03:41:21 stmartin kernel: [    0.196047] Mountpoint-cache hash table entries: 8192 (order: 4, 65536 bytes)
Apr 27 03:41:21 stmartin kernel: [    0.196717] mce: CPU supports 0 MCE banks
Apr 27 03:41:21 stmartin kernel: [    0.197053] Last level iTLB entries: 4KB 64, 2MB 8, 4MB 8
Apr 27 03:41:21 stmartin kernel: [    0.197515] Last level dTLB entries: 4KB 64, 2MB 0, 4MB 0, 1GB 4
Apr 27 03:41:21 stmartin kernel: [    0.198042] Spectre V2 : Mitigation: Full generic retpoline
Apr 27 03:41:21 stmartin kernel: [    0.198505] Spectre V2 : Spectre v2 / SpectreRSB mitigation: Filling RSB on context switch
Apr 27 03:41:21 stmartin kernel: [    0.199041] Speculative Store Bypass: Vulnerable
Apr 27 03:41:21 stmartin kernel: [    0.199642] Freeing SMP alternatives memory: 40K
Apr 27 03:41:21 stmartin kernel: [    0.201036] smpboot: CPU0: Intel(R) Core(TM) i7-6700HQ CPU @ 2.60GHz (family: 0x6, model: 0x5e, stepping: 0x3)
Apr 27 03:41:21 stmartin kernel: [    0.201168] Performance Events: unsupported p6 CPU model 94 no PMU driver, software events only.
Apr 27 03:41:21 stmartin kernel: [    0.201893] rcu: Hierarchical SRCU implementation.
Apr 27 03:41:21 stmartin kernel: [    0.202184] smp: Bringing up secondary CPUs ...
Apr 27 03:41:21 stmartin kernel: [    0.202711] x86: Booting SMP configuration:
Apr 27 03:41:21 stmartin kernel: [    0.203041] .... node  #0, CPUs:      #1
Apr 27 03:41:21 stmartin kernel: [    0.054329] mce: CPU supports 0 MCE banks
Apr 27 03:41:21 stmartin kernel: [    0.205109]  #2
Apr 27 03:41:21 stmartin kernel: [    0.054329] mce: CPU supports 0 MCE banks
Apr 27 03:41:21 stmartin kernel: [    0.206170]  #3
Apr 27 03:41:21 stmartin kernel: [    0.054329] mce: CPU supports 0 MCE banks
Apr 27 03:41:21 stmartin kernel: [    0.208055] smp: Brought up 1 node, 4 CPUs
Apr 27 03:41:21 stmartin kernel: [    0.211467] smpboot: Max logical packages: 1
Apr 27 03:41:21 stmartin kernel: [    0.212041] smpboot: Total of 4 processors activated (20736.72 BogoMIPS)
Apr 27 03:41:21 stmartin kernel: [    0.215253] devtmpfs: initialized
Apr 27 03:41:21 stmartin kernel: [    0.216164] clocksource: jiffies: mask: 0xffffffff max_cycles: 0xffffffff, max_idle_ns: 1911260446275000 ns
Apr 27 03:41:21 stmartin kernel: [    0.217050] futex hash table entries: 1024 (order: 4, 65536 bytes)
Apr 27 03:41:21 stmartin kernel: [    0.217834] RTC time:  1:41:17, date: 04/27/19
Apr 27 03:41:21 stmartin kernel: [    0.218244] NET: Registered protocol family 16
Apr 27 03:41:21 stmartin kernel: [    0.219103] audit: initializing netlink subsys (disabled)
Apr 27 03:41:21 stmartin kernel: [    0.219646] audit: type=2000 audit(1556329277.039:1): state=initialized audit_enabled=0 res=1
Apr 27 03:41:21 stmartin kernel: [    0.220083] cpuidle: using governor menu
Apr 27 03:41:21 stmartin kernel: [    0.221070] ACPI: bus type PCI registered
Apr 27 03:41:21 stmartin kernel: [    0.221603] PCI: Using configuration type 1 for base access
Apr 27 03:41:21 stmartin kernel: [    0.225049] HugeTLB registered 2.00 MiB page size, pre-allocated 0 pages
Apr 27 03:41:21 stmartin kernel: [    0.226328] ACPI: Added _OSI(Module Device)
Apr 27 03:41:21 stmartin kernel: [    0.226809] ACPI: Added _OSI(Processor Device)
Apr 27 03:41:21 stmartin kernel: [    0.227036] ACPI: Added _OSI(3.0 _SCP Extensions)
Apr 27 03:41:21 stmartin kernel: [    0.227517] ACPI: Added _OSI(Processor Aggregator Device)
Apr 27 03:41:21 stmartin kernel: [    0.228065] ACPI: Added _OSI(Linux-Dell-Video)
Apr 27 03:41:21 stmartin kernel: [    0.229045] ACPI: Added _OSI(Linux-Lenovo-NV-HDMI-Audio)
Apr 27 03:41:21 stmartin kernel: [    0.231016] ACPI: 2 ACPI AML tables successfully acquired and loaded
Apr 27 03:41:21 stmartin kernel: [    0.233430] ACPI: Interpreter enabled
Apr 27 03:41:21 stmartin kernel: [    0.233699] ACPI: (supports S0 S5)
Apr 27 03:41:21 stmartin kernel: [    0.234042] ACPI: Using IOAPIC for interrupt routing
Apr 27 03:41:21 stmartin kernel: [    0.235170] PCI: Using host bridge windows from ACPI; if necessary, use "pci=nocrs" and report a bug
Apr 27 03:41:21 stmartin kernel: [    0.236155] ACPI: Enabled 2 GPEs in block 00 to 07
Apr 27 03:41:21 stmartin kernel: [    0.241439] ACPI: PCI Root Bridge [PCI0] (domain 0000 [bus 00-ff])
Apr 27 03:41:21 stmartin kernel: [    0.242044] acpi PNP0A03:00: _OSC: OS supports [ASPM ClockPM Segments MSI]
Apr 27 03:41:21 stmartin kernel: [    0.242627] acpi PNP0A03:00: _OSC: not requesting OS control; OS requires [ExtendedConfig ASPM ClockPM MSI]
Apr 27 03:41:21 stmartin kernel: [    0.243046] acpi PNP0A03:00: fail to add MMCONFIG information, can't access extended PCI configuration space under this bridge.
Apr 27 03:41:21 stmartin kernel: [    0.244229] PCI host bridge to bus 0000:00
Apr 27 03:41:21 stmartin kernel: [    0.244719] pci_bus 0000:00: root bus resource [io  0x0000-0x0cf7 window]
Apr 27 03:41:21 stmartin kernel: [    0.245042] pci_bus 0000:00: root bus resource [io  0x0d00-0xffff window]
Apr 27 03:41:21 stmartin kernel: [    0.246041] pci_bus 0000:00: root bus resource [mem 0x000a0000-0x000bffff window]
Apr 27 03:41:21 stmartin kernel: [    0.246622] pci_bus 0000:00: root bus resource [mem 0xe0000000-0xfdffffff window]
Apr 27 03:41:21 stmartin kernel: [    0.247041] pci_bus 0000:00: root bus resource [bus 00-ff]
Apr 27 03:41:21 stmartin kernel: [    0.247719] pci 0000:00:00.0: [8086:1237] type 00 class 0x060000
Apr 27 03:41:21 stmartin kernel: [    0.249213] pci 0000:00:01.0: [8086:7000] type 00 class 0x060100
Apr 27 03:41:21 stmartin kernel: [    0.250745] pci 0000:00:02.0: [80ee:beef] type 00 class 0x030000
Apr 27 03:41:21 stmartin kernel: [    0.256083] pci 0000:00:02.0: reg 0x10: [mem 0xe0000000-0xe7ffffff pref]
Apr 27 03:41:21 stmartin kernel: [    0.280725] pci 0000:00:03.0: [8086:100e] type 00 class 0x020000
Apr 27 03:41:21 stmartin kernel: [    0.283063] pci 0000:00:03.0: reg 0x10: [mem 0xf0000000-0xf001ffff]
Apr 27 03:41:21 stmartin kernel: [    0.287295] pci 0000:00:03.0: reg 0x18: [io  0xd000-0xd007]
Apr 27 03:41:21 stmartin kernel: [    0.296767] pci 0000:00:04.0: [80ee:cafe] type 00 class 0x088000
Apr 27 03:41:21 stmartin kernel: [    0.298196] pci 0000:00:04.0: reg 0x10: [io  0xd020-0xd03f]
Apr 27 03:41:21 stmartin kernel: [    0.300219] pci 0000:00:04.0: reg 0x14: [mem 0xf0400000-0xf07fffff]
Apr 27 03:41:21 stmartin kernel: [    0.302204] pci 0000:00:04.0: reg 0x18: [mem 0xf0800000-0xf0803fff pref]
Apr 27 03:41:21 stmartin kernel: [    0.311273] pci 0000:00:05.0: [8086:2415] type 00 class 0x040100
Apr 27 03:41:21 stmartin kernel: [    0.311556] pci 0000:00:05.0: reg 0x10: [io  0xd100-0xd1ff]
Apr 27 03:41:21 stmartin kernel: [    0.311723] pci 0000:00:05.0: reg 0x14: [io  0xd200-0xd23f]
Apr 27 03:41:21 stmartin kernel: [    0.313167] pci 0000:00:06.0: [106b:003f] type 00 class 0x0c0310
Apr 27 03:41:21 stmartin kernel: [    0.315148] pci 0000:00:06.0: reg 0x10: [mem 0xf0804000-0xf0804fff]
Apr 27 03:41:21 stmartin kernel: [    0.326783] pci 0000:00:07.0: [8086:7113] type 00 class 0x068000
Apr 27 03:41:21 stmartin kernel: [    0.328922] pci 0000:00:07.0: quirk: [io  0x4000-0x403f] claimed by PIIX4 ACPI
Apr 27 03:41:21 stmartin kernel: [    0.329060] pci 0000:00:07.0: quirk: [io  0x4100-0x410f] claimed by PIIX4 SMB
Apr 27 03:41:21 stmartin kernel: [    0.331292] pci 0000:00:0b.0: [8086:265c] type 00 class 0x0c0320
Apr 27 03:41:21 stmartin kernel: [    0.333698] pci 0000:00:0b.0: reg 0x10: [mem 0xf0805000-0xf0805fff]
Apr 27 03:41:21 stmartin kernel: [    0.346241] pci 0000:00:0d.0: [8086:2829] type 00 class 0x010601
Apr 27 03:41:21 stmartin kernel: [    0.348704] pci 0000:00:0d.0: reg 0x10: [io  0xd240-0xd247]
Apr 27 03:41:21 stmartin kernel: [    0.350542] pci 0000:00:0d.0: reg 0x14: [io  0xd248-0xd24b]
Apr 27 03:41:21 stmartin kernel: [    0.352512] pci 0000:00:0d.0: reg 0x18: [io  0xd250-0xd257]
Apr 27 03:41:21 stmartin kernel: [    0.354415] pci 0000:00:0d.0: reg 0x1c: [io  0xd258-0xd25b]
Apr 27 03:41:21 stmartin kernel: [    0.356261] pci 0000:00:0d.0: reg 0x20: [io  0xd260-0xd26f]
Apr 27 03:41:21 stmartin kernel: [    0.358442] pci 0000:00:0d.0: reg 0x24: [mem 0xf0806000-0xf0807fff]
Apr 27 03:41:21 stmartin kernel: [    0.363151] ACPI: PCI Interrupt Link [LNKA] (IRQs 5 9 10 *11)
Apr 27 03:41:21 stmartin kernel: [    0.363856] ACPI: PCI Interrupt Link [LNKB] (IRQs 5 9 *10 11)
Apr 27 03:41:21 stmartin kernel: [    0.364750] ACPI: PCI Interrupt Link [LNKC] (IRQs 5 *9 10 11)
Apr 27 03:41:21 stmartin kernel: [    0.365119] ACPI: PCI Interrupt Link [LNKD] (IRQs 5 9 10 *11)
Apr 27 03:41:21 stmartin kernel: [    0.366304] pci 0000:00:02.0: vgaarb: setting as boot VGA device
Apr 27 03:41:21 stmartin kernel: [    0.366686] pci 0000:00:02.0: vgaarb: VGA device added: decodes=io+mem,owns=io+mem,locks=none
Apr 27 03:41:21 stmartin kernel: [    0.368045] pci 0000:00:02.0: vgaarb: bridge control possible
Apr 27 03:41:21 stmartin kernel: [    0.368045] vgaarb: loaded
Apr 27 03:41:21 stmartin kernel: [    0.368459] SCSI subsystem initialized
Apr 27 03:41:21 stmartin kernel: [    0.369083] libata version 3.00 loaded.
Apr 27 03:41:21 stmartin kernel: [    0.369090] ACPI: bus type USB registered
Apr 27 03:41:21 stmartin kernel: [    0.369576] usbcore: registered new interface driver usbfs
Apr 27 03:41:21 stmartin kernel: [    0.370052] usbcore: registered new interface driver hub
Apr 27 03:41:21 stmartin kernel: [    0.371081] usbcore: registered new device driver usb
Apr 27 03:41:21 stmartin kernel: [    0.371625] pps_core: LinuxPPS API ver. 1 registered
Apr 27 03:41:21 stmartin kernel: [    0.372041] pps_core: Software ver. 5.3.6 - Copyright 2005-2007 Rodolfo Giometti <giometti@linux.it>
Apr 27 03:41:21 stmartin kernel: [    0.372584] PTP clock support registered
Apr 27 03:41:21 stmartin kernel: [    0.373092] EDAC MC: Ver: 3.0.0
Apr 27 03:41:21 stmartin kernel: [    0.374390] Advanced Linux Sound Architecture Driver Initialized.
Apr 27 03:41:21 stmartin kernel: [    0.375053] PCI: Using ACPI for IRQ routing
Apr 27 03:41:21 stmartin kernel: [    0.375433] PCI: pci_cache_line_size set to 64 bytes
Apr 27 03:41:21 stmartin kernel: [    0.375797] e820: reserve RAM buffer [mem 0x0009fc00-0x0009ffff]
Apr 27 03:41:21 stmartin kernel: [    0.375798] e820: reserve RAM buffer [mem 0xdfff0000-0xdfffffff]
Apr 27 03:41:21 stmartin kernel: [    0.376130] NetLabel: Initializing
Apr 27 03:41:21 stmartin kernel: [    0.376529] NetLabel:  domain hash size = 128
Apr 27 03:41:21 stmartin kernel: [    0.377041] NetLabel:  protocols = UNLABELED CIPSOv4 CALIPSO
Apr 27 03:41:21 stmartin kernel: [    0.377447] NetLabel:  unlabeled traffic allowed by default
Apr 27 03:41:21 stmartin kernel: [    0.378202] clocksource: Switched to clocksource tsc-early
Apr 27 03:41:21 stmartin kernel: [    0.394963] VFS: Disk quotas dquot_6.6.0
Apr 27 03:41:21 stmartin kernel: [    0.395420] VFS: Dquot-cache hash table entries: 512 (order 0, 4096 bytes)
Apr 27 03:41:21 stmartin kernel: [    0.401827] pnp: PnP ACPI init
Apr 27 03:41:21 stmartin kernel: [    0.402311] pnp 00:00: Plug and Play ACPI device, IDs PNP0303 (active)
Apr 27 03:41:21 stmartin kernel: [    0.402386] pnp 00:01: Plug and Play ACPI device, IDs PNP0f03 (active)
Apr 27 03:41:21 stmartin kernel: [    0.403436] pnp: PnP ACPI: found 2 devices
Apr 27 03:41:21 stmartin kernel: [    0.417908] clocksource: acpi_pm: mask: 0xffffff max_cycles: 0xffffff, max_idle_ns: 2085701024 ns
Apr 27 03:41:21 stmartin kernel: [    0.418535] pci_bus 0000:00: resource 4 [io  0x0000-0x0cf7 window]
Apr 27 03:41:21 stmartin kernel: [    0.418538] pci_bus 0000:00: resource 5 [io  0x0d00-0xffff window]
Apr 27 03:41:21 stmartin kernel: [    0.418540] pci_bus 0000:00: resource 6 [mem 0x000a0000-0x000bffff window]
Apr 27 03:41:21 stmartin kernel: [    0.418542] pci_bus 0000:00: resource 7 [mem 0xe0000000-0xfdffffff window]
Apr 27 03:41:21 stmartin kernel: [    0.418553] NET: Registered protocol family 2
Apr 27 03:41:21 stmartin kernel: [    0.419292] tcp_listen_portaddr_hash hash table entries: 2048 (order: 3, 32768 bytes)
Apr 27 03:41:21 stmartin kernel: [    0.419970] TCP established hash table entries: 32768 (order: 6, 262144 bytes)
Apr 27 03:41:21 stmartin kernel: [    0.420753] TCP bind hash table entries: 32768 (order: 7, 524288 bytes)
Apr 27 03:41:21 stmartin kernel: [    0.421274] TCP: Hash tables configured (established 32768 bind 32768)
Apr 27 03:41:21 stmartin kernel: [    0.421861] UDP hash table entries: 2048 (order: 4, 65536 bytes)
Apr 27 03:41:21 stmartin kernel: [    0.422410] UDP-Lite hash table entries: 2048 (order: 4, 65536 bytes)
Apr 27 03:41:21 stmartin kernel: [    0.423016] NET: Registered protocol family 1
Apr 27 03:41:21 stmartin kernel: [    0.424051] RPC: Registered named UNIX socket transport module.
Apr 27 03:41:21 stmartin kernel: [    0.424447] RPC: Registered udp transport module.
Apr 27 03:41:21 stmartin kernel: [    0.425117] RPC: Registered tcp transport module.
Apr 27 03:41:21 stmartin kernel: [    0.425697] RPC: Registered tcp NFSv4.1 backchannel transport module.
Apr 27 03:41:21 stmartin kernel: [    0.426400] pci 0000:00:00.0: Limiting direct PCI/PCI transfers
Apr 27 03:41:21 stmartin kernel: [    0.427131] pci 0000:00:01.0: Activating ISA DMA hang workarounds
Apr 27 03:41:21 stmartin kernel: [    0.427825] pci 0000:00:02.0: Video device with shadowed ROM at [mem 0x000c0000-0x000dffff]
Apr 27 03:41:21 stmartin kernel: [    0.430460] PCI: CLS 0 bytes, default 64
Apr 27 03:41:21 stmartin kernel: [    0.430489] PCI-DMA: Using software bounce buffering for IO (SWIOTLB)
Apr 27 03:41:21 stmartin kernel: [    0.431114] software IO TLB: mapped [mem 0xdbff0000-0xdfff0000] (64MB)
Apr 27 03:41:21 stmartin kernel: [    0.432192] RAPL PMU: API unit is 2^-32 Joules, 5 fixed counters, 10737418240 ms ovfl timer
Apr 27 03:41:21 stmartin kernel: [    0.432835] RAPL PMU: hw unit of domain pp0-core 2^-0 Joules
Apr 27 03:41:21 stmartin kernel: [    0.433316] RAPL PMU: hw unit of domain package 2^-0 Joules
Apr 27 03:41:21 stmartin kernel: [    0.433793] RAPL PMU: hw unit of domain dram 2^-0 Joules
Apr 27 03:41:21 stmartin kernel: [    0.434189] RAPL PMU: hw unit of domain pp1-gpu 2^-0 Joules
Apr 27 03:41:21 stmartin kernel: [    0.434726] RAPL PMU: hw unit of domain psys 2^-0 Joules
Apr 27 03:41:21 stmartin kernel: [    0.435148] platform rtc_cmos: registered platform RTC device (no PNP device found)
Apr 27 03:41:21 stmartin kernel: [    0.438026] check: Scanning for low memory corruption every 60 seconds
Apr 27 03:41:21 stmartin kernel: [    0.439049] Initialise system trusted keyrings
Apr 27 03:41:21 stmartin kernel: [    0.439918] workingset: timestamp_bits=56 max_order=20 bucket_order=0
Apr 27 03:41:21 stmartin kernel: [    0.446386] NFS: Registering the id_resolver key type
Apr 27 03:41:21 stmartin kernel: [    0.446912] Key type id_resolver registered
Apr 27 03:41:21 stmartin kernel: [    0.447359] Key type id_legacy registered
Apr 27 03:41:21 stmartin kernel: [    0.451003] cryptomgr_test (47) used greatest stack depth: 15448 bytes left
Apr 27 03:41:21 stmartin kernel: [    0.451535] kworker/u8:0 (49) used greatest stack depth: 14104 bytes left
Apr 27 03:41:21 stmartin kernel: [    0.462519] Key type asymmetric registered
Apr 27 03:41:21 stmartin kernel: [    0.463127] Asymmetric key parser 'x509' registered
Apr 27 03:41:21 stmartin kernel: [    0.463621] Block layer SCSI generic (bsg) driver version 0.4 loaded (major 251)
Apr 27 03:41:21 stmartin kernel: [    0.464191] io scheduler noop registered
Apr 27 03:41:21 stmartin kernel: [    0.464762] io scheduler deadline registered
Apr 27 03:41:21 stmartin kernel: [    0.465313] io scheduler cfq registered (default)
Apr 27 03:41:21 stmartin kernel: [    0.465829] io scheduler mq-deadline registered
Apr 27 03:41:21 stmartin kernel: [    0.466272] io scheduler kyber registered
Apr 27 03:41:21 stmartin kernel: [    0.467531] ACPI: AC Adapter [AC] (off-line)
Apr 27 03:41:21 stmartin kernel: [    0.468217] input: Power Button as /devices/LNXSYSTM:00/LNXPWRBN:00/input/input0
Apr 27 03:41:21 stmartin kernel: [    0.468842] ACPI: Power Button [PWRF]
Apr 27 03:41:21 stmartin kernel: [    0.469405] input: Sleep Button as /devices/LNXSYSTM:00/LNXSLPBN:00/input/input1
Apr 27 03:41:21 stmartin kernel: [    0.470029] ACPI: Sleep Button [SLPF]
Apr 27 03:41:21 stmartin kernel: [    0.470552] ACPI: Video Device [GFX0] (multi-head: yes  rom: no  post: no)
Apr 27 03:41:21 stmartin kernel: [    0.471334] input: Video Bus as /devices/LNXSYSTM:00/LNXSYBUS:00/PNP0A03:00/LNXVIDEO:00/input/input2
Apr 27 03:41:21 stmartin kernel: [    0.472470] Serial: 8250/16550 driver, 4 ports, IRQ sharing enabled
Apr 27 03:41:21 stmartin kernel: [    0.473762] battery: ACPI: Battery Slot [BAT0] (battery present)
Apr 27 03:41:21 stmartin kernel: [    0.474169] Non-volatile memory driver v1.3
Apr 27 03:41:21 stmartin kernel: [    0.474923] Linux agpgart interface v0.103
Apr 27 03:41:21 stmartin kernel: [    0.485190] loop: module loaded
Apr 27 03:41:21 stmartin kernel: [    0.485774] ahci 0000:00:0d.0: version 3.0
Apr 27 03:41:21 stmartin kernel: [    0.486313] ahci 0000:00:0d.0: SSS flag set, parallel bus scan disabled
Apr 27 03:41:21 stmartin kernel: [    0.487112] ahci 0000:00:0d.0: AHCI 0001.0100 32 slots 2 ports 3 Gbps 0x3 impl SATA mode
Apr 27 03:41:21 stmartin kernel: [    0.487799] ahci 0000:00:0d.0: flags: 64bit ncq stag only ccc 
Apr 27 03:41:21 stmartin kernel: [    0.489063] scsi host0: ahci
Apr 27 03:41:21 stmartin kernel: [    0.490036] scsi host1: ahci
Apr 27 03:41:21 stmartin kernel: [    0.492071] ata1: SATA max UDMA/133 abar m8192@0xf0806000 port 0xf0806100 irq 21
Apr 27 03:41:21 stmartin kernel: [    0.492774] ata2: SATA max UDMA/133 abar m8192@0xf0806000 port 0xf0806180 irq 21
Apr 27 03:41:21 stmartin kernel: [    0.493418] e100: Intel(R) PRO/100 Network Driver, 3.5.24-k2-NAPI
Apr 27 03:41:21 stmartin kernel: [    0.494039] e100: Copyright(c) 1999-2006 Intel Corporation
Apr 27 03:41:21 stmartin kernel: [    0.494527] e1000: Intel(R) PRO/1000 Network Driver - version 7.3.21-k8-NAPI
Apr 27 03:41:21 stmartin kernel: [    0.495136] e1000: Copyright (c) 1999-2006 Intel Corporation.
Apr 27 03:41:21 stmartin kernel: [    0.804326] ata1: SATA link up 3.0 Gbps (SStatus 123 SControl 300)
Apr 27 03:41:21 stmartin kernel: [    0.805150] ata1.00: ATA-6: VBOX HARDDISK, 1.0, max UDMA/133
Apr 27 03:41:21 stmartin kernel: [    0.805770] ata1.00: 54525952 sectors, multi 128: LBA48 NCQ (depth 32)
Apr 27 03:41:21 stmartin kernel: [    0.806721] ata1.00: configured for UDMA/133
Apr 27 03:41:21 stmartin kernel: [    0.807439] scsi 0:0:0:0: Direct-Access     ATA      VBOX HARDDISK    1.0  PQ: 0 ANSI: 5
Apr 27 03:41:21 stmartin kernel: [    0.808436] sd 0:0:0:0: [sda] 54525952 512-byte logical blocks: (27.9 GB/26.0 GiB)
Apr 27 03:41:21 stmartin kernel: [    0.809166] sd 0:0:0:0: Attached scsi generic sg0 type 0
Apr 27 03:41:21 stmartin kernel: [    0.809814] sd 0:0:0:0: [sda] Write Protect is off
Apr 27 03:41:21 stmartin kernel: [    0.810375] sd 0:0:0:0: [sda] Mode Sense: 00 3a 00 00
Apr 27 03:41:21 stmartin kernel: [    0.810471] sd 0:0:0:0: [sda] Write cache: enabled, read cache: enabled, doesn't support DPO or FUA
Apr 27 03:41:21 stmartin kernel: [    0.817506]  sda: sda1 sda2 sda3
Apr 27 03:41:21 stmartin kernel: [    0.818833] sd 0:0:0:0: [sda] Attached SCSI disk
Apr 27 03:41:21 stmartin kernel: [    0.936623] e1000 0000:00:03.0 eth0: (PCI:33MHz:32-bit) 08:00:27:3d:0a:87
Apr 27 03:41:21 stmartin kernel: [    0.937124] e1000 0000:00:03.0 eth0: Intel(R) PRO/1000 Network Connection
Apr 27 03:41:21 stmartin kernel: [    0.937790] e1000e: Intel(R) PRO/1000 Network Driver - 3.2.6-k
Apr 27 03:41:21 stmartin kernel: [    0.938233] e1000e: Copyright(c) 1999 - 2015 Intel Corporation.
Apr 27 03:41:21 stmartin kernel: [    0.938778] sky2: driver version 1.30
Apr 27 03:41:21 stmartin kernel: [    0.939426] ehci_hcd: USB 2.0 'Enhanced' Host Controller (EHCI) Driver
Apr 27 03:41:21 stmartin kernel: [    0.940057] ehci-pci: EHCI PCI platform driver
Apr 27 03:41:21 stmartin kernel: [    0.941131] ehci-pci 0000:00:0b.0: EHCI Host Controller
Apr 27 03:41:21 stmartin kernel: [    0.941879] ehci-pci 0000:00:0b.0: new USB bus registered, assigned bus number 1
Apr 27 03:41:21 stmartin kernel: [    0.944965] ehci-pci 0000:00:0b.0: irq 19, io mem 0xf0805000
Apr 27 03:41:21 stmartin kernel: [    0.952777] ehci-pci 0000:00:0b.0: USB 2.0 started, EHCI 1.00
Apr 27 03:41:21 stmartin kernel: [    0.953364] usb usb1: New USB device found, idVendor=1d6b, idProduct=0002, bcdDevice= 4.20
Apr 27 03:41:21 stmartin kernel: [    0.954458] usb usb1: New USB device strings: Mfr=3, Product=2, SerialNumber=1
Apr 27 03:41:21 stmartin kernel: [    0.955338] usb usb1: Product: EHCI Host Controller
Apr 27 03:41:21 stmartin kernel: [    0.955882] usb usb1: Manufacturer: Linux 4.20.12 ehci_hcd
Apr 27 03:41:21 stmartin kernel: [    0.956378] usb usb1: SerialNumber: 0000:00:0b.0
Apr 27 03:41:21 stmartin kernel: [    0.957119] hub 1-0:1.0: USB hub found
Apr 27 03:41:21 stmartin kernel: [    0.957725] hub 1-0:1.0: 12 ports detected
Apr 27 03:41:21 stmartin kernel: [    0.958412] ohci_hcd: USB 1.1 'Open' Host Controller (OHCI) Driver
Apr 27 03:41:21 stmartin kernel: [    0.959010] ohci-pci: OHCI PCI platform driver
Apr 27 03:41:21 stmartin kernel: [    0.960083] ohci-pci 0000:00:06.0: OHCI PCI host controller
Apr 27 03:41:21 stmartin kernel: [    0.960915] ohci-pci 0000:00:06.0: new USB bus registered, assigned bus number 2
Apr 27 03:41:21 stmartin kernel: [    0.961584] ohci-pci 0000:00:06.0: irq 22, io mem 0xf0804000
Apr 27 03:41:21 stmartin kernel: [    1.015240] usb usb2: New USB device found, idVendor=1d6b, idProduct=0001, bcdDevice= 4.20
Apr 27 03:41:21 stmartin kernel: [    1.015898] usb usb2: New USB device strings: Mfr=3, Product=2, SerialNumber=1
Apr 27 03:41:21 stmartin kernel: [    1.016493] usb usb2: Product: OHCI PCI host controller
Apr 27 03:41:21 stmartin kernel: [    1.017076] usb usb2: Manufacturer: Linux 4.20.12 ohci_hcd
Apr 27 03:41:21 stmartin kernel: [    1.017551] usb usb2: SerialNumber: 0000:00:06.0
Apr 27 03:41:21 stmartin kernel: [    1.018331] hub 2-0:1.0: USB hub found
Apr 27 03:41:21 stmartin kernel: [    1.018814] hub 2-0:1.0: 12 ports detected
Apr 27 03:41:21 stmartin kernel: [    1.019810] uhci_hcd: USB Universal Host Controller Interface driver
Apr 27 03:41:21 stmartin kernel: [    1.020351] usbcore: registered new interface driver usblp
Apr 27 03:41:21 stmartin kernel: [    1.020872] usbcore: registered new interface driver usb-storage
Apr 27 03:41:21 stmartin kernel: [    1.021532] i8042: PNP: PS/2 Controller [PNP0303:PS2K,PNP0f03:PS2M] at 0x60,0x64 irq 1,12
Apr 27 03:41:21 stmartin kernel: [    1.022843] serio: i8042 KBD port at 0x60,0x64 irq 1
Apr 27 03:41:21 stmartin kernel: [    1.023392] serio: i8042 AUX port at 0x60,0x64 irq 12
Apr 27 03:41:21 stmartin kernel: [    1.024764] input: AT Translated Set 2 keyboard as /devices/platform/i8042/serio0/input/input3
Apr 27 03:41:21 stmartin kernel: [    1.025724] rtc_cmos rtc_cmos: registered as rtc0
Apr 27 03:41:21 stmartin kernel: [    1.026315] rtc_cmos rtc_cmos: alarms up to one day, 114 bytes nvram
Apr 27 03:41:21 stmartin kernel: [    1.027117] device-mapper: ioctl: 4.39.0-ioctl (2018-04-03) initialised: dm-devel@redhat.com
Apr 27 03:41:21 stmartin kernel: [    1.027961] hidraw: raw HID events driver (C) Jiri Kosina
Apr 27 03:41:21 stmartin kernel: [    1.028688] usbcore: registered new interface driver usbhid
Apr 27 03:41:21 stmartin kernel: [    1.029317] usbhid: USB HID core driver
Apr 27 03:41:21 stmartin kernel: [    1.031238] Initializing XFRM netlink socket
Apr 27 03:41:21 stmartin kernel: [    1.031828] NET: Registered protocol family 10
Apr 27 03:41:21 stmartin kernel: [    1.032793] Segment Routing with IPv6
Apr 27 03:41:21 stmartin kernel: [    1.033893] sit: IPv6, IPv4 and MPLS over IPv4 tunneling driver
Apr 27 03:41:21 stmartin kernel: [    1.034527] NET: Registered protocol family 17
Apr 27 03:41:21 stmartin kernel: [    1.034867] Key type dns_resolver registered
Apr 27 03:41:21 stmartin kernel: [    1.035923] sched_clock: Marking stable (982537861, 53329040)->(1150847237, -114980336)
Apr 27 03:41:21 stmartin kernel: [    1.039944] registered taskstats version 1
Apr 27 03:41:21 stmartin kernel: [    1.040334] Loading compiled-in X.509 certificates
Apr 27 03:41:21 stmartin kernel: [    1.040890]   Magic number: 15:252:661
Apr 27 03:41:21 stmartin kernel: [    1.041359] platform PNP0C0A:00: hash matches
Apr 27 03:41:21 stmartin kernel: [    1.041696] battery PNP0C0A:00: hash matches
Apr 27 03:41:21 stmartin kernel: [    1.042122] printk: console [netcon0] enabled
Apr 27 03:41:21 stmartin kernel: [    1.042622] netconsole: network logging started
Apr 27 03:41:21 stmartin kernel: [    1.043155] cfg80211: Loading compiled-in X.509 certificates for regulatory database
Apr 27 03:41:21 stmartin kernel: [    1.045462] cfg80211: Loaded X.509 cert 'sforshee: 00b28ddf47aef9cea7'
Apr 27 03:41:21 stmartin kernel: [    1.045869] ALSA device list:
Apr 27 03:41:21 stmartin kernel: [    1.046334]   No soundcards found.
Apr 27 03:41:21 stmartin kernel: [    1.046741] platform regulatory.0: Direct firmware load for regulatory.db failed with error -2
Apr 27 03:41:21 stmartin kernel: [    1.047683] cfg80211: failed to load regulatory.db
Apr 27 03:41:21 stmartin kernel: [    1.122695] ata2: SATA link down (SStatus 0 SControl 300)
Apr 27 03:41:21 stmartin kernel: [    1.240491] input: ImExPS/2 Generic Explorer Mouse as /devices/platform/i8042/serio1/input/input5
Apr 27 03:41:21 stmartin kernel: [    1.241614] md: Waiting for all devices to be available before autodetect
Apr 27 03:41:21 stmartin kernel: [    1.242187] md: If you don't use raid, use raid=noautodetect
Apr 27 03:41:21 stmartin kernel: [    1.242970] md: Autodetecting RAID arrays.
Apr 27 03:41:21 stmartin kernel: [    1.243479] md: autorun ...
Apr 27 03:41:21 stmartin kernel: [    1.243908] md: ... autorun DONE.
Apr 27 03:41:21 stmartin kernel: [    1.252767] EXT4-fs (sda2): INFO: recovery required on readonly filesystem
Apr 27 03:41:21 stmartin kernel: [    1.253180] EXT4-fs (sda2): write access will be enabled during recovery
Apr 27 03:41:21 stmartin kernel: [    1.288419] random: fast init done
Apr 27 03:41:21 stmartin kernel: [    1.305859] EXT4-fs (sda2): recovery complete
Apr 27 03:41:21 stmartin kernel: [    1.307277] EXT4-fs (sda2): mounted filesystem with ordered data mode. Opts: (null)
Apr 27 03:41:21 stmartin kernel: [    1.307885] VFS: Mounted root (ext4 filesystem) readonly on device 8:2.
Apr 27 03:41:21 stmartin kernel: [    1.308596] devtmpfs: mounted
Apr 27 03:41:21 stmartin kernel: [    1.309360] Freeing unused kernel image memory: 1256K
Apr 27 03:41:21 stmartin kernel: [    1.315163] Write protecting the kernel read-only data: 20480k
Apr 27 03:41:21 stmartin kernel: [    1.317038] Freeing unused kernel image memory: 2008K
Apr 27 03:41:21 stmartin kernel: [    1.318037] Freeing unused kernel image memory: 952K
Apr 27 03:41:21 stmartin kernel: [    1.318757] Run /sbin/init as init process
Apr 27 03:41:21 stmartin kernel: [    1.391203] stty (122) used greatest stack depth: 13472 bytes left
Apr 27 03:41:21 stmartin kernel: [    1.407244] usb 2-1: new full-speed USB device number 2 using ohci-pci
Apr 27 03:41:21 stmartin kernel: [    1.493115] tsc: Refined TSC clocksource calibration: 2592.001 MHz
Apr 27 03:41:21 stmartin kernel: [    1.493697] clocksource: tsc: mask: 0xffffffffffffffff max_cycles: 0x255cb7d21a7, max_idle_ns: 440795311043 ns
Apr 27 03:41:21 stmartin kernel: [    1.495452] clocksource: Switched to clocksource tsc
Apr 27 03:41:21 stmartin kernel: [    1.520959] ip (175) used greatest stack depth: 11880 bytes left
Apr 27 03:41:21 stmartin kernel: <30>[    1.558293] udevd[200]: starting version 3.2.7
Apr 27 03:41:21 stmartin kernel: [    1.564484] random: udevd: uninitialized urandom read (16 bytes read)
Apr 27 03:41:21 stmartin kernel: [    1.565151] random: udevd: uninitialized urandom read (16 bytes read)
Apr 27 03:41:21 stmartin kernel: [    1.565817] random: udevd: uninitialized urandom read (16 bytes read)
Apr 27 03:41:21 stmartin kernel: <30>[    1.578267] udevd[201]: starting eudev-3.2.7
Apr 27 03:41:21 stmartin kernel: [    1.642264] e1000 0000:00:03.0 enp0s3: renamed from eth0
Apr 27 03:41:21 stmartin kernel: [    1.660578] usb 2-1: New USB device found, idVendor=80ee, idProduct=0021, bcdDevice= 1.00
Apr 27 03:41:21 stmartin kernel: [    1.671850] usb 2-1: New USB device strings: Mfr=1, Product=3, SerialNumber=0
Apr 27 03:41:21 stmartin kernel: [    1.672579] usb 2-1: Product: USB Tablet
Apr 27 03:41:21 stmartin kernel: [    1.673170] usb 2-1: Manufacturer: VirtualBox
Apr 27 03:41:21 stmartin kernel: [    1.699337] input: VirtualBox USB Tablet as /devices/pci0000:00/0000:00:06.0/usb2/2-1/2-1:1.0/0003:80EE:0021.0001/input/input6
Apr 27 03:41:21 stmartin kernel: [    1.701901] hid-generic 0003:80EE:0021.0001: input,hidraw0: USB HID v1.10 Mouse [VirtualBox USB Tablet] on usb-0000:00:06.0-1/input0
Apr 27 03:41:21 stmartin kernel: [    2.330961] Adding 2120700k swap on /dev/sda3.  Priority:1 extents:1 across:2120700k 
Apr 27 03:41:21 stmartin kernel: [    2.348752] EXT4-fs (sda2): re-mounted. Opts: (null)
Apr 27 03:41:21 stmartin kernel: [    2.391593] EXT4-fs (sda2): re-mounted. Opts: (null)
Apr 27 03:41:21 stmartin kernel: [    2.410218] EXT4-fs (sda1): mounting ext2 file system using the ext4 subsystem
Apr 27 03:41:21 stmartin kernel: [    2.413764] EXT4-fs (sda1): warning: mounting unchecked fs, running e2fsck is recommended
Apr 27 03:41:21 stmartin kernel: [    2.414936] EXT4-fs (sda1): mounted filesystem without journal. Opts: (null)
Apr 27 03:41:21 stmartin kernel: [    3.409177] random: crng init done
Apr 27 03:41:21 stmartin kernel: [    3.409587] random: 4 urandom warning(s) missed due to ratelimiting
Apr 27 03:41:21 stmartin kernel: [    3.456293] hrtimer: interrupt took 6323769 ns
Apr 27 03:41:21 stmartin kernel: [    3.515575] IPv6: ADDRCONF(NETDEV_UP): enp0s3: link is not ready
Apr 27 03:41:21 stmartin kernel: [    3.516527] e1000: enp0s3 NIC Link is Up 1000 Mbps Full Duplex, Flow Control: RX
Apr 27 03:41:21 stmartin kernel: [    3.517440] IPv6: ADDRCONF(NETDEV_CHANGE): enp0s3: link becomes ready
Apr 27 08:47:57 stmartin kernel: [18399.556022] ICMPv6: process `grep' is using deprecated sysctl (syscall) net.ipv6.neigh.default.base_reachable_time - use net.ipv6.neigh.default.base_reachable_time_ms instead
Apr 27 10:25:10 stmartin kernel: [24233.105970] df (3164) used greatest stack depth: 11800 bytes left
Apr 27 10:48:23 stmartin kernel: [25625.271885] df (6165) used greatest stack depth: 11784 bytes left
Apr 27 10:49:30 stmartin kernel: [25692.702784] df (6264) used greatest stack depth: 11672 bytes left
Apr 27 11:20:08 stmartin kernel: [27530.387821] kworker/dying (31368) used greatest stack depth: 11064 bytes left
Apr 27 11:56:00 stmartin kernel: [29663.183929] sh invoked oom-killer: gfp_mask=0x6200ca(GFP_HIGHUSER_MOVABLE), nodemask=(null), order=0, oom_score_adj=0
Apr 27 11:56:00 stmartin kernel: [29663.199532] sh cpuset=/ mems_allowed=0
Apr 27 11:56:00 stmartin kernel: [29663.200038] CPU: 3 PID: 5322 Comm: sh Not tainted 4.20.12 #1
Apr 27 11:56:00 stmartin kernel: [29663.200569] Hardware name: innotek GmbH VirtualBox/VirtualBox, BIOS VirtualBox 12/01/2006
Apr 27 11:56:00 stmartin kernel: [29663.201229] Call Trace:
Apr 27 11:56:00 stmartin kernel: [29663.201688]  dump_stack+0x4d/0x6a
Apr 27 11:56:00 stmartin kernel: [29663.202151]  dump_header.isra.32+0x60/0x23e
Apr 27 11:56:00 stmartin kernel: [29663.202668]  oom_kill_process.cold.38+0x8/0x349
Apr 27 11:56:00 stmartin kernel: [29663.203183]  ? find_lock_task_mm+0x31/0x70
Apr 27 11:56:00 stmartin kernel: [29663.203809]  out_of_memory+0x18f/0x510
Apr 27 11:56:00 stmartin kernel: [29663.204263]  __alloc_pages_slowpath+0xc97/0xd70
Apr 27 11:56:00 stmartin kernel: [29663.204848]  __alloc_pages_nodemask+0x24a/0x270
Apr 27 11:56:00 stmartin kernel: [29663.205326]  alloc_pages_vma+0xcb/0x170
Apr 27 11:56:00 stmartin kernel: [29663.205800]  wp_page_copy+0x74/0x550
Apr 27 11:56:00 stmartin kernel: [29663.206249]  do_wp_page+0x8a/0x430
Apr 27 11:56:00 stmartin kernel: [29663.206750]  __handle_mm_fault+0x63c/0xb00
Apr 27 11:56:00 stmartin kernel: [29663.207214]  handle_mm_fault+0x5d/0xf0
Apr 27 11:56:00 stmartin kernel: [29663.207803]  __do_page_fault+0x269/0x4b0
Apr 27 11:56:00 stmartin kernel: [29663.208263]  do_page_fault+0x28/0xe0
Apr 27 11:56:00 stmartin kernel: [29663.208876]  page_fault+0x1e/0x30
Apr 27 11:56:00 stmartin kernel: [29663.209319] RIP: 0010:__put_user_4+0x1c/0x30
Apr 27 11:56:00 stmartin kernel: [29663.209994] Code: 1f 00 c3 66 66 2e 0f 1f 84 00 00 00 00 00 65 48 8b 1c 25 40 4d 01 00 48 8b 9b d8 09 00 00 48 83 eb 03 48 39 d9 73 3c 0f 1f 00 <89> 01 31 c0 0f 1f 00 c3 66 66 2e 0f 1f 84 00 00 00 00 00 90 65 48
Apr 27 11:56:00 stmartin kernel: [29663.211131] RSP: 0000:ffffb1cc0152bf38 EFLAGS: 00010293
Apr 27 11:56:00 stmartin kernel: [29663.211672] RAX: 00000000000014ca RBX: 00007fffffffeffd RCX: 00007f94703bb210
Apr 27 11:56:00 stmartin kernel: [29663.212239] RDX: ffffffffb80414c0 RSI: 0000000000000000 RDI: ffffa26a0e91ec00
Apr 27 11:56:00 stmartin kernel: [29663.212931] RBP: ffffb1cc0152bf48 R08: 0000000000000000 R09: 000000000016d814
Apr 27 11:56:00 stmartin kernel: [29663.213822] R10: 00000000001786fe R11: 000000000000282b R12: 0000000000000000
Apr 27 11:56:00 stmartin kernel: [29663.214394] R13: 0000000000000000 R14: 0000000000000000 R15: 0000000000000000
Apr 27 11:56:00 stmartin kernel: [29663.215054]  ? schedule_tail+0x3f/0x60
Apr 27 11:56:00 stmartin kernel: [29663.215563]  ret_from_fork+0x8/0x40
Apr 27 11:56:00 stmartin kernel: [29663.216113] RIP: 0033:0x7f9470481d6e
Apr 27 11:56:00 stmartin kernel: [29663.216970] Code: Bad RIP value.
Apr 27 11:56:00 stmartin kernel: [29663.217422] RSP: 002b:00007ffd146c73d0 EFLAGS: 00000246 ORIG_RAX: 0000000000000038
Apr 27 11:56:00 stmartin kernel: [29663.218186] RAX: 0000000000000000 RBX: 0000000000000000 RCX: 00007f9470481d6e
Apr 27 11:56:00 stmartin kernel: [29663.219056] RDX: 0000000000000000 RSI: 0000000000000000 RDI: 0000000001200011
Apr 27 11:56:00 stmartin kernel: [29663.219706] RBP: 0000000000000001 R08: 0000000000000000 R09: 00007f94703baf40
Apr 27 11:56:00 stmartin kernel: [29663.220207] R10: 00007f94703bb210 R11: 0000000000000246 R12: 00000000ffffffff
Apr 27 11:56:00 stmartin kernel: [29663.220845] R13: 0000000000000000 R14: 0000000001436eb0 R15: 0000000000000003
Apr 27 11:56:00 stmartin kernel: [29663.221536] Mem-Info:
Apr 27 11:56:00 stmartin kernel: [29663.221957] active_anon:779984 inactive_anon:156040 isolated_anon:0
Apr 27 11:56:00 stmartin kernel: [29663.221957]  active_file:2 inactive_file:0 isolated_file:0
Apr 27 11:56:00 stmartin kernel: [29663.221957]  unevictable:0 dirty:0 writeback:0 unstable:0
Apr 27 11:56:00 stmartin kernel: [29663.221957]  slab_reclaimable:5165 slab_unreclaimable:16731
Apr 27 11:56:00 stmartin kernel: [29663.221957]  mapped:5 shmem:0 pagetables:18854 bounce:0
Apr 27 11:56:00 stmartin kernel: [29663.221957]  free:6283 free_pcp:302 free_cma:0
Apr 27 11:56:00 stmartin kernel: [29663.223746] Node 0 active_anon:3119936kB inactive_anon:624160kB active_file:8kB inactive_file:0kB unevictable:0kB isolated(anon):0kB isolated(file):0kB mapped:20kB dirty:0kB writeback:0kB shmem:0kB writeback_tmp:0kB unstable:0kB all_unreclaimable? yes
Apr 27 11:56:00 stmartin kernel: [29663.224633] Node 0 DMA free:15744kB min:28kB low:40kB high:52kB active_anon:152kB inactive_anon:8kB active_file:0kB inactive_file:0kB unevictable:0kB writepending:0kB present:15992kB managed:15908kB mlocked:0kB kernel_stack:0kB pagetables:4kB bounce:0kB free_pcp:0kB local_pcp:0kB free_cma:0kB
Apr 27 11:56:00 stmartin kernel: [29663.225628] lowmem_reserve[]: 0 3484 3930 3930
Apr 27 11:56:00 stmartin kernel: [29663.226102] Node 0 DMA32 free:8596kB min:7092kB low:10652kB high:14212kB active_anon:2871772kB inactive_anon:459004kB active_file:8kB inactive_file:184kB unevictable:0kB writepending:0kB present:3653568kB managed:3567660kB mlocked:0kB kernel_stack:30332kB pagetables:71176kB bounce:0kB free_pcp:1064kB local_pcp:728kB free_cma:0kB
Apr 27 11:56:00 stmartin kernel: [29663.228117] lowmem_reserve[]: 0 0 446 446
Apr 27 11:56:00 stmartin kernel: [29663.228602] Node 0 Normal free:792kB min:908kB low:1364kB high:1820kB active_anon:248488kB inactive_anon:165184kB active_file:12kB inactive_file:36kB unevictable:0kB writepending:0kB present:524288kB managed:457544kB mlocked:0kB kernel_stack:2196kB pagetables:4236kB bounce:0kB free_pcp:144kB local_pcp:0kB free_cma:0kB
Apr 27 11:56:00 stmartin kernel: [29663.230089] lowmem_reserve[]: 0 0 0 0
Apr 27 11:56:00 stmartin kernel: [29663.230814] Node 0 DMA: 2*4kB (M) 1*8kB (M) 1*16kB (M) 1*32kB (U) 3*64kB (UM) 1*128kB (U) 2*256kB (UM) 1*512kB (M) 2*1024kB (UM) 0*2048kB 3*4096kB (ME) = 15744kB
Apr 27 11:56:00 stmartin kernel: [29663.232729] Node 0 DMA32: 174*4kB (ME) 114*8kB (UM) 32*16kB (UM) 216*32kB (UME) 0*64kB 0*128kB 0*256kB 0*512kB 0*1024kB 0*2048kB 0*4096kB = 9032kB
Apr 27 11:56:00 stmartin kernel: [29663.233845] Node 0 Normal: 9*4kB (UME) 81*8kB (UM) 7*16kB (U) 0*32kB 0*64kB 0*128kB 0*256kB 0*512kB 0*1024kB 0*2048kB 0*4096kB = 796kB
Apr 27 11:56:00 stmartin kernel: [29663.234886] Node 0 hugepages_total=0 hugepages_free=0 hugepages_surp=0 hugepages_size=2048kB
Apr 27 11:56:00 stmartin kernel: [29663.235686] 1006 total pagecache pages
Apr 27 11:56:00 stmartin kernel: [29663.236143] 931 pages in swap cache
Apr 27 11:56:00 stmartin kernel: [29663.236653] Swap cache stats: add 4834303, delete 4833123, find 1251508/2202145
Apr 27 11:56:00 stmartin kernel: [29663.237284] Free swap  = 0kB
Apr 27 11:56:00 stmartin kernel: [29663.237966] Total swap = 2120700kB
Apr 27 11:56:00 stmartin kernel: [29663.238516] 1048462 pages RAM
Apr 27 11:56:00 stmartin kernel: [29663.238970] 0 pages HighMem/MovableOnly
Apr 27 11:56:00 stmartin kernel: [29663.239451] 38184 pages reserved
Apr 27 11:56:00 stmartin kernel: [29663.239888] Tasks state (memory values in pages):
Apr 27 11:56:00 stmartin kernel: [29663.240362] [  pid  ]   uid  tgid total_vm      rss pgtables_bytes swapents oom_score_adj name
Apr 27 11:56:00 stmartin kernel: [29663.241125] [    201]     0   201     2958        1    53248      248         -1000 udevd
Apr 27 11:56:00 stmartin kernel: [29663.241717] [    367]     0   367      596        4    40960       29             0 syslogd
Apr 27 11:56:00 stmartin kernel: [29663.242377] [    387]     0   387     1207        0    45056      665             0 klogd
Apr 27 11:56:00 stmartin kernel: [29663.243393] [    464]    18   464      842        0    40960       46             0 dbus-daemon
Apr 27 11:56:00 stmartin kernel: [29663.244502] [    478]     0   478     1678        8    53248      117           -16 sshd
Apr 27 11:56:00 stmartin kernel: [29663.245160] [    488]     0   488    53983        0    49152       29             0 agetty
Apr 27 11:56:00 stmartin kernel: [29663.245889] [    489]     0   489    53983        0    45056       28             0 agetty
Apr 27 11:56:00 stmartin kernel: [29663.246739] [    490]     0   490    53983        0    53248       28             0 agetty
Apr 27 11:56:00 stmartin kernel: [29663.247658] [    491]     0   491    53983        0    45056       28             0 agetty
Apr 27 11:56:00 stmartin kernel: [29663.248326] [    492]     0   492    53983        0    45056       28             0 agetty
Apr 27 11:56:00 stmartin kernel: [29663.249160] [    493]     0   493    53983        0    49152       28             0 agetty
Apr 27 11:56:00 stmartin kernel: [29663.249953] [    503]     0   503     1705       10    57344      125             0 sshd
Apr 27 11:56:00 stmartin kernel: [29663.250688] [    505]     0   505    54508        1    57344      177             0 bash
Apr 27 11:56:00 stmartin kernel: [29663.251336] [    510]     0   510    54563        1    57344      238             0 bash
Apr 27 11:56:00 stmartin kernel: [29663.252150] [  28980]     0 28980    54533       35    61440      173             0 bash
Apr 27 11:56:00 stmartin kernel: [29663.252939] [   7307]     0  7307    54076        0    49152      111             0 make
Apr 27 11:56:00 stmartin kernel: [29663.253694] [   7310]     0  7310    54076        0    53248      112             0 make
Apr 27 11:56:00 stmartin kernel: [29663.254380] [   7311]     0  7311    54456        1    53248      151             0 sh
Apr 27 11:56:00 stmartin kernel: [29663.255107] [  15632]     0 15632    54456        0    49152      151             0 sh
Apr 27 11:56:00 stmartin kernel: [29663.255806] [  15633]     0 15633    57231        1    77824     3279             0 make
Apr 27 11:56:00 stmartin kernel: [29663.256852] [  15639]     0 15639    64231     1738   126976     8513             0 make
Apr 27 11:56:00 stmartin kernel: [29663.258062] [  15654]     0 15654    54422        1    53248      122             0 sh
Apr 27 11:56:00 stmartin kernel: [29663.258860] [  15655]     0 15655    54422        1    49152      123             0 sh
Apr 27 11:56:00 stmartin kernel: [29663.259875] [  15656]     0 15656    54422        1    49152      122             0 sh
Apr 27 11:56:00 stmartin kernel: [29663.260844] [  15658]     0 15658    54422        1    53248      122             0 sh
Apr 27 11:56:00 stmartin kernel: [29663.261559] [  15661]     0 15661    54422        1    53248      122             0 sh
Apr 27 11:56:00 stmartin kernel: [29663.268760] [  15662]     0 15662    54748        1    57344      450             0 sh
Apr 27 11:56:00 stmartin kernel: [29663.269465] [  15663]     0 15663    54748        1    61440      452             0 sh
Apr 27 11:56:00 stmartin kernel: [29663.270117] [  15664]     0 15664    54748        1    57344      447             0 sh
Apr 27 11:56:00 stmartin kernel: [29663.270814] [  15666]     0 15666    54422        1    57344      123             0 sh
Apr 27 11:56:00 stmartin kernel: [29663.271640] [  15668]     0 15668    54748        1    57344      448             0 sh
Apr 27 11:56:00 stmartin kernel: [29663.272295] [  15669]     0 15669    54422        1    57344      122             0 sh
Apr 27 11:56:00 stmartin kernel: [29663.273045] [  15677]     0 15677    54748        1    57344      447             0 sh
Apr 27 11:56:00 stmartin kernel: [29663.273829] [  15678]     0 15678    54422        1    53248      123             0 sh
Apr 27 11:56:00 stmartin kernel: [29663.274736] [  15682]     0 15682    54748        1    65536      450             0 sh
Apr 27 11:56:00 stmartin kernel: [29663.275500] [  15684]     0 15684    54422        1    53248      122             0 sh
Apr 27 11:56:00 stmartin kernel: [29663.276351] [  15696]     0 15696    54422        1    49152      122             0 sh
Apr 27 11:56:00 stmartin kernel: [29663.277071] [  15697]     0 15697    54749        1    57344      450             0 sh
Apr 27 11:56:00 stmartin kernel: [29663.277781] [  15698]     0 15698    54748        1    57344      449             0 sh
Apr 27 11:56:00 stmartin kernel: [29663.278466] [  15703]     0 15703    54422        1    49152      122             0 sh
Apr 27 11:56:00 stmartin kernel: [29663.279106] [  15713]     0 15713    54749        1    61440      448             0 sh
